03-04 20:58:51.502  1472  2198 D PowerUI : can't show warning due to - plugged: true status unknown: false
03-04 20:59:05.096   931  5114 I chatty  : uid=1000(system) Binder:931_18 expire 2 lines
03-04 20:59:07.843  1472  2198 D PowerUI : can't show warning due to - plugged: true status unknown: false
03-04 20:59:07.908   931  5939 I chatty  : uid=1000(system) Binder:931_1D expire 2 lines
03-04 20:59:10.023  1472  2198 D PowerUI : can't show warning due to - plugged: true status unknown: false
03-04 20:59:11.472   931  1389 I chatty  : uid=1000(system) ConnectivitySer expire 10 lines
03-04 20:59:27.745  1472  2198 D PowerUI : can't show warning due to - plugged: true status unknown: false
03-04 20:59:27.753   931  3329 I chatty  : uid=1000(system) Binder:931_17 expire 3 lines
03-04 20:59:29.734   931  1938 I chatty  : uid=1000(system) Binder:931_9 expire 2 lines
03-04 20:59:29.740   931  1630 I chatty  : uid=1000(system) Binder:931_6 expire 6 lines
03-04 20:59:34.759   931  1022 I chatty  : uid=1000(system) ActivityManager expire 13 lines
03-04 20:59:34.824  1472  2198 D PowerUI : can't show warning due to - plugged: true status unknown: false
03-04 20:59:44.461  1472  2198 D PowerUI : can't show warning due to - plugged: true status unknown: false
03-04 20:59:50.570   931  1046 I chatty  : uid=1000(system) PowerManagerSer expire 8 lines
03-04 20:59:50.759  1472  2198 D PowerUI : can't show warning due to - plugged: true status unknown: false
03-04 20:59:51.170  1472  2198 D PowerUI : can't show warning due to - plugged: true status unknown: false
03-04 20:59:52.015  1472  2198 D PowerUI : can't show warning due to - plugged: true status unknown: false
03-04 20:59:53.506  1472  2198 D PowerUI : can't show warning due to - plugged: true status unknown: false
03-04 20:59:54.191   931   931 I chatty  : uid=1000 system_server expire 5 lines
03-04 20:59:57.129  1472  2198 D PowerUI : can't show warning due to - plugged: true status unknown: false
03-04 20:59:59.103  1472  2198 D PowerUI : can't show warning due to - plugged: true status unknown: false
03-04 20:59:59.416   931  2211 I chatty  : uid=1000(system) AdbDebuggingMan expire 2 lines
03-04 20:59:59.448   931  1313 I chatty  : uid=1000(system) HwBinder:931_2 expire 2 lines
03-04 20:59:59.450  1472  2198 D PowerUI : can't show warning due to - plugged: true status unknown: false
03-04 20:59:59.575   931  1034 I chatty  : uid=1000(system) batterystats-wo expire 3 lines
03-04 21:00:00.993   931  1629 I chatty  : uid=1000(system) Binder:931_5 expire 1 line
03-04 21:00:32.345   931  1008 I chatty  : uid=1000(system) android.anim expire 2 lines
03-04 21:00:33.568   931  1004 I chatty  : uid=1000(system) android.io expire 1 line
03-04 21:00:33.658  1472  2198 D PowerUI : can't show warning due to - plugged: true status unknown: false
03-04 21:00:34.909   931  2137 I chatty  : uid=1000(system) HwBinder:931_5 expire 2 lines
03-04 21:00:36.319  1472  2198 D PowerUI : can't show warning due to - plugged: true status unknown: false
03-04 21:00:42.554  1472  2198 I chatty  : uid=10021(com.android.systemui) pool-6-thread-1 identical 1 line
03-04 21:00:42.608  1472  2198 D PowerUI : can't show warning due to - plugged: true status unknown: false
03-04 21:00:49.395   931  5865 I chatty  : uid=1000(system) Binder:931_1B expire 1 line
03-04 21:00:50.457   931  1022 I chatty  : uid=1000(system) ActivityManager expire 3 lines
03-04 21:00:50.460   931  1080 I chatty  : uid=1000(system) PackageManager expire 78 lines
03-04 21:00:50.762   931  1002 I chatty  : uid=1000(system) android.ui expire 2 lines
03-04 21:00:50.769   931  1007 I chatty  : uid=1000(system) android.display expire 1 line
03-04 21:00:50.776   931  1002 I chatty  : uid=1000(system) android.ui expire 1 line
03-04 21:00:50.802   931  1080 I chatty  : uid=1000(system) PackageManager expire 1 line
03-04 21:00:50.825   931  1022 I chatty  : uid=1000(system) ActivityManager expire 23 lines
03-04 21:00:50.929   931  1025 I chatty  : uid=1000(system) ActivityManager expire 10 lines
03-04 21:00:51.043   931   931 I chatty  : uid=1000 system_server expire 13 lines
03-04 21:00:51.177   931   999 I chatty  : uid=1000(system) android.fg expire 8 lines
03-04 21:00:51.327   931  3325 I chatty  : uid=1000(system) Binder:931_15 expire 1 line
03-04 21:00:51.396  1472  2198 D PowerUI : can't show warning due to - plugged: true status unknown: false
03-04 21:00:51.565   931   966 I chatty  : uid=1000(system) Binder:931_1 expire 5 lines
03-04 21:00:57.037  1472  2198 D PowerUI : can't show warning due to - plugged: true status unknown: false
03-04 21:01:12.683   931  1630 I chatty  : uid=1000(system) Binder:931_6 expire 9 lines
03-04 21:01:12.807   931  3329 I chatty  : uid=1000(system) Binder:931_17 expire 1 line
03-04 21:01:12.807   931  5114 I chatty  : uid=1000(system) Binder:931_18 expire 24 lines
03-04 21:01:12.810   931  1389 I chatty  : uid=1000(system) ConnectivitySer expire 10 lines
03-04 21:01:14.105   931  1046 I chatty  : uid=1000(system) PowerManagerSer expire 11 lines
03-04 21:01:20.707   931  1007 I chatty  : uid=1000(system) android.display expire 4 lines
03-04 21:01:21.225   931  2891 I chatty  : uid=1000(system) Binder:931_C expire 7 lines
03-04 21:01:33.581  1472  2198 D PowerUI : can't show warning due to - plugged: true status unknown: false
03-04 21:02:33.589  1472  2198 D PowerUI : can't show warning due to - plugged: true status unknown: false
03-04 21:03:33.616  1472  2198 I chatty  : uid=10021(com.android.systemui) pool-6-thread-1 identical 5 lines
03-04 21:04:33.581  1472  2198 D PowerUI : can't show warning due to - plugged: true status unknown: false
03-04 21:05:33.586  1472  2198 D PowerUI : can't show warning due to - plugged: true status unknown: false
03-04 21:06:33.585  1472  2198 D PowerUI : can't show warning due to - plugged: true status unknown: false
03-04 21:07:33.609  1472  2198 D PowerUI : can't show warning due to - plugged: true status unknown: false
03-04 21:08:06.528  1472  2198 D PowerUI : can't show warning due to - plugged: true status unknown: false
03-04 21:08:30.402   931  1018 I chatty  : uid=1000(system) android.bg expire 2 lines
03-04 21:08:33.616  1472  2198 D PowerUI : can't show warning due to - plugged: true status unknown: false
03-04 21:10:33.586  1472  2198 D PowerUI : can't show warning due to - plugged: true status unknown: false
03-04 21:10:34.183   931  6014 I chatty  : uid=1000(system) Binder:931_1E expire 10 lines
03-04 21:10:36.281   931  6363 I chatty  : uid=1000(system) Binder:931_1F expire 11 lines
03-04 21:10:36.360   931  3315 I chatty  : uid=1000(system) Binder:931_12 expire 7 lines
03-04 21:11:33.577  1472  2198 D PowerUI : can't show warning due to - plugged: true status unknown: false
03-04 21:12:21.404   931  3326 I chatty  : uid=1000(system) Binder:931_16 expire 4 lines
03-04 21:12:21.406   931   931 I chatty  : uid=1000 system_server expire 11 lines
03-04 21:12:21.598  1472  2198 D PowerUI : can't show warning due to - plugged: true status unknown: false
03-04 21:12:21.635   931  1046 I chatty  : uid=1000(system) PowerManagerSer expire 10 lines
03-04 21:12:22.082  1472  2198 D PowerUI : can't show warning due to - plugged: true status unknown: false
03-04 21:12:23.538  1472  2198 D PowerUI : can't show warning due to - plugged: true status unknown: false
03-04 21:12:26.496  1472  2198 D PowerUI : can't show warning due to - plugged: true status unknown: false
03-04 21:12:33.565  1472  2198 D PowerUI : can't show warning due to - plugged: true status unknown: false
03-04 21:12:33.631   931  1046 I chatty  : uid=1000(system) PowerManagerSer expire 2 lines
03-04 21:12:33.833   931  1389 I chatty  : uid=1000(system) ConnectivitySer expire 10 lines
03-04 21:12:34.061   931  5911 I chatty  : uid=1000(system) Binder:931_1C expire 2 lines
03-04 21:12:34.192 15730 15758 D ActivityThread: Loading provider call_log_shadow: com.android.providers.contacts.ShadowCallLogProvider
03-04 21:12:34.213 15730 15730 D ActivityThread: Loading provider contacts;com.android.contacts: com.android.providers.contacts.ContactsProvider2
03-04 21:12:36.357  1472  2198 D PowerUI : can't show warning due to - plugged: true status unknown: false
03-04 21:13:00.474  1472  2198 D PowerUI : can't show warning due to - plugged: true status unknown: false
03-04 21:13:07.614   931  1034 I chatty  : uid=1000(system) batterystats-wo expire 1 line
03-04 21:13:27.633   931  5939 I chatty  : uid=1000(system) Binder:931_1D expire 2 lines
03-04 21:13:27.745   931  1666 I chatty  : uid=1000(system) Binder:931_8 expire 2 lines
03-04 21:13:27.790   931  2948 I chatty  : uid=1000(system) Binder:931_E expire 1 line
03-04 21:13:29.705   931  1257 I chatty  : uid=1000(system) Binder:931_3 expire 4 lines
03-04 21:13:33.583  1472  2198 D PowerUI : can't show warning due to - plugged: true status unknown: false
03-04 21:14:03.883  1472  2198 D PowerUI : can't show warning due to - plugged: true status unknown: false
03-04 21:14:03.974   931  1022 I chatty  : uid=1000(system) ActivityManager expire 4 lines
03-04 21:14:06.903  1472  2198 D PowerUI : can't show warning due to - plugged: true status unknown: false
03-04 21:14:27.845   931  1366 I chatty  : uid=1000(system) Binder:931_4 expire 16 lines
03-04 21:14:29.626   931  5865 I chatty  : uid=1000(system) Binder:931_1B expire 17 lines
03-04 21:14:29.910  1472  2198 D PowerUI : can't show warning due to - plugged: true status unknown: false
03-04 21:14:33.582  1472  2198 D PowerUI : can't show warning due to - plugged: true status unknown: false
03-04 21:15:27.737   931  2862 I chatty  : uid=1000(system) backup-0 expire 2 lines
03-04 21:15:27.738   931 16169 I chatty  : uid=1000 system_server expire 15 lines
03-04 21:15:27.745   931  2947 I chatty  : uid=1000(system) Binder:931_D expire 1 line
03-04 21:15:29.799  1472  2198 D PowerUI : can't show warning due to - plugged: true status unknown: false
03-04 21:15:30.019   931  1389 I chatty  : uid=1000(system) ConnectivitySer expire 10 lines
03-04 21:15:33.561  1472  2198 D PowerUI : can't show warning due to - plugged: true status unknown: false
03-04 21:16:27.740   931   967 I chatty  : uid=1000(system) Binder:931_2 expire 1 line
03-04 21:16:33.584  1472  2198 D PowerUI : can't show warning due to - plugged: true status unknown: false
03-04 21:16:48.954  1472  2198 D PowerUI : can't show warning due to - plugged: true status unknown: false
03-04 21:16:53.766  1472  2198 D PowerUI : can't show warning due to - plugged: true status unknown: false
03-04 21:17:59.315  1472  2198 D PowerUI : can't show warning due to - plugged: true status unknown: false
03-04 21:18:02.477  1472  2198 D PowerUI : can't show warning due to - plugged: true status unknown: false
03-04 21:18:03.137  1472  2198 D PowerUI : can't show warning due to - plugged: true status unknown: false
03-04 21:18:03.274   931   931 I chatty  : uid=1000 system_server expire 4 lines
03-04 21:18:20.048   931  1629 I chatty  : uid=1000(system) Binder:931_5 expire 3 lines
03-04 21:18:28.146  1472  2198 D PowerUI : can't show warning due to - plugged: true status unknown: false
03-04 21:18:33.604  1472  2198 D PowerUI : can't show warning due to - plugged: true status unknown: false
03-04 21:19:27.618   931  1389 I chatty  : uid=1000(system) ConnectivitySer expire 2 lines
03-04 21:19:27.871   931  5865 I chatty  : uid=1000(system) Binder:931_1B expire 10 lines
03-04 21:19:33.564  1472  2198 D PowerUI : can't show warning due to - plugged: true status unknown: false
03-04 21:19:45.184   931  1629 I chatty  : uid=1000(system) Binder:931_5 expire 2 lines
03-04 21:19:45.207   931  1389 I chatty  : uid=1000(system) ConnectivitySer expire 11 lines
03-04 21:19:49.379   931  2884 I chatty  : uid=1000(system) Binder:931_B expire 5 lines
03-04 21:19:49.446   931  5682 I chatty  : uid=1000(system) Binder:931_19 expire 1 line
03-04 21:20:27.643   931  1257 I chatty  : uid=1000(system) Binder:931_3 expire 10 lines
03-04 21:20:28.502  1472  2198 D PowerUI : can't show warning due to - plugged: true status unknown: false
03-04 21:20:29.907  1472  2198 D PowerUI : can't show warning due to - plugged: true status unknown: false
03-04 21:20:33.604  1472  2198 D PowerUI : can't show warning due to - plugged: true status unknown: false
03-04 21:20:55.176  1472  2198 I chatty  : uid=10021(com.android.systemui) pool-6-thread-1 identical 7 lines
03-04 21:21:23.800  1472  2198 D PowerUI : can't show warning due to - plugged: true status unknown: false
03-04 21:21:29.667   931  2948 I chatty  : uid=1000(system) Binder:931_E expire 3 lines
03-04 21:21:29.702   931  5753 I chatty  : uid=1000(system) Binder:931_1A expire 6 lines
03-04 21:21:29.716   931   931 I chatty  : uid=1000 system_server expire 10 lines
03-04 21:21:33.580  1472  2198 D PowerUI : can't show warning due to - plugged: true status unknown: false
03-04 21:22:27.836   931  3313 I chatty  : uid=1000(system) Binder:931_10 expire 1 line
03-04 21:22:33.602  1472  2198 D PowerUI : can't show warning due to - plugged: true status unknown: false
03-04 21:23:27.646   931  1666 I chatty  : uid=1000(system) Binder:931_8 expire 9 lines
03-04 21:23:33.602  1472  2198 D PowerUI : can't show warning due to - plugged: true status unknown: false
03-04 21:24:29.657   931  1257 I chatty  : uid=1000(system) Binder:931_3 expire 10 lines
03-04 21:24:33.586  1472  2198 D PowerUI : can't show warning due to - plugged: true status unknown: false
03-04 21:25:27.595   931  1389 I chatty  : uid=1000(system) ConnectivitySer expire 12 lines
03-04 21:25:27.775   931  3326 I chatty  : uid=1000(system) Binder:931_16 expire 6 lines
03-04 21:25:29.824   931  2891 I chatty  : uid=1000(system) Binder:931_C expire 5 lines
03-04 21:25:33.608  1472  2198 D PowerUI : can't show warning due to - plugged: true status unknown: false
03-04 21:26:33.604  1472  2198 D PowerUI : can't show warning due to - plugged: true status unknown: false
03-04 21:27:33.605  1472  2198 D PowerUI : can't show warning due to - plugged: true status unknown: false
03-04 21:28:33.586  1472  2198 D PowerUI : can't show warning due to - plugged: true status unknown: false
03-04 21:28:50.090   931  1018 I chatty  : uid=1000(system) android.bg expire 2 lines
03-04 21:28:50.804   931  1025 I chatty  : uid=1000(system) ActivityManager expire 2 lines
03-04 21:28:55.616   931  5114 I chatty  : uid=1000(system) Binder:931_18 expire 4 lines
03-04 21:29:27.627   931  5911 I chatty  : uid=1000(system) Binder:931_1C expire 10 lines
03-04 21:29:27.687   931  2947 I chatty  : uid=1000(system) Binder:931_D expire 2 lines
03-04 21:29:29.619   931  3317 I chatty  : uid=1000(system) Binder:931_13 expire 10 lines
03-04 21:29:33.582  1472  2198 D PowerUI : can't show warning due to - plugged: true status unknown: false
03-04 21:30:10.809   931  1389 I chatty  : uid=1000(system) ConnectivitySer expire 10 lines
03-04 21:30:27.765   931  6363 I chatty  : uid=1000(system) Binder:931_1F expire 11 lines
03-04 21:30:27.770   931  3325 I chatty  : uid=1000(system) Binder:931_15 expire 8 lines
03-04 21:30:33.581  1472  2198 D PowerUI : can't show warning due to - plugged: true status unknown: false
03-04 21:31:27.618   931  1389 I chatty  : uid=1000(system) ConnectivitySer expire 10 lines
03-04 21:31:29.668   931   931 I chatty  : uid=1000 system_server expire 11 lines
03-04 21:31:33.577  1472  2198 D PowerUI : can't show warning due to - plugged: true status unknown: false
03-04 21:32:33.581  1472  2198 D PowerUI : can't show warning due to - plugged: true status unknown: false
03-04 21:33:33.606  1472  2198 D PowerUI : can't show warning due to - plugged: true status unknown: false
03-04 21:34:29.651   931  1630 I chatty  : uid=1000(system) Binder:931_6 expire 2 lines
03-04 21:34:29.676   931  2871 I chatty  : uid=1000(system) Binder:931_A expire 3 lines
03-04 21:34:33.604  1472  2198 D PowerUI : can't show warning due to - plugged: true status unknown: false
03-04 21:35:33.599  1472  2198 D PowerUI : can't show warning due to - plugged: true status unknown: false
03-04 21:36:27.607   931  1389 I chatty  : uid=1000(system) ConnectivitySer expire 10 lines
03-04 21:36:27.635   931  3314 I chatty  : uid=1000(system) Binder:931_11 expire 7 lines
03-04 21:36:33.579  1472  2198 D PowerUI : can't show warning due to - plugged: true status unknown: false
03-04 21:37:33.580  1472  2198 D PowerUI : can't show warning due to - plugged: true status unknown: false
03-04 21:38:33.606  1472  2198 D PowerUI : can't show warning due to - plugged: true status unknown: false
03-04 21:39:33.590  1472  2198 D PowerUI : can't show warning due to - plugged: true status unknown: false
03-04 21:40:27.598   931  1389 I chatty  : uid=1000(system) ConnectivitySer expire 5 lines
03-04 21:40:29.743   931  3317 I chatty  : uid=1000(system) Binder:931_13 expire 3 lines
03-04 21:40:33.580  1472  2198 D PowerUI : can't show warning due to - plugged: true status unknown: false
03-04 21:41:27.752   931  5939 I chatty  : uid=1000(system) Binder:931_1D expire 3 lines
03-04 21:41:33.575  1472  2198 D PowerUI : can't show warning due to - plugged: true status unknown: false
03-04 21:41:54.626   931   931 I chatty  : uid=1000 system_server expire 11 lines
03-04 21:41:54.635   931  1046 I chatty  : uid=1000(system) PowerManagerSer expire 15 lines
03-04 21:41:54.705   931  1007 I chatty  : uid=1000(system) android.display expire 4 lines
03-04 21:41:54.931   931   999 I chatty  : uid=1000(system) android.fg expire 4 lines
03-04 21:41:55.262  1472  2198 D PowerUI : can't show warning due to - plugged: true status unknown: false
03-04 21:41:56.823  1472  2198 D PowerUI : can't show warning due to - plugged: true status unknown: false
03-04 21:41:56.927   931  1257 I chatty  : uid=1000(system) Binder:931_3 expire 3 lines
03-04 21:41:56.989   931  1022 I chatty  : uid=1000(system) ActivityManager expire 3 lines
03-04 21:41:58.291  1472  2198 D PowerUI : can't show warning due to - plugged: true status unknown: false
03-04 21:42:00.394  1472  2198 D PowerUI : can't show warning due to - plugged: true status unknown: false
03-04 21:42:19.003  1472  2198 D PowerUI : can't show warning due to - plugged: true status unknown: false
03-04 21:42:21.981  1472  2198 D PowerUI : can't show warning due to - plugged: true status unknown: false
03-04 21:42:26.541  1472  2198 D PowerUI : can't show warning due to - plugged: true status unknown: false
03-04 21:42:26.554   931   931 I chatty  : uid=1000 system_server expire 4 lines
03-04 21:42:27.876  1472  2198 D PowerUI : can't show warning due to - plugged: true status unknown: false
03-04 21:42:32.070   931  5865 I chatty  : uid=1000(system) Binder:931_1B expire 1 line
03-04 21:42:33.564  1472  2198 D PowerUI : can't show warning due to - plugged: true status unknown: false
03-04 21:42:34.074   931  5939 I chatty  : uid=1000(system) Binder:931_1D expire 8 lines
03-04 21:42:34.081   931  1257 I chatty  : uid=1000(system) Binder:931_3 expire 3 lines
03-04 21:42:34.082   931  3326 I chatty  : uid=1000(system) Binder:931_16 expire 2 lines
03-04 21:42:34.093   931  1389 I chatty  : uid=1000(system) ConnectivitySer expire 5 lines
03-04 21:42:34.098  1472  2198 D PowerUI : can't show warning due to - plugged: true status unknown: false
03-04 21:42:34.104   931   931 I chatty  : uid=1000 system_server expire 12 lines
03-04 21:42:49.082   931  1666 I chatty  : uid=1000(system) Binder:931_8 expire 4 lines
03-04 21:43:07.613   931  1034 I chatty  : uid=1000(system) batterystats-wo expire 1 line
03-04 21:43:13.670  1472  2198 D PowerUI : can't show warning due to - plugged: true status unknown: false
03-04 21:43:27.760   931  3317 I chatty  : uid=1000(system) Binder:931_13 expire 1 line
03-04 21:43:33.593  1472  2198 D PowerUI : can't show warning due to - plugged: true status unknown: false
03-04 21:43:47.717  1472  2198 I chatty  : uid=10021(com.android.systemui) pool-6-thread-1 identical 4 lines
03-04 21:44:08.720  1472  2198 D PowerUI : can't show warning due to - plugged: true status unknown: false
03-04 21:44:08.882   931  1022 I chatty  : uid=1000(system) ActivityManager expire 33 lines
03-04 21:44:08.886   931  1080 I chatty  : uid=1000(system) PackageManager expire 79 lines
03-04 21:44:08.917   931  1007 I chatty  : uid=1000(system) android.display expire 5 lines
03-04 21:44:09.465   931  1025 I chatty  : uid=1000(system) ActivityManager expire 3 lines
03-04 21:44:09.585   931   999 I chatty  : uid=1000(system) android.fg expire 6 lines
03-04 21:44:09.689   931  3315 I chatty  : uid=1000(system) Binder:931_12 expire 3 lines
03-04 21:44:09.935   931  2871 I chatty  : uid=1000(system) Binder:931_A expire 1 line
03-04 21:44:11.799   931  2999 I chatty  : uid=1000(system) Binder:931_F expire 1 line
03-04 21:44:12.787   931  1046 I chatty  : uid=1000(system) PowerManagerSer expire 6 lines
03-04 21:44:13.362   931  5114 I chatty  : uid=1000(system) Binder:931_18 expire 1 line
03-04 21:44:14.253  1472  2198 D PowerUI : can't show warning due to - plugged: true status unknown: false
03-04 21:44:15.746  1472  2198 D PowerUI : can't show warning due to - plugged: true status unknown: false
03-04 21:44:16.426   931   931 I chatty  : uid=1000 system_server expire 1 line
03-04 21:44:17.972  1472  2198 D PowerUI : can't show warning due to - plugged: true status unknown: false
03-04 21:44:30.555  1472  2198 D PowerUI : can't show warning due to - plugged: true status unknown: false
03-04 21:44:33.031   931  3314 I chatty  : uid=1000(system) Binder:931_11 expire 2 lines
03-04 21:44:33.555  1472  2198 D PowerUI : can't show warning due to - plugged: true status unknown: false
03-04 21:44:36.952   931  1022 I chatty  : uid=1000(system) ActivityManager expire 3 lines
03-04 21:44:36.955   931  1080 I chatty  : uid=1000(system) PackageManager expire 79 lines
03-04 21:44:37.228   931  2884 I chatty  : uid=1000(system) Binder:931_B expire 1 line
03-04 21:44:37.241   931  2999 I chatty  : uid=1000(system) Binder:931_F expire 2 lines
03-04 21:44:37.254   931  1002 I chatty  : uid=1000(system) android.ui expire 7 lines
03-04 21:44:37.280   931  1007 I chatty  : uid=1000(system) android.display expire 6 lines
03-04 21:44:37.331   931  1022 I chatty  : uid=1000(system) ActivityManager expire 23 lines
03-04 21:44:37.443   931   931 I chatty  : uid=1000 system_server expire 11 lines
03-04 21:44:37.498   931  1046 I chatty  : uid=1000(system) PowerManagerSer expire 15 lines
03-04 21:44:37.716   931   999 I chatty  : uid=1000(system) android.fg expire 6 lines
03-04 21:44:37.748   931  8960 I chatty  : uid=1000(system) Binder:931_20 expire 1 line
03-04 21:44:37.916  1472  2198 D PowerUI : can't show warning due to - plugged: true status unknown: false
03-04 21:44:38.057   931  5865 I chatty  : uid=1000(system) Binder:931_1B expire 1 line
03-04 21:44:38.209   931  1025 I chatty  : uid=1000(system) ActivityManager expire 1 line
03-04 21:44:40.882  1472  2198 D PowerUI : can't show warning due to - plugged: true status unknown: false
03-04 21:44:42.345  1472  2198 D PowerUI : can't show warning due to - plugged: true status unknown: false
03-04 21:44:44.552   931  3329 I chatty  : uid=1000(system) Binder:931_17 expire 2 lines
03-04 21:44:45.023  1472  2198 D PowerUI : can't show warning due to - plugged: true status unknown: false
03-04 21:45:27.633   931  1389 I chatty  : uid=1000(system) ConnectivitySer expire 2 lines
03-04 21:45:27.838   931  1633 I chatty  : uid=1000(system) Binder:931_7 expire 4 lines
03-04 21:45:27.903   931  2871 I chatty  : uid=1000(system) Binder:931_A expire 3 lines
03-04 21:45:33.607  1472  2198 D PowerUI : can't show warning due to - plugged: true status unknown: false
03-04 21:45:49.969   931  1366 I chatty  : uid=1000(system) Binder:931_4 expire 2 lines
03-04 21:45:50.390  1472  2198 D PowerUI : can't show warning due to - plugged: true status unknown: false
03-04 21:45:50.733   931  1022 I chatty  : uid=1000(system) ActivityManager expire 16 lines
03-04 21:45:52.946   931   931 I chatty  : uid=1000 system_server expire 1 line
03-04 21:45:53.345  1472  2198 D PowerUI : can't show warning due to - plugged: true status unknown: false
03-04 21:45:54.729  1472  2198 I chatty  : uid=10021(com.android.systemui) pool-6-thread-1 identical 1 line
03-04 21:45:54.923  1472  2198 D PowerUI : can't show warning due to - plugged: true status unknown: false
03-04 21:45:55.888   931  1080 I chatty  : uid=1000(system) PackageManager expire 79 lines
03-04 21:45:56.887   931  1022 I chatty  : uid=1000(system) ActivityManager expire 13 lines
03-04 21:45:56.937   931   931 I chatty  : uid=1000 system_server expire 10 lines
03-04 21:45:57.088   931   999 I chatty  : uid=1000(system) android.fg expire 6 lines
03-04 21:45:57.111   931  5753 I chatty  : uid=1000(system) Binder:931_1A expire 3 lines
03-04 21:45:57.312   931  6014 I chatty  : uid=1000(system) Binder:931_1E expire 6 lines
03-04 21:45:57.390   931  1025 I chatty  : uid=1000(system) ActivityManager expire 4 lines
03-04 21:45:57.778  1472  2198 D PowerUI : can't show warning due to - plugged: true status unknown: false
03-04 21:46:11.084  1472  2198 I chatty  : uid=10021(com.android.systemui) pool-6-thread-1 identical 2 lines
03-04 21:46:12.584  1472  2198 D PowerUI : can't show warning due to - plugged: true status unknown: false
03-04 21:46:14.244   931  1046 I chatty  : uid=1000(system) PowerManagerSer expire 15 lines
03-04 21:46:17.001  1472  2198 D PowerUI : can't show warning due to - plugged: true status unknown: false
03-04 21:46:20.879   931  1007 I chatty  : uid=1000(system) android.display expire 5 lines
03-04 21:46:27.582   931  1389 I chatty  : uid=1000(system) ConnectivitySer expire 10 lines
03-04 21:46:27.768   931  5939 I chatty  : uid=1000(system) Binder:931_1D expire 7 lines
03-04 21:46:27.823   931  2999 I chatty  : uid=1000(system) Binder:931_F expire 5 lines
03-04 21:46:27.833   931  3314 I chatty  : uid=1000(system) Binder:931_11 expire 3 lines
03-04 21:46:29.774   931  1938 I chatty  : uid=1000(system) Binder:931_9 expire 4 lines
03-04 21:46:33.579  1472  2198 D PowerUI : can't show warning due to - plugged: true status unknown: false
03-04 21:47:29.660   931  6363 I chatty  : uid=1000(system) Binder:931_1F expire 3 lines
03-04 21:47:29.966  1472  2198 D PowerUI : can't show warning due to - plugged: true status unknown: false
03-04 21:47:33.610  1472  2198 D PowerUI : can't show warning due to - plugged: true status unknown: false
03-04 21:48:15.139   931  1018 I chatty  : uid=1000(system) android.bg expire 3 lines
03-04 21:48:27.758   931  8960 I chatty  : uid=1000(system) Binder:931_20 expire 1 line
03-04 21:48:33.582  1472  2198 D PowerUI : can't show warning due to - plugged: true status unknown: false
03-04 21:48:45.522 21084 21165 E AndroidRuntime: FATAL EXCEPTION: mqt_native_modules
03-04 21:48:45.522 21084 21165 E AndroidRuntime: Process: com.iterablernapp, PID: 21084
03-04 21:48:45.522 21084 21165 E AndroidRuntime: com.facebook.react.common.JavascriptException: Invariant Violation: Tried to register two views with the same name RCTImageView, stack:
03-04 21:48:45.522 21084 21165 E AndroidRuntime: invariant@1819:25
03-04 21:48:45.522 21084 21165 E AndroidRuntime: register@46812:13
03-04 21:48:45.522 21084 21165 E AndroidRuntime: loadModuleImplementation@271:13
03-04 21:48:45.522 21084 21165 E AndroidRuntime: guardedLoadModule@163:46
03-04 21:48:45.522 21084 21165 E AndroidRuntime: runUpdatedModule@559:18
03-04 21:48:45.522 21084 21165 E AndroidRuntime: metroHotUpdateModule@433:39
03-04 21:48:45.522 21084 21165 E AndroidRuntime: define@40:25
03-04 21:48:45.522 21084 21165 E AndroidRuntime: eval@-1
03-04 21:48:45.522 21084 21165 E AndroidRuntime: inject@36455:10
03-04 21:48:45.522 21084 21165 E AndroidRuntime: forEach@-1
03-04 21:48:45.522 21084 21165 E AndroidRuntime: injectUpdate@36461:27
03-04 21:48:45.522 21084 21165 E AndroidRuntime: <unknown>@36544:22
03-04 21:48:45.522 21084 21165 E AndroidRuntime: emit@36809:32
03-04 21:48:45.522 21084 21165 E AndroidRuntime: onmessage@36519:22
03-04 21:48:45.522 21084 21165 E AndroidRuntime: dispatchEvent@34008:30
03-04 21:48:45.522 21084 21165 E AndroidRuntime: <unknown>@34701:30
03-04 21:48:45.522 21084 21165 E AndroidRuntime: emit@3453:41
03-04 21:48:45.522 21084 21165 E AndroidRuntime: __callFunction@2763:48
03-04 21:48:45.522 21084 21165 E AndroidRuntime: <unknown>@2485:30
03-04 21:48:45.522 21084 21165 E AndroidRuntime: __guard@2717:14
03-04 21:48:45.522 21084 21165 E AndroidRuntime: callFunctionReturnFlushedQueue@2484:20
03-04 21:48:45.522 21084 21165 E AndroidRuntime: callFunctionReturnFlushedQueue@-1
03-04 21:48:45.522 21084 21165 E AndroidRuntime: 
03-04 21:48:45.522 21084 21165 E AndroidRuntime: 	at com.facebook.react.modules.core.ExceptionsManagerModule.reportException(ExceptionsManagerModule.java:79)
03-04 21:48:45.522 21084 21165 E AndroidRuntime: 	at java.lang.reflect.Method.invoke(Native Method)
03-04 21:48:45.522 21084 21165 E AndroidRuntime: 	at com.facebook.react.bridge.JavaMethodWrapper.invoke(JavaMethodWrapper.java:372)
03-04 21:48:45.522 21084 21165 E AndroidRuntime: 	at com.facebook.react.bridge.JavaModuleWrapper.invoke(JavaModuleWrapper.java:151)
03-04 21:48:45.522 21084 21165 E AndroidRuntime: 	at com.facebook.react.bridge.queue.NativeRunnable.run(Native Method)
03-04 21:48:45.522 21084 21165 E AndroidRuntime: 	at android.os.Handler.handleCallback(Handler.java:883)
03-04 21:48:45.522 21084 21165 E AndroidRuntime: 	at android.os.Handler.dispatchMessage(Handler.java:100)
03-04 21:48:45.522 21084 21165 E AndroidRuntime: 	at com.facebook.react.bridge.queue.MessageQueueThreadHandler.dispatchMessage(MessageQueueThreadHandler.java:27)
03-04 21:48:45.522 21084 21165 E AndroidRuntime: 	at android.os.Looper.loop(Looper.java:214)
03-04 21:48:45.522 21084 21165 E AndroidRuntime: 	at com.facebook.react.bridge.queue.MessageQueueThreadImpl$4.run(MessageQueueThreadImpl.java:226)
03-04 21:48:45.522 21084 21165 E AndroidRuntime: 	at java.lang.Thread.run(Thread.java:919)
03-04 21:48:45.537   931 21306 I chatty  : uid=1000 system_server expire 1 line
03-04 21:48:45.555   931  1022 I chatty  : uid=1000(system) ActivityManager expire 6 lines
03-04 21:48:45.646   931  3313 I chatty  : uid=1000(system) Binder:931_10 expire 1 line
03-04 21:48:45.647   931  2891 I chatty  : uid=1000(system) Binder:931_C expire 1 line
03-04 21:49:33.608  1472  2198 D PowerUI : can't show warning due to - plugged: true status unknown: false
03-04 21:49:37.423   931  5911 I chatty  : uid=1000(system) Binder:931_1C expire 4 lines
03-04 21:49:43.625   931  3326 I chatty  : uid=1000(system) Binder:931_16 expire 7 lines
03-04 21:50:00.483   931  5114 I chatty  : uid=1000(system) Binder:931_18 expire 1 line
03-04 21:50:27.632   931   966 I chatty  : uid=1000(system) Binder:931_1 expire 6 lines
03-04 21:50:33.584  1472  2198 D PowerUI : can't show warning due to - plugged: true status unknown: false
03-04 21:50:44.711   931  1666 I chatty  : uid=1000(system) Binder:931_8 expire 1 line
03-04 21:51:27.720   931  1389 I chatty  : uid=1000(system) ConnectivitySer expire 8 lines
03-04 21:51:27.896   931  2884 I chatty  : uid=1000(system) Binder:931_B expire 5 lines
03-04 21:51:33.583  1472  2198 D PowerUI : can't show warning due to - plugged: true status unknown: false
03-04 21:52:19.145   931  3323 I chatty  : uid=1000(system) Binder:931_14 expire 20 lines
03-04 21:52:19.265   931  2871 I chatty  : uid=1000(system) Binder:931_A expire 12 lines
03-04 21:52:19.490   931  3325 I chatty  : uid=1000(system) Binder:931_15 expire 10 lines
03-04 21:52:19.626   931  5682 I chatty  : uid=1000(system) Binder:931_19 expire 6 lines
03-04 21:52:20.561 21444 21444 D ActivityThread: Loading provider contacts;com.android.contacts: com.android.providers.contacts.ContactsProvider2
03-04 21:52:29.664   931   931 I chatty  : uid=1000 system_server expire 11 lines
03-04 21:52:30.029  1472  2198 D PowerUI : can't show warning due to - plugged: true status unknown: false
03-04 21:52:33.584  1472  2198 D PowerUI : can't show warning due to - plugged: true status unknown: false
03-04 21:53:33.605  1472  2198 D PowerUI : can't show warning due to - plugged: true status unknown: false
03-04 21:54:29.687   931  5865 I chatty  : uid=1000(system) Binder:931_1B expire 1 line
03-04 21:54:33.587  1472  2198 D PowerUI : can't show warning due to - plugged: true status unknown: false
03-04 21:54:54.270  1472  2198 D PowerUI : can't show warning due to - plugged: true status unknown: false
03-04 21:54:56.130   931  1080 I chatty  : uid=1000(system) PackageManager expire 79 lines
03-04 21:54:56.630   931  1022 I chatty  : uid=1000(system) ActivityManager expire 23 lines
03-04 21:54:56.837   931   931 I chatty  : uid=1000 system_server expire 11 lines
03-04 21:54:56.960   931   999 I chatty  : uid=1000(system) android.fg expire 7 lines
03-04 21:54:57.037   931  2999 I chatty  : uid=1000(system) Binder:931_F expire 7 lines
03-04 21:54:57.240   931  5865 I chatty  : uid=1000(system) Binder:931_1B expire 1 line
03-04 21:54:57.317   931  1025 I chatty  : uid=1000(system) ActivityManager expire 2 lines
03-04 21:55:03.147  1472  2198 D PowerUI : can't show warning due to - plugged: true status unknown: false
03-04 21:55:10.553  1472  2198 D PowerUI : can't show warning due to - plugged: true status unknown: false
03-04 21:55:17.980   931  1046 I chatty  : uid=1000(system) PowerManagerSer expire 15 lines
03-04 21:55:24.600   931  1007 I chatty  : uid=1000(system) android.display expire 6 lines
03-04 21:55:25.084   931  5682 I chatty  : uid=1000(system) Binder:931_19 expire 4 lines
03-04 21:55:27.593   931  1389 I chatty  : uid=1000(system) ConnectivitySer expire 10 lines
03-04 21:55:27.638   931  3323 I chatty  : uid=1000(system) Binder:931_14 expire 10 lines
03-04 21:55:27.837   931  3313 I chatty  : uid=1000(system) Binder:931_10 expire 10 lines
03-04 21:55:33.580  1472  2198 D PowerUI : can't show warning due to - plugged: true status unknown: false
03-04 21:55:45.501   931  2947 I chatty  : uid=1000(system) Binder:931_D expire 1 line
03-04 21:55:45.502   931   931 I chatty  : uid=1000 system_server expire 12 lines
03-04 21:55:46.734   931  1022 I chatty  : uid=1000(system) ActivityManager expire 3 lines
03-04 21:55:47.490  1472  2198 D PowerUI : can't show warning due to - plugged: true status unknown: false
03-04 21:55:48.994  1472  2198 D PowerUI : can't show warning due to - plugged: true status unknown: false
03-04 21:56:10.282   931  1046 I chatty  : uid=1000(system) PowerManagerSer expire 9 lines
03-04 21:56:17.464   931  2948 I chatty  : uid=1000(system) Binder:931_E expire 15 lines
03-04 21:56:33.606  1472  2198 D PowerUI : can't show warning due to - plugged: true status unknown: false
03-04 21:57:27.835   931  1366 I chatty  : uid=1000(system) Binder:931_4 expire 2 lines
03-04 21:57:33.586  1472  2198 D PowerUI : can't show warning due to - plugged: true status unknown: false
03-04 21:58:29.671   931   931 I chatty  : uid=1000 system_server expire 12 lines
03-04 21:58:33.583  1472  2198 D PowerUI : can't show warning due to - plugged: true status unknown: false
03-04 21:59:27.611   931  1389 I chatty  : uid=1000(system) ConnectivitySer expire 11 lines
03-04 21:59:33.580  1472  2198 D PowerUI : can't show warning due to - plugged: true status unknown: false
03-04 22:00:12.655   931  2948 I chatty  : uid=1000(system) Binder:931_E expire 5 lines
03-04 22:00:33.607  1472  2198 D PowerUI : can't show warning due to - plugged: true status unknown: false
03-04 22:00:37.876   931  6363 I chatty  : uid=1000(system) Binder:931_1F expire 3 lines
03-04 22:00:39.785   931  2891 I chatty  : uid=1000(system) Binder:931_C expire 5 lines
03-04 22:00:39.788   931  3326 I chatty  : uid=1000(system) Binder:931_16 expire 9 lines
03-04 22:00:42.960  1472  2198 D PowerUI : can't show warning due to - plugged: true status unknown: false
03-04 22:01:33.613  1472  2198 D PowerUI : can't show warning due to - plugged: true status unknown: false
03-04 22:02:33.578  1472  2198 D PowerUI : can't show warning due to - plugged: true status unknown: false
03-04 22:03:27.593   931  1389 I chatty  : uid=1000(system) ConnectivitySer expire 10 lines
03-04 22:03:29.720   931   931 I chatty  : uid=1000 system_server expire 11 lines
03-04 22:03:29.737   931  3314 I chatty  : uid=1000(system) Binder:931_11 expire 5 lines
03-04 22:03:33.584  1472  2198 D PowerUI : can't show warning due to - plugged: true status unknown: false
03-04 22:04:29.640   931  8960 I chatty  : uid=1000(system) Binder:931_20 expire 6 lines
03-04 22:04:33.591  1472  2198 D PowerUI : can't show warning due to - plugged: true status unknown: false
03-04 22:05:33.582  1472  2198 D PowerUI : can't show warning due to - plugged: true status unknown: false
03-04 22:06:27.635   931   966 I chatty  : uid=1000(system) Binder:931_1 expire 4 lines
03-04 22:06:33.606  1472  2198 D PowerUI : can't show warning due to - plugged: true status unknown: false
03-04 22:07:33.580  1472  2198 D PowerUI : can't show warning due to - plugged: true status unknown: false
03-04 22:08:27.612   931  1389 I chatty  : uid=1000(system) ConnectivitySer expire 9 lines
03-04 22:08:29.687   931  1629 I chatty  : uid=1000(system) Binder:931_5 expire 1 line
03-04 22:08:33.570  1472  2198 D PowerUI : can't show warning due to - plugged: true status unknown: false
03-04 22:09:27.741   931  1633 I chatty  : uid=1000(system) Binder:931_7 expire 7 lines
03-04 22:09:27.743   931  1666 I chatty  : uid=1000(system) Binder:931_8 expire 1 line
03-04 22:09:29.645   931  3313 I chatty  : uid=1000(system) Binder:931_10 expire 4 lines
03-04 22:09:33.571  1472  2198 D PowerUI : can't show warning due to - plugged: true status unknown: false
03-04 22:09:58.595   931  1018 I chatty  : uid=1000(system) android.bg expire 2 lines
03-04 22:10:29.657   931   931 I chatty  : uid=1000 system_server expire 2 lines
03-04 22:10:33.576  1472  2198 D PowerUI : can't show warning due to - plugged: true status unknown: false
03-04 22:11:27.954   931  1022 W BroadcastQueue: Background execution not allowed: receiving Intent { act=android.intent.action.DROPBOX_ENTRY_ADDED flg=0x10 (has extras) } to com.google.android.gms/.stats.service.DropBoxEntryAddedReceiver
03-04 22:11:27.955   931  1022 W BroadcastQueue: Background execution not allowed: receiving Intent { act=android.intent.action.DROPBOX_ENTRY_ADDED flg=0x10 (has extras) } to com.google.android.gms/.chimera.GmsIntentOperationService$PersistentTrustedReceiver
03-04 22:11:28.031   931  1633 I DropBoxManagerService: add tag=dumpsys:account isTagEnabled=true flags=0x2
03-04 22:11:28.038   931  1022 W BroadcastQueue: Background execution not allowed: receiving Intent { act=android.intent.action.DROPBOX_ENTRY_ADDED flg=0x10 (has extras) } to com.google.android.gms/.stats.service.DropBoxEntryAddedReceiver
03-04 22:11:28.038   931  1022 W BroadcastQueue: Background execution not allowed: receiving Intent { act=android.intent.action.DROPBOX_ENTRY_ADDED flg=0x10 (has extras) } to com.google.android.gms/.chimera.GmsIntentOperationService$PersistentTrustedReceiver
03-04 22:11:29.726   931  3313 W AppOps  : Noting op not finished: uid 10019 pkg com.google.android.gms code 79 time=1614895889721 duration=-1
03-04 22:11:29.735   931  3314 W AppOps  : Noting op not finished: uid 10019 pkg com.google.android.gms code 79 time=1614895889726 duration=0
03-04 22:11:29.979   931  1389 D ConnectivityService: Blocked status changed to true for 10312(1967) on netId 153
03-04 22:11:33.607  1472  2198 D PowerUI : can't show warning due to - plugged: true status unknown: false
03-04 22:11:39.240   931  1022 I ActivityManager: Force stopping com.iterablernapp appid=10127 user=-1: installPackageLI
03-04 22:11:39.241   931  1080 I PackageManager: Update package com.iterablernapp code path from /data/app/com.iterablernapp-yUojkLcy0qYPBYI3--wO7Q== to /data/app/com.iterablernapp-GyetZweeWtrBgLEZgJrltQ==; Retain data and using new
03-04 22:11:39.241   931  1080 I PackageManager: Update package com.iterablernapp resource path from /data/app/com.iterablernapp-yUojkLcy0qYPBYI3--wO7Q== to /data/app/com.iterablernapp-GyetZweeWtrBgLEZgJrltQ==; Retain data and using new
03-04 22:11:39.243   931  1022 I ActivityManager: Killing 21626:com.iterablernapp/u0a127 (adj 0): stop com.iterablernapp
03-04 22:11:39.247   931  1022 W ActivityTaskManager: Force removing ActivityRecord{f2ef374 u0 com.iterablernapp/.MainActivity t2454 f}: app died, no saved state
03-04 22:11:39.370   931  1002 W Looper  : Slow dispatch took 130ms android.ui h=com.android.server.am.ActivityManagerService$UiHandler c=null m=53
03-04 22:11:39.405   931  1007 W ActivityManager: setHasOverlayUi called on unknown pid: 21626
03-04 22:11:39.464   931  1080 I PackageManager: Un-granting permission android.permission.MANAGE_DOCUMENTS from package com.google.android.youtube (protectionLevel=262146 flags=0x30dbbec5)
03-04 22:11:39.465   931  1080 I PackageManager: Un-granting permission android.permission.MANAGE_USERS from package com.vzw.apnlib (protectionLevel=18 flags=0x3088be45)
03-04 22:11:39.465   931  1080 I PackageManager: Un-granting permission android.permission.PACKAGE_USAGE_STATS from package com.vzw.apnlib (protectionLevel=114 flags=0x3088be45)
03-04 22:11:39.465   931  1080 I PackageManager: Un-granting permission android.permission.UPDATE_APP_OPS_STATS from package com.vzw.apnlib (protectionLevel=274 flags=0x3088be45)
03-04 22:11:39.465   931  1080 I PackageManager: Un-granting permission com.verizon.vzwavs.mvs.permission.WRITE from package com.vzw.apnlib (protectionLevel=2 flags=0x3088be45)
03-04 22:11:39.468   931  1080 I PackageManager: Un-granting permission android.permission.INTERACT_ACROSS_PROFILES from package com.google.android.googlequicksearchbox (protectionLevel=18 flags=0xa8dbbec5)
03-04 22:11:39.469   931  1080 I PackageManager: Un-granting permission android.permission.MANAGE_SOUND_TRIGGER from package com.google.android.googlequicksearchbox (protectionLevel=18 flags=0xa8dbbec5)
03-04 22:11:39.469   931  1080 I PackageManager: Un-granting permission android.permission.CONTROL_INCALL_EXPERIENCE from package com.google.android.googlequicksearchbox (protectionLevel=18 flags=0xa8dbbec5)
03-04 22:11:39.469   931  1080 I PackageManager: Un-granting permission android.permission.WRITE_APN_SETTINGS from package com.google.android.googlequicksearchbox (protectionLevel=18 flags=0xa8dbbec5)
03-04 22:11:39.469   931  1080 I PackageManager: Un-granting permission android.permission.INSTALL_PACKAGES from package com.verizon.mips.services (protectionLevel=18 flags=0x3058be45)
03-04 22:11:39.469   931  1080 I PackageManager: Un-granting permission android.permission.GET_TOP_ACTIVITY_INFO from package com.verizon.mips.services (protectionLevel=2 flags=0x3058be45)
03-04 22:11:39.469   931  1080 I PackageManager: Un-granting permission android.permission.ACCESS_BLUETOOTH_SHARE from package com.verizon.mips.services (protectionLevel=2 flags=0x3058be45)
03-04 22:11:39.470   931  1080 I PackageManager: Un-granting permission android.permission.UPDATE_APP_OPS_STATS from package com.verizon.mips.services (protectionLevel=274 flags=0x3058be45)
03-04 22:11:39.471   931  1080 I PackageManager: Un-granting permission android.permission.DUMP from package com.verizon.mips.services (protectionLevel=50 flags=0x3058be45)
03-04 22:11:39.471   931  1080 I PackageManager: Un-granting permission android.permission.WRITE_SECURE_SETTINGS from package com.verizon.mips.services (protectionLevel=50 flags=0x3058be45)
03-04 22:11:39.471   931  1080 I PackageManager: Un-granting permission com.google.android.googleapps.permission.GOOGLE_AUTH from package com.android.providers.calendar (protectionLevel=2 flags=0x30883e45)
03-04 22:11:39.471   931  1080 I PackageManager: Un-granting permission com.google.android.googleapps.permission.GOOGLE_AUTH.cl from package com.android.providers.calendar (protectionLevel=2 flags=0x30883e45)
03-04 22:11:39.472   931  1080 I PackageManager: Un-granting permission com.google.android.gm.permission.READ_GMAIL from package com.google.android.apps.docs.editors.docs (protectionLevel=2 flags=0x38dbbe44)
03-04 22:11:39.472   931  1080 I PackageManager: Un-granting permission com.google.android.googleapps.permission.GOOGLE_AUTH from package com.google.android.apps.docs.editors.docs (protectionLevel=2 flags=0x38dbbe44)
03-04 22:11:39.473   931  1080 I PackageManager: Un-granting permission com.google.android.googleapps.permission.GOOGLE_AUTH.OTHER_SERVICES from package com.google.android.apps.docs.editors.docs (protectionLevel=2 flags=0x38dbbe44)
03-04 22:11:39.473   931  1080 I PackageManager: Un-granting permission com.google.android.googleapps.permission.GOOGLE_AUTH.ALL_SERVICES from package com.google.android.apps.docs.editors.docs (protectionLevel=2 flags=0x38dbbe44)
03-04 22:11:39.473   931  1080 I PackageManager: Un-granting permission com.google.android.googleapps.permission.GOOGLE_AUTH.writely from package com.google.android.apps.docs.editors.docs (protectionLevel=2 flags=0x38dbbe44)
03-04 22:11:39.473   931  1080 I PackageManager: Un-granting permission com.google.android.googleapps.permission.GOOGLE_AUTH.wise from package com.google.android.apps.docs.editors.docs (protectionLevel=2 flags=0x38dbbe44)
03-04 22:11:39.477   931  1080 I PackageManager: Un-granting permission android.permission.WRITE_SECURE_SETTINGS from package com.google.android.apps.enterprise.dmagent (protectionLevel=50 flags=0x30083e05)
03-04 22:11:39.477   931  1080 I PackageManager: Un-granting permission android.permission.CONNECTIVITY_INTERNAL from package com.google.android.apps.enterprise.dmagent (protectionLevel=18 flags=0x30083e05)
03-04 22:11:39.477   931  1080 I PackageManager: Un-granting permission android.permission.MANAGE_USB from package com.google.android.apps.enterprise.dmagent (protectionLevel=18 flags=0x30083e05)
03-04 22:11:39.477   931  1080 I PackageManager: Un-granting permission android.permission.CHANGE_COMPONENT_ENABLED_STATE from package com.google.android.apps.enterprise.dmagent (protectionLevel=18 flags=0x30083e05)
03-04 22:11:39.477   931  1080 I PackageManager: Un-granting permission android.permission.MANAGE_CA_CERTIFICATES from package com.google.android.apps.enterprise.dmagent (protectionLevel=18 flags=0x30083e05)
03-04 22:11:39.477   931  1080 I PackageManager: Un-granting permission android.permission.MANAGE_USERS from package com.google.android.apps.enterprise.dmagent (protectionLevel=18 flags=0x30083e05)
03-04 22:11:39.479   931  1080 I PackageManager: Un-granting permission com.google.android.setupwizard.READ_DEVICE_ORIGIN from package com.google.android.apps.messaging (protectionLevel=18 flags=0x28cbbec5)
03-04 22:11:39.481   931  1080 I PackageManager: Un-granting permission android.permission.MODIFY_PHONE_STATE from package com.google.android.apps.safetyhub (protectionLevel=18 flags=0x30c83ec5)
03-04 22:11:39.481   931  1080 I PackageManager: Un-granting permission android.permission.READ_PRIVILEGED_PHONE_STATE from package com.google.android.apps.safetyhub (protectionLevel=18 flags=0x30c83ec5)
03-04 22:11:39.482   931  1080 I PackageManager: Un-granting permission android.permission.SEND_DOWNLOAD_COMPLETED_INTENTS from package com.android.vending (protectionLevel=2 flags=0x28cabec5)
03-04 22:11:39.487   931  1080 I PackageManager: Un-granting permission android.permission.BIND_ACCESSIBILITY_SERVICE from package com.lastpass.lpandroid (protectionLevel=2 flags=0x38483e44)
03-04 22:11:39.488   931  1080 I PackageManager: Un-granting permission android.permission.SYSTEM_ALERT_WINDOW from package com.lastpass.lpandroid (protectionLevel=1250 flags=0x38483e44)
03-04 22:11:39.488   931  1080 I PackageManager: Un-granting permission android.permission.PACKAGE_USAGE_STATS from package com.lastpass.lpandroid (protectionLevel=114 flags=0x38483e44)
03-04 22:11:39.492   931  1080 I PackageManager: Un-granting permission android.permission.REQUEST_INSTALL_PACKAGES from package com.google.android.gm (protectionLevel=66 flags=0x28dbbec5)
03-04 22:11:39.494   931  1080 I PackageManager: Un-granting permission android.permission.WRITE_SETTINGS from package uk.gov.HomeOffice.ho1 (protectionLevel=1218 flags=0x20d83e44)
03-04 22:11:39.497   931  1080 I PackageManager: Un-granting permission android.permission.BIND_JOB_SERVICE from package com.google.android.music (protectionLevel=2 flags=0x38cbbee5)
03-04 22:11:39.499   931  1080 I PackageManager: Un-granting permission android.permission.MODIFY_QUIET_MODE from package com.google.android.apps.wellbeing (protectionLevel=18 flags=0x20cbbec5)
03-04 22:11:39.499   931  1080 I PackageManager: Un-granting permission android.permission.READ_DREAM_STATE from package com.google.android.apps.wellbeing (protectionLevel=18 flags=0x20cbbec5)
03-04 22:11:39.499   931  1080 I PackageManager: Un-granting permission android.permission.WRITE_DREAM_STATE from package com.google.android.apps.wellbeing (protectionLevel=18 flags=0x20cbbec5)
03-04 22:11:39.499   931  1080 I PackageManager: Un-granting permission android.permission.READ_WALLPAPER_INTERNAL from package com.google.android.apps.wellbeing (protectionLevel=18 flags=0x20cbbec5)
03-04 22:11:39.499   931  1080 I PackageManager: Un-granting permission android.permission.SET_WALLPAPER_COMPONENT from package com.google.android.apps.wellbeing (protectionLevel=18 flags=0x20cbbec5)
03-04 22:11:39.499   931  1080 I PackageManager: Un-granting permission android.permission.MANAGE_ROLE_HOLDERS from package com.google.android.apps.wellbeing (protectionLevel=258 flags=0x20cbbec5)
03-04 22:11:39.499   931  1080 I PackageManager: Un-granting permission com.google.android.deskclock.permission.RECEIVE_ALERT_BROADCASTS from package com.google.android.apps.wellbeing (protectionLevel=18 flags=0x20cbbec5)
