03-04 22:14:50.138   931  1080 I PackageManager: Un-granting permission android.permission.READ_PRIVILEGED_PHONE_STATE from package com.google.android.apps.safetyhub (protectionLevel=18 flags=0x30c83ec5)
03-04 22:14:50.138   931  1080 I PackageManager: Un-granting permission android.permission.SEND_DOWNLOAD_COMPLETED_INTENTS from package com.android.vending (protectionLevel=2 flags=0x28cabec5)
03-04 22:14:50.140   931  1080 I PackageManager: Un-granting permission android.permission.BIND_ACCESSIBILITY_SERVICE from package com.lastpass.lpandroid (protectionLevel=2 flags=0x38483e44)
03-04 22:14:50.140   931  1080 I PackageManager: Un-granting permission android.permission.SYSTEM_ALERT_WINDOW from package com.lastpass.lpandroid (protectionLevel=1250 flags=0x38483e44)
03-04 22:14:50.140   931  1080 I PackageManager: Un-granting permission android.permission.PACKAGE_USAGE_STATS from package com.lastpass.lpandroid (protectionLevel=114 flags=0x38483e44)
03-04 22:14:50.142   931  1080 I PackageManager: Un-granting permission android.permission.REQUEST_INSTALL_PACKAGES from package com.google.android.gm (protectionLevel=66 flags=0x28dbbec5)
03-04 22:14:50.143   931  1080 I PackageManager: Un-granting permission android.permission.WRITE_SETTINGS from package uk.gov.HomeOffice.ho1 (protectionLevel=1218 flags=0x20d83e44)
03-04 22:14:50.145   931  1080 I PackageManager: Un-granting permission android.permission.BIND_JOB_SERVICE from package com.google.android.music (protectionLevel=2 flags=0x38cbbee5)
03-04 22:14:50.146   931  1080 I PackageManager: Un-granting permission android.permission.MODIFY_QUIET_MODE from package com.google.android.apps.wellbeing (protectionLevel=18 flags=0x20cbbec5)
03-04 22:14:50.146   931  1080 I PackageManager: Un-granting permission android.permission.READ_DREAM_STATE from package com.google.android.apps.wellbeing (protectionLevel=18 flags=0x20cbbec5)
03-04 22:14:50.146   931  1080 I PackageManager: Un-granting permission android.permission.WRITE_DREAM_STATE from package com.google.android.apps.wellbeing (protectionLevel=18 flags=0x20cbbec5)
03-04 22:14:50.146   931  1080 I PackageManager: Un-granting permission android.permission.READ_WALLPAPER_INTERNAL from package com.google.android.apps.wellbeing (protectionLevel=18 flags=0x20cbbec5)
03-04 22:14:50.146   931  1080 I PackageManager: Un-granting permission android.permission.SET_WALLPAPER_COMPONENT from package com.google.android.apps.wellbeing (protectionLevel=18 flags=0x20cbbec5)
03-04 22:14:50.147   931  1080 I PackageManager: Un-granting permission android.permission.MANAGE_ROLE_HOLDERS from package com.google.android.apps.wellbeing (protectionLevel=258 flags=0x20cbbec5)
03-04 22:14:50.147   931  1080 I PackageManager: Un-granting permission com.google.android.deskclock.permission.RECEIVE_ALERT_BROADCASTS from package com.google.android.apps.wellbeing (protectionLevel=18 flags=0x20cbbec5)
03-04 22:14:50.147   931  1080 I PackageManager: Un-granting permission android.permission.REQUEST_INSTALL_PACKAGES from package com.google.android.apps.docs (protectionLevel=66 flags=0x28cbbec5)
03-04 22:14:50.148   931  1080 I PackageManager: Un-granting permission android.permission.SYSTEM_ALERT_WINDOW from package host.exp.exponent (protectionLevel=1250 flags=0x38d8be44)
03-04 22:14:50.148   931  1080 I PackageManager: Un-granting permission android.permission.MANAGE_DOCUMENTS from package host.exp.exponent (protectionLevel=262146 flags=0x38d8be44)
03-04 22:14:50.148   931  1080 I PackageManager: Un-granting permission android.permission.WRITE_SETTINGS from package host.exp.exponent (protectionLevel=1218 flags=0x38d8be44)
03-04 22:14:50.148   931  1080 I PackageManager: Un-granting permission android.permission.REQUEST_INSTALL_PACKAGES from package host.exp.exponent (protectionLevel=66 flags=0x38d8be44)
03-04 22:14:50.149   931  1080 I PackageManager: Un-granting permission android.permission.INTERACT_ACROSS_USERS from package com.google.android.syncadapters.contacts (protectionLevel=50 flags=0x20883e45)
03-04 22:14:50.149   931  1080 I PackageManager: Un-granting permission android.permission.REQUEST_INSTALL_PACKAGES from package com.android.chrome (protectionLevel=66 flags=0xa0cbbec5)
03-04 22:14:50.150   931  1080 I PackageManager: Un-granting permission android.permission.CAPTURE_VIDEO_OUTPUT from package com.google.android.gms (protectionLevel=2 flags=0xa0cabec5)
03-04 22:14:50.150   931  1080 I PackageManager: Un-granting permission android.permission.MANAGE_DEVICE_ADMINS from package com.google.android.gms (protectionLevel=2 flags=0xa0cabec5)
03-04 22:14:50.150   931  1080 I PackageManager: Un-granting permission android.permission.MANAGE_ACTIVITY_STACKS from package com.google.android.gms (protectionLevel=2 flags=0xa0cabec5)
03-04 22:14:50.151   931  1080 I PackageManager: Un-granting permission android.permission.CAPTURE_SECURE_VIDEO_OUTPUT from package com.google.android.gms (protectionLevel=2 flags=0xa0cabec5)
03-04 22:14:50.151   931  1080 I PackageManager: Un-granting permission android.permission.MANAGE_ROLLBACKS from package com.google.android.gms (protectionLevel=514 flags=0xa0cabec5)
03-04 22:14:50.153   931  1080 I PackageManager: Un-granting permission com.google.android.googleapps.permission.GOOGLE_AUTH from package com.google.android.videos (protectionLevel=2 flags=0x30dbbec5)
03-04 22:14:50.153   931  1080 I PackageManager: Un-granting permission android.permission.WRITE_MEDIA_STORAGE from package com.google.android.apps.photos (protectionLevel=18 flags=0x38d9bec5)
03-04 22:14:50.154   931  1080 I PackageManager: Un-granting permission android.permission.INTERACT_ACROSS_PROFILES from package com.google.android.calendar (protectionLevel=18 flags=0x30cbbec5)
03-04 22:14:50.155   931  1080 I PackageManager: Un-granting permission android.permission.SYSTEM_ALERT_WINDOW from package com.slaintemobile (protectionLevel=1250 flags=0x38883e46)
03-04 22:14:50.156   931  1080 I PackageManager: Un-granting permission com.google.android.finsky.permission.GEARHEAD_SERVICE from package com.google.android.projection.gearhead (protectionLevel=18 flags=0x388bbec5)
03-04 22:14:50.156   931  1080 I PackageManager: Un-granting permission android.permission.CHANGE_COMPONENT_ENABLED_STATE from package com.google.android.projection.gearhead (protectionLevel=18 flags=0x388bbec5)
03-04 22:14:50.156   931  1080 I PackageManager: Un-granting permission android.permission.DUMP from package com.google.android.apps.turbo (protectionLevel=50 flags=0x30cbbec5)
03-04 22:14:50.157   931  1080 I PackageManager: Un-granting permission android.permission.SET_WALLPAPER_COMPONENT from package com.google.android.apps.wallpaper (protectionLevel=18 flags=0x20cbbec5)
03-04 22:14:50.157   931  1080 I PackageManager: Un-granting permission android.permission.BIND_WALLPAPER from package com.google.android.apps.wallpaper (protectionLevel=18 flags=0x20cbbec5)
03-04 22:14:50.157   931  1080 I PackageManager: Un-granting permission android.permission.CHANGE_OVERLAY_PACKAGES from package com.google.android.apps.wallpaper (protectionLevel=18 flags=0x20cbbec5)
03-04 22:14:50.157   931  1080 I PackageManager: Un-granting permission android.permission.WRITE_SECURE_SETTINGS from package com.google.android.apps.wallpaper (protectionLevel=50 flags=0x20cbbec5)
03-04 22:14:50.158   931  1080 I PackageManager: Un-granting permission android.permission.SYSTEM_ALERT_WINDOW from package com.flittermobile (protectionLevel=1250 flags=0x38883e46)
03-04 22:14:50.158   931  1080 I PackageManager: Un-granting permission android.permission.WRITE_SETTINGS from package com.flittermobile (protectionLevel=1218 flags=0x38883e46)
03-04 22:14:50.160   931  1080 I PackageManager: Un-granting permission android.permission.CAPTURE_VIDEO_OUTPUT from package com.google.android.apps.helprtc (protectionLevel=2 flags=0x30c83ec5)
03-04 22:14:50.161   931  1080 I PackageManager: Un-granting permission android.permission.READ_PRIVILEGED_PHONE_STATE from package com.google.android.apps.gcs (protectionLevel=18 flags=0x28cbbec5)
03-04 22:14:50.162   931  1080 I PackageManager: Un-granting permission android.permission.BIND_WALLPAPER from package com.google.android.GoogleCamera (protectionLevel=18 flags=0x20dbbcc5)
03-04 22:14:50.162   931  1080 I PackageManager: Un-granting permission android.permission.INTERACT_ACROSS_PROFILES from package com.google.android.inputmethod.latin (protectionLevel=18 flags=0x20cabec5)
03-04 22:14:50.162   931  1080 I PackageManager: Un-granting permission android.permission.SYSTEM_ALERT_WINDOW from package com.iterablernapp (protectionLevel=1250 flags=0x38083e46)
03-04 22:14:50.370   931  1080 I ActivityManager: Force stopping com.iterablernapp appid=10127 user=0: pkg removed
03-04 22:14:50.395   931  1022 W BroadcastQueue: Background execution not allowed: receiving Intent { act=android.intent.action.PACKAGE_REMOVED dat=package:com.iterablernapp flg=0x4000010 (has extras) } to com.android.musicfx/.Compatibility$Receiver
03-04 22:14:50.395   931  1022 W BroadcastQueue: Background execution not allowed: receiving Intent { act=android.intent.action.PACKAGE_REMOVED dat=package:com.iterablernapp flg=0x4000010 (has extras) } to com.android.vending/com.google.android.finsky.packagemanager.impl.PackageMonitorReceiverImpl$RegisteredReceiver
03-04 22:14:50.395   931  1022 W BroadcastQueue: Background execution not allowed: receiving Intent { act=android.intent.action.PACKAGE_REMOVED dat=package:com.iterablernapp flg=0x4000010 (has extras) } to com.android.vending/com.google.android.finsky.instantapps.appmanagement.InstantAppRemoveMonitor
03-04 22:14:50.398   931  1022 W BroadcastQueue: Background execution not allowed: receiving Intent { act=android.intent.action.PACKAGE_REMOVED dat=package:com.iterablernapp flg=0x4000010 (has extras) } to com.google.android.apps.maps/com.google.android.libraries.social.peoplekit.thirdparty.viewcontrollers.ThirdPartyReceiver
03-04 22:14:50.398   931  1022 W BroadcastQueue: Background execution not allowed: receiving Intent { act=android.intent.action.PACKAGE_REMOVED dat=package:com.iterablernapp flg=0x4000010 (has extras) } to com.google.android.apps.photos/com.google.android.libraries.social.peoplekit.thirdparty.viewcontrollers.ThirdPartyReceiver
03-04 22:14:50.398   931  1022 W BroadcastQueue: Background execution not allowed: receiving Intent { act=android.intent.action.PACKAGE_REMOVED dat=package:com.iterablernapp flg=0x4000010 (has extras) } to com.google.android.gms/.games.chimera.GamesSystemBroadcastReceiverProxy
03-04 22:14:50.398   931  1022 W BroadcastQueue: Background execution not allowed: receiving Intent { act=android.intent.action.PACKAGE_REMOVED dat=package:com.iterablernapp flg=0x4000010 (has extras) } to com.google.android.gms/.chimera.GmsIntentOperationService$PersistentTrustedReceiver
03-04 22:14:50.398   931  1022 W BroadcastQueue: Background execution not allowed: receiving Intent { act=android.intent.action.PACKAGE_REMOVED dat=package:com.iterablernapp flg=0x4000010 (has extras) } to com.google.android.googlequicksearchbox/com.google.android.apps.gsa.googlequicksearchbox.GelStubAppWatcher
03-04 22:14:50.449   931  1022 W BroadcastQueue: Background execution not allowed: receiving Intent { act=android.intent.action.PACKAGE_ADDED dat=package:com.iterablernapp flg=0x4000010 (has extras) } to com.google.android.packageinstaller/com.android.packageinstaller.PackageInstalledReceiver
03-04 22:14:50.449   931  1022 W BroadcastQueue: Background execution not allowed: receiving Intent { act=android.intent.action.PACKAGE_ADDED dat=package:com.iterablernapp flg=0x4000010 (has extras) } to com.android.musicfx/.Compatibility$Receiver
03-04 22:14:50.460   931  1022 W BroadcastQueue: Background execution not allowed: receiving Intent { act=android.intent.action.PACKAGE_ADDED dat=package:com.iterablernapp flg=0x4000010 (has extras) } to com.android.vending/com.google.android.finsky.packagemanager.impl.PackageMonitorReceiverImpl$RegisteredReceiver
03-04 22:14:50.460   931  1022 W BroadcastQueue: Background execution not allowed: receiving Intent { act=android.intent.action.PACKAGE_ADDED dat=package:com.iterablernapp flg=0x4000010 (has extras) } to com.google.android.gms/.games.chimera.GamesSystemBroadcastReceiverProxy
03-04 22:14:50.460   931  1022 W BroadcastQueue: Background execution not allowed: receiving Intent { act=android.intent.action.PACKAGE_ADDED dat=package:com.iterablernapp flg=0x4000010 (has extras) } to com.google.android.gms/.gass.chimera.PackageChangeBroadcastReceiver
03-04 22:14:50.461   931  1022 W BroadcastQueue: Background execution not allowed: receiving Intent { act=android.intent.action.PACKAGE_ADDED dat=package:com.iterablernapp flg=0x4000010 (has extras) } to com.google.android.gms/.chimera.GmsIntentOperationService$PersistentTrustedReceiver
03-04 22:14:50.461   931  1022 W BroadcastQueue: Background execution not allowed: receiving Intent { act=android.intent.action.PACKAGE_ADDED dat=package:com.iterablernapp flg=0x4000010 (has extras) } to com.google.android.googlequicksearchbox/com.google.android.apps.gsa.googlequicksearchbox.GelStubAppWatcher
03-04 22:14:50.461   931  1022 W BroadcastQueue: Background execution not allowed: receiving Intent { act=android.intent.action.PACKAGE_ADDED dat=package:com.iterablernapp flg=0x4000010 (has extras) } to com.google.android.ims/.receivers.RcsAutoStartReceiver
03-04 22:14:50.595   931   931 I Telecom : DefaultDialerCache: Refreshing default dialer for user 0: now com.google.android.dialer: DDC.oR@BO4
03-04 22:14:50.760   931  5682 W BroadcastQueue: Background execution not allowed: receiving Intent { act=android.intent.action.PACKAGE_REPLACED dat=package:com.iterablernapp flg=0x4000010 (has extras) } to com.android.musicfx/.Compatibility$Receiver
03-04 22:14:50.766   931  1022 W BroadcastQueue: Background execution not allowed: receiving Intent { act=android.intent.action.PACKAGE_REPLACED dat=package:com.iterablernapp flg=0x4000010 (has extras) } to com.google.android.apps.photos/.account.full.FetchAccountPropertiesAppUpgradeBroadcastReceiver
03-04 22:14:50.766   931  1022 W BroadcastQueue: Background execution not allowed: receiving Intent { act=android.intent.action.PACKAGE_REPLACED dat=package:com.iterablernapp flg=0x4000010 (has extras) } to com.google.android.apps.photos/.account.full.SyncAccountsForLoginBroadcastReceiver
03-04 22:14:50.767   931  1022 W BroadcastQueue: Background execution not allowed: receiving Intent { act=android.intent.action.PACKAGE_REPLACED dat=package:com.iterablernapp flg=0x4000010 (has extras) } to com.google.android.apps.photos/.notificationchannels.AppUpdateBroadcastReceiver
03-04 22:14:50.767   931  1022 W BroadcastQueue: Background execution not allowed: receiving Intent { act=android.intent.action.PACKAGE_REPLACED dat=package:com.iterablernapp flg=0x4000010 (has extras) } to com.google.android.gms/.gass.chimera.PackageChangeBroadcastReceiver
03-04 22:14:50.767   931  1022 W BroadcastQueue: Background execution not allowed: receiving Intent { act=android.intent.action.PACKAGE_REPLACED dat=package:com.iterablernapp flg=0x4000010 (has extras) } to com.google.android.gms/.chimera.GmsIntentOperationService$PersistentTrustedReceiver
03-04 22:14:50.767   931  1022 W BroadcastQueue: Background execution not allowed: receiving Intent { act=android.intent.action.PACKAGE_REPLACED dat=package:com.iterablernapp flg=0x4000010 (has extras) } to com.google.android.googlequicksearchbox/com.google.android.apps.gsa.googlequicksearchbox.GelStubAppWatcher
03-04 22:14:50.768   931  1022 W BroadcastQueue: Background execution not allowed: receiving Intent { act=android.intent.action.PACKAGE_REPLACED dat=package:com.iterablernapp flg=0x4000010 (has extras) } to com.google.android.ims/.receivers.RcsAutoStartReceiver
03-04 22:14:50.775   931   999 W Looper  : Slow delivery took 256ms android.fg h=android.os.Handler c=<recycled PooledLambda@6f58cf9> m=0
03-04 22:14:50.886  1472  2198 D PowerUI : can't show warning due to - plugged: true status unknown: false
03-04 22:14:50.995   931  5939 I ActivityTaskManager: START u0 {flg=0x10000000 cmp=com.iterablernapp/.MainActivity} from uid 2000
03-04 22:14:51.092   931  1025 I ActivityManager: Start proc 23085:com.iterablernapp/u0a127 for activity {com.iterablernapp/com.iterablernapp.MainActivity}
03-04 22:14:51.280   931   999 W Looper  : Drained
--------- beginning of main
03-04 22:14:51.422 29196 29423 I chatty  : uid=10019(com.google.android.gms) highpool[2] expire 1 line
03-04 22:14:51.523 20895 20921 I DeviceAppInfoWork: remove existing package for update: com.iterablernapp
03-04 22:14:51.523 20895 20967 I DeviceAppInfoWork: remove existing package for update: com.iterablernapp
03-04 22:14:51.523 20895 22855 I A       : soft deleting data for DEVICE_INSTALLED_APPS [CONTEXT ratelimit_period="100 MILLISECONDS" ]
03-04 22:14:51.525 20895 22996 I A       : Performing deletion propagation for Geller data.
03-04 22:14:51.527 20895 22855 I A       : Writing data of size=332 bytes with N=1 keys to Geller corpus DEVICE_INSTALLED_APPS at ts=1614896091526000
03-04 22:14:51.527 20895 22996 I A       : Performing deletion propagation for Geller data.
03-04 22:14:51.531 20895 20967 I DeviceAppInfoWork: refreshDeviceAppInfoForAccount done.
03-04 22:14:51.536 20895 22855 I A       : Writing data of size=332 bytes with N=1 keys to Geller corpus DEVICE_INSTALLED_APPS at ts=1614896091526001
03-04 22:14:51.540 20895 20944 I DeviceAppInfoWork: refreshDeviceAppInfoForAccount done.
03-04 22:14:51.549 20895 20970 W DeviceAppInfoWork: missing version info.
03-04 22:14:51.555  1562  1562 D zz      : UtWallpaperService$UtEngine.onVisibilityChanged() false
03-04 22:14:51.559  1562  1562 D zz      : UtRenderer.onNotVisible() 
03-04 22:14:51.561 29196 20756 I chatty  : uid=10019(com.google.android.gms) expire 2 lines
03-04 22:14:51.577 20895 20970 W DeviceAppInfoWork: missing version info.
03-04 22:14:51.814 23085 23134 I chatty  : uid=10127(com.iterablernapp) expire 10 lines
03-04 22:14:51.873   646 23142 I chatty  : uid=0(root) Binder:646_3 expire 1 line
03-04 22:14:51.903   646 23148 I chatty  : uid=0(root) Binder:646_3 expire 1 line
03-04 22:14:51.903   646 23149 I chatty  : uid=0(root) Binder:646_3 expire 1 line
03-04 22:14:52.028 23085 23143 I chatty  : uid=10127(com.iterablernapp) expire 4 lines
03-04 22:14:52.045   477   477 I hwservicemanager: getTransport: Cannot find entry android.hardware.graphics.mapper@3.0::IMapper/default in either framework or device manifest.
03-04 22:14:52.072   931  1018 I chatty  : uid=1000(system) android.bg expire 2 lines
03-04 22:14:52.110  7818  7818 I GoogleInputMethodService: GoogleInputMethodService.onFinishInput():3311 
03-04 22:14:52.111  7818  7818 I GoogleInputMethodService: GoogleInputMethodService.onStartInput():1914 
03-04 22:14:52.215   676   676 D QCOM PowerHAL: LAUNCH HINT: OFF
03-04 22:14:52.236 20895 22995 I PBSessionCacheImpl: Deleted sessionId[91898796031257779] from persistence.
03-04 22:14:52.257 20895 20969 W SearchServiceCore: Abort, client detached.
03-04 22:14:52.260 20895 20969 I A       : cleanUpControllerScope(nowcards-15-2a9a109e-112f)
03-04 22:14:52.296 23085 23157 I chatty  : uid=10127(com.iterablernapp) expire 10 lines
03-04 22:14:52.336 23085 23159 I chatty  : uid=10127(com.iterablernapp) expire 29 lines
03-04 22:14:52.488 23085 23159 W unknown:ViewManagerPropertyUpdater: Could not find generated setter for class com.facebook.react.views.modal.ReactModalHostManager
03-04 22:14:52.491 23085 23159 W unknown:ViewManagerPropertyUpdater: Could not find generated setter for class com.facebook.react.views.modal.ModalHostShadowNode
03-04 22:14:52.492 23085 23159 W unknown:ViewManagerPropertyUpdater: Could not find generated setter for class com.facebook.react.views.text.ReactRawTextManager
03-04 22:14:52.493 23085 23159 W unknown:ViewManagerPropertyUpdater: Could not find generated setter for class com.facebook.react.views.text.ReactRawTextShadowNode
03-04 22:14:52.494 23085 23159 W unknown:ViewManagerPropertyUpdater: Could not find generated setter for class com.facebook.react.views.textinput.ReactTextInputManager
03-04 22:14:52.503 23085 23159 W unknown:ViewManagerPropertyUpdater: Could not find generated setter for class com.facebook.react.views.textinput.ReactTextInputShadowNode
03-04 22:14:52.509 23085 23159 W unknown:ViewManagerPropertyUpdater: Could not find generated setter for class com.facebook.react.views.text.ReactTextViewManager
03-04 22:14:52.513 23085 23159 W unknown:ViewManagerPropertyUpdater: Could not find generated setter for class com.facebook.react.views.text.ReactTextShadowNode
03-04 22:14:52.514 23085 23159 W unknown:ViewManagerPropertyUpdater: Could not find generated setter for class com.facebook.react.views.view.ReactViewManager
03-04 22:14:52.520 23085 23159 W unknown:ViewManagerPropertyUpdater: Could not find generated setter for class com.facebook.react.views.viewpager.ReactViewPagerManager
03-04 22:14:52.523 23085 23159 W unknown:ViewManagerPropertyUpdater: Could not find generated setter for class com.facebook.react.views.text.ReactVirtualTextViewManager
03-04 22:14:52.523 23085 23159 W unknown:ViewManagerPropertyUpdater: Could not find generated setter for class com.facebook.react.views.text.ReactVirtualTextShadowNode
03-04 22:14:52.544 23085 23159 D SoLoader: About to load: libyoga.so
03-04 22:14:52.545 23085 23159 D SoLoader: libyoga.so not found on /data/data/com.iterablernapp/lib-main
03-04 22:14:52.545 23085 23159 D SoLoader: libyoga.so found on /data/app/com.iterablernapp-53eiS9Z2mPxa8iACOgqIgA==/lib/arm64
03-04 22:14:52.545 23085 23159 D SoLoader: Not resolving dependencies for libyoga.so
03-04 22:14:52.546 23085 23159 D SoLoader: Loaded: libyoga.so
03-04 22:14:52.629 23085 23159 I flipper : flipper: FlipperClient::addPlugin Fresco
03-04 22:14:52.637 23085 23085 D ReactNative: ReactInstanceManager.createReactContextInBackground()
03-04 22:14:52.637 23085 23085 D ReactNative: ReactInstanceManager.attachRootViewToInstance()
03-04 22:14:52.703 23085 23158 D SoLoader: About to load: libreactnativeblob.so
03-04 22:14:52.703 23085 23158 D SoLoader: libreactnativeblob.so not found on /data/data/com.iterablernapp/lib-main
03-04 22:14:52.703 23085 23158 D SoLoader: libreactnativeblob.so found on /data/app/com.iterablernapp-53eiS9Z2mPxa8iACOgqIgA==/lib/arm64
03-04 22:14:52.703 23085 23158 D SoLoader: Not resolving dependencies for libreactnativeblob.so
03-04 22:14:52.705 23085 23158 D SoLoader: Loaded: libreactnativeblob.so
03-04 22:14:52.732 23085 23159 I WebViewFactory: Loading com.google.android.webview version 88.0.4324.181 (code 432418133)
03-04 22:14:52.783 23085 23159 W m.iterablernap: Accessing hidden method Landroid/os/Trace;->isTagEnabled(J)Z (greylist, reflection, allowed)
03-04 22:14:52.784 23085 23159 W m.iterablernap: Accessing hidden method Landroid/os/Trace;->traceBegin(JLjava/lang/String;)V (greylist, reflection, allowed)
03-04 22:14:52.784 23085 23159 W m.iterablernap: Accessing hidden method Landroid/os/Trace;->traceEnd(J)V (greylist, reflection, allowed)
03-04 22:14:52.784 23085 23159 W m.iterablernap: Accessing hidden method Landroid/os/Trace;->asyncTraceBegin(JLjava/lang/String;I)V (greylist, reflection, allowed)
03-04 22:14:52.784 23085 23159 W m.iterablernap: Accessing hidden method Landroid/os/Trace;->asyncTraceEnd(JLjava/lang/String;I)V (greylist, reflection, allowed)
03-04 22:14:52.812 23085 23159 I cr_LibraryLoader: Loaded native library version number "88.0.4324.181"
03-04 22:14:52.812 23085 23159 I cr_CachingUmaRecorder: Flushed 4 samples from 4 histograms.
03-04 22:14:52.942 23085 23158 E ReactNativeJS: TypeError: config.logLevel is not a function. (In 'config.logLevel(1)', 'config.logLevel' is 2)
03-04 22:14:52.989 23085 23158 E ReactNativeJS: Invariant Violation: Module AppRegistry is not a registered callable module (calling runApplication)
03-04 22:14:53.008 23085 23158 E ReactNativeJS: Invariant Violation: Module AppRegistry is not a registered callable module (calling runApplication)
03-04 22:14:53.079 23085 23085 W m.iterablernap: Accessing hidden method Landroid/graphics/FontFamily;-><init>()V (greylist, reflection, allowed)
03-04 22:14:53.079 23085 23085 W m.iterablernap: Accessing hidden method Landroid/graphics/FontFamily;->addFontFromAssetManager(Landroid/content/res/AssetManager;Ljava/lang/String;IZIII[Landroid/graphics/fonts/FontVariationAxis;)Z (greylist, reflection, allowed)
03-04 22:14:53.079 23085 23085 W m.iterablernap: Accessing hidden method Landroid/graphics/FontFamily;->addFontFromBuffer(Ljava/nio/ByteBuffer;I[Landroid/graphics/fonts/FontVariationAxis;II)Z (greylist, reflection, allowed)
03-04 22:14:53.079 23085 23085 W m.iterablernap: Accessing hidden method Landroid/graphics/FontFamily;->freeze()Z (greylist, reflection, allowed)
03-04 22:14:53.079 23085 23085 W m.iterablernap: Accessing hidden method Landroid/graphics/FontFamily;->abortCreation()V (greylist, reflection, allowed)
03-04 22:14:53.079 23085 23085 W m.iterablernap: Accessing hidden method Landroid/graphics/Typeface;->createFromFamiliesWithDefault([Landroid/graphics/FontFamily;Ljava/lang/String;II)Landroid/graphics/Typeface; (greylist, reflection, allowed)
03-04 22:14:53.151   646  1510 I chatty  : uid=0(root) Binder:646_6 expire 8 lines
03-04 22:14:53.172  7818  7818 I GoogleInputMethodService: GoogleInputMethodService.onFinishInput():3311 
03-04 22:14:53.173  7818  7818 I GoogleInputMethodService: GoogleInputMethodService.onStartInput():1914 
03-04 22:14:53.880   646 23180 I chatty  : uid=0(root) Binder:646_3 expire 1 line
03-04 22:14:55.112   670   670 I /vendor/bin/hw/android.hardware.health@2.0-service.marlin: SRAM data: 2198000
03-04 22:14:55.162  1472  2198 D PowerUI : can't show warning due to - plugged: true status unknown: false
03-04 22:14:55.154   670   670 I /vendor/bin/hw/android.hardware.health@2.0-service.marlin: SRAM data: 2198000
03-04 22:14:55.688   677   850 I nanohub : osLog: [AR_CHRE] still: 71
03-04 22:14:55.690   677   850 I nanohub : osLog: [AR_CHRE] ON => IDLE
03-04 22:14:55.893   646 23181 I chatty  : uid=0(root) Binder:646_3 expire 1 line
03-04 22:14:57.909   646 23182 I chatty  : uid=0(root) Binder:646_3 expire 1 line
03-04 22:14:59.926   646 23183 I chatty  : uid=0(root) Binder:646_3 expire 1 line
03-04 22:15:00.454 29196 29196 I chatty  : uid=10019(com.google.android.gms) expire 5 lines
03-04 22:15:00.760 29196 23184 I chatty  : uid=10019(com.google.android.gms) expire 2 lines
03-04 22:15:01.942   646 23185 I chatty  : uid=0(root) Binder:646_3 expire 1 line
03-04 22:15:03.969   646 23186 I chatty  : uid=0(root) Binder:646_3 expire 1 line
03-04 22:15:05.782 14095 14095 I Finsky  : [2] afkn.onStartJob(3): SCH: onJobSchedulerWakeup with jobId 9000
03-04 22:15:05.803 29196 23187 I chatty  : uid=10019(com.google.android.gms) expire 1 line
03-04 22:15:05.827   931  5939 I chatty  : uid=1000(system) Binder:931_1D expire 1 line
03-04 22:15:05.860 14095 14095 I Finsky  : [2] affk.handleMessage(4): SCH: DeviceState: DeviceState{currentTime=1614896105851, isCharging=true, isIdle=false, netAny=true, netNotRoaming=true, netUnmetered=true, batteryPercent=100.0}
03-04 22:15:05.875 14095 23041 I Finsky  : [18173] afhu.b(5): SCH: Jobs in database: 1-1337 12-1 26-1414141414 34-510 34-513 34-514 
03-04 22:15:05.886 14095 14095 I Finsky  : [2] affl.m(9): SCH: Running job: 12-1
03-04 22:15:05.887 14095 14095 I Finsky  : [2] ContentSyncJob.s(1): [ContentSync] job started
03-04 22:15:05.891 14095 14095 I Finsky  : [2] affk.handleMessage(29): SCH: RunningQueue size: 1, PendingQueue size: 0
03-04 22:15:05.891 14095 14095 I Finsky  : [2] affk.handleMessage(32): SCH: Running queue: 12-1 
03-04 22:15:05.987   646 23191 I chatty  : uid=0(root) Binder:646_3 expire 1 line
03-04 22:15:06.304 14095 23077 I Finsky  : [18179] hhu.b(1): Completed 0 account content syncs with 0 successful.
03-04 22:15:06.306 14095 14095 I Finsky  : [2] ContentSyncJob.a(1): [ContentSync] Installation state replication succeeded.
03-04 22:15:06.307 14095 14095 I Finsky  : [2] afgl.n(4): SCH: jobFinished: 12-1. TimeElapsed: 420ms.
03-04 22:15:06.307 14095 14095 I Finsky  : [2] affl.b(3): SCH: Job 12-1 finished. Not rescheduling.
03-04 22:15:06.310 14095 14095 I Finsky  : [2] affk.handleMessage(29): SCH: RunningQueue size: 0, PendingQueue size: 0
03-04 22:15:06.310 14095 14095 I Finsky  : [2] affk.handleMessage(10): SCH: Executor finished
03-04 22:15:06.336 14095 14095 I Finsky  : [2] afhu.b(5): SCH: Jobs in database: 1-1337 26-1414141414 34-510 34-513 34-514 
03-04 22:15:06.337 14095 14095 I Finsky  : [2] affy.g(37): SCH: ConstraintMapping: 1-1337, 34-514,  -> L: 9642029ms, D: 75689195ms, C: false, I: false, N: 1
03-04 22:15:06.339 14095 14095 I Finsky  : [2] affy.g(37): SCH: ConstraintMapping: 34-510, 34-513,  -> L: 594105595ms, D: 2443247405ms, C: false, I: true, N: 2
03-04 22:15:06.342 14095 14095 I Finsky  : [2] affy.g(37): SCH: ConstraintMapping: 34-510, 34-513,  -> L: 594105595ms, D: 2443247405ms, C: true, I: true, N: 2
03-04 22:15:06.342 14095 14095 I Finsky  : [2] affy.g(37): SCH: ConstraintMapping: 26-1414141414,  -> L: 25274722ms, D: 26174722ms, C: false, I: false, N: 0
03-04 22:15:06.369 14095 14095 I Finsky  : [2] affy.i(7): SCH: Cancelling existing jobscheduler jobs: 9006 9007 9005 
03-04 22:15:06.370 14095 14095 I Finsky  : [2] affy.h(11): SCH: Scheduling job Id: 9001, L: 9642029, D: 75689195, C: false, I: false, N: 1
03-04 22:15:06.374 14095 14095 I Finsky  : [2] affy.h(11): SCH: Scheduling job Id: 9002, L: 594105595, D: 2443247405, C: false, I: true, N: 2
03-04 22:15:06.376 14095 14095 I Finsky  : [2] affy.h(11): SCH: Scheduling job Id: 9003, L: 594105595, D: 2443247405, C: true, I: true, N: 2
03-04 22:15:06.380 14095 14095 I Finsky  : [2] affy.h(11): SCH: Scheduling job Id: 9004, L: 25274722, D: 26174722, C: false, I: false, N: 0
03-04 22:15:07.998   646 23192 I chatty  : uid=0(root) Binder:646_3 expire 1 line
03-04 22:14:55.180  1472  2198 D PowerUI : can't show warning due to - plugged: true status unknown: false
03-04 22:15:08.717   931  1046 V DisplayPowerController: Brightness [6] reason changing to: 'automatic [ dim ]', previous reason: 'automatic'.
03-04 22:15:09.476   931  1046 V DisplayPowerController: Brightness [19] reason changing to: 'automatic', previous reason: 'automatic [ dim ]'.
03-04 22:15:09.493  7818  7818 I GoogleInputMethodService: GoogleInputMethodService.onFinishInput():3311 
03-04 22:15:09.494  7818  7818 I GoogleInputMethodService: GoogleInputMethodService.onStartInput():1914 
03-04 22:15:09.714 23085 23085 D ReactNative: ReactInstanceManager.onJSBundleLoadedFromServer()
03-04 22:15:09.715 23085 23085 D ReactNative: ReactInstanceManager.recreateReactContextInBackground()
03-04 22:15:09.715 23085 23085 D ReactNative: ReactInstanceManager.runCreateReactContextOnNewThread()
03-04 22:15:09.715 23085 23085 D ReactNative: ReactInstanceManager.tearDownReactContext()
03-04 22:15:09.716 23085 23085 D ReactNative: CatalystInstanceImpl.destroy() start
03-04 22:15:09.716 23085 23085 D ReactNative: CatalystInstanceImpl.destroyV1() start
03-04 22:15:09.717 23085 23085 W unknown:ReactNative: Packager connection already open, nooping.
03-04 22:15:09.718 23085 23196 D ReactNative: ReactInstanceManager.createReactContext()
03-04 22:15:09.738 23085 23133 D ReactNative: CatalystInstanceImpl.destroy() end
03-04 22:15:09.741 23085 23196 D ReactNative: Initializing React Xplat Bridge.
03-04 22:15:09.744 23085 23196 D ReactNative: Initializing React Xplat Bridge before initializeBridge
03-04 22:15:09.748 23085 23196 D ReactNative: Initializing React Xplat Bridge after initializeBridge
03-04 22:15:09.748 23085 23196 D ReactNative: CatalystInstanceImpl.runJSBundle()
03-04 22:15:09.749 23085 23198 D ReactNative: ReactInstanceManager.setupReactContext()
03-04 22:15:09.749 23085 23198 D ReactNative: CatalystInstanceImpl.initialize()
03-04 22:15:09.750 23085 23198 D ReactNative: ReactInstanceManager.attachRootViewToInstance()
03-04 22:15:09.750 23085 23085 W unknown:ReactNative: Packager connection already open, nooping.
03-04 22:15:09.752 23085 23198 W unknown:ViewManagerPropertyUpdater: Could not find generated setter for class com.facebook.react.views.art.ARTGroupViewManager
03-04 22:15:09.753 23085 23198 W unknown:ViewManagerPropertyUpdater: Could not find generated setter for class com.facebook.react.views.art.ARTGroupShadowNode
03-04 22:15:09.754 23085 23198 W unknown:ViewManagerPropertyUpdater: Could not find generated setter for class com.facebook.react.views.art.ARTShapeViewManager
03-04 22:15:09.754 23085 23198 W unknown:ViewManagerPropertyUpdater: Could not find generated setter for class com.facebook.react.views.art.ARTShapeShadowNode
03-04 22:15:09.756 23085 23198 W unknown:ViewManagerPropertyUpdater: Could not find generated setter for class com.facebook.react.views.art.ARTTextViewManager
03-04 22:15:09.756 23085 23198 W unknown:ViewManagerPropertyUpdater: Could not find generated setter for class com.facebook.react.views.art.ARTTextShadowNode
03-04 22:15:09.757 23085 23198 W unknown:ViewManagerPropertyUpdater: Could not find generated setter for class com.facebook.react.views.checkbox.ReactCheckBoxManager
03-04 22:15:09.762 23085 23198 W unknown:ViewManagerPropertyUpdater: Could not find generated setter for class com.facebook.react.uimanager.LayoutShadowNode
03-04 22:15:09.767 23085 23198 W unknown:ViewManagerPropertyUpdater: Could not find generated setter for class com.facebook.react.views.picker.ReactDialogPickerManager
03-04 22:15:09.770 23085 23198 W unknown:ViewManagerPropertyUpdater: Could not find generated setter for class com.facebook.react.views.drawer.ReactDrawerLayoutManager
03-04 22:15:09.772 23085 23198 W unknown:ViewManagerPropertyUpdater: Could not find generated setter for class com.facebook.react.views.picker.ReactDropdownPickerManager
03-04 22:15:09.774 23085 23198 W unknown:ViewManagerPropertyUpdater: Could not find generated setter for class com.facebook.react.views.scroll.ReactHorizontalScrollViewManager
03-04 22:15:09.778 23085 23198 W unknown:ViewManagerPropertyUpdater: Could not find generated setter for class com.facebook.react.views.scroll.ReactHorizontalScrollContainerViewManager
03-04 22:15:09.780 23085 23198 W unknown:ViewManagerPropertyUpdater: Could not find generated setter for class com.facebook.react.views.progressbar.ReactProgressBarViewManager
03-04 22:15:09.782 23085 23198 W unknown:ViewManagerPropertyUpdater: Could not find generated setter for class com.facebook.react.views.progressbar.ProgressBarShadowNode
03-04 22:15:09.783 23085 23198 W unknown:ViewManagerPropertyUpdater: Could not find generated setter for class com.facebook.react.views.scroll.ReactScrollViewManager
03-04 22:15:09.787 23085 23198 W unknown:ViewManagerPropertyUpdater: Could not find generated setter for class com.facebook.react.views.slider.ReactSliderManager
03-04 22:15:09.790 23085 23198 W unknown:ViewManagerPropertyUpdater: Could not find generated setter for class com.facebook.react.views.slider.ReactSliderManager$ReactSliderShadowNode
03-04 22:15:09.791 23085 23198 W unknown:ViewManagerPropertyUpdater: Could not find generated setter for class com.facebook.react.views.switchview.ReactSwitchManager
03-04 22:15:09.794 23085 23198 W unknown:ViewManagerPropertyUpdater: Could not find generated setter for class com.facebook.react.views.switchview.ReactSwitchManager$ReactSwitchShadowNode
03-04 22:15:09.795 23085 23198 W unknown:ViewManagerPropertyUpdater: Could not find generated setter for class com.facebook.react.views.swiperefresh.SwipeRefreshLayoutManager
03-04 22:15:09.797 23085 23198 W unknown:ViewManagerPropertyUpdater: Could not find generated setter for class com.facebook.react.views.art.ARTSurfaceViewManager
03-04 22:15:09.798 23085 23198 W unknown:ViewManagerPropertyUpdater: Could not find generated setter for class com.facebook.react.views.art.ARTSurfaceViewShadowNode
03-04 22:15:09.799 23085 23198 W unknown:ViewManagerPropertyUpdater: Could not find generated setter for class com.facebook.react.views.text.frescosupport.FrescoBasedReactTextInlineImageViewManager
03-04 22:15:09.799 23085 23198 W unknown:ViewManagerPropertyUpdater: Could not find generated setter for class com.facebook.react.views.text.frescosupport.FrescoBasedReactTextInlineImageShadowNode
03-04 22:15:09.800 23085 23198 W unknown:ViewManagerPropertyUpdater: Could not find generated setter for class com.facebook.react.views.image.ReactImageManager
03-04 22:15:09.804 23085 23198 W unknown:ViewManagerPropertyUpdater: Could not find generated setter for class com.facebook.react.views.modal.ReactModalHostManager
03-04 22:15:09.807 23085 23198 W unknown:ViewManagerPropertyUpdater: Could not find generated setter for class com.facebook.react.views.modal.ModalHostShadowNode
03-04 22:15:09.808 23085 23198 W unknown:ViewManagerPropertyUpdater: Could not find generated setter for class com.facebook.react.views.text.ReactRawTextManager
03-04 22:15:09.808 23085 23198 W unknown:ViewManagerPropertyUpdater: Could not find generated setter for class com.facebook.react.views.text.ReactRawTextShadowNode
03-04 22:15:09.809 23085 23198 W unknown:ViewManagerPropertyUpdater: Could not find generated setter for class com.facebook.react.views.textinput.ReactTextInputManager
03-04 22:15:09.816 23085 23198 W unknown:ViewManagerPropertyUpdater: Could not find generated setter for class com.facebook.react.views.textinput.ReactTextInputShadowNode
03-04 22:15:09.821 23085 23198 W unknown:ViewManagerPropertyUpdater: Could not find generated setter for class com.facebook.react.views.text.ReactTextViewManager
03-04 22:15:09.824 23085 23198 W unknown:ViewManagerPropertyUpdater: Could not find generated setter for class com.facebook.react.views.text.ReactTextShadowNode
03-04 22:15:09.825 23085 23198 W unknown:ViewManagerPropertyUpdater: Could not find generated setter for class com.facebook.react.views.view.ReactViewManager
03-04 22:15:09.829 23085 23198 W unknown:ViewManagerPropertyUpdater: Could not find generated setter for class com.facebook.react.views.viewpager.ReactViewPagerManager
03-04 22:15:09.831 23085 23198 W unknown:ViewManagerPropertyUpdater: Could not find generated setter for class com.facebook.react.views.text.ReactVirtualTextViewManager
03-04 22:15:09.831 23085 23198 W unknown:ViewManagerPropertyUpdater: Could not find generated setter for class com.facebook.react.views.text.ReactVirtualTextShadowNode
03-04 22:15:09.916   670   670 I /vendor/bin/hw/android.hardware.health@2.0-service.marlin: SRAM data: 2198000
03-04 22:15:09.930  1472  2198 D PowerUI : can't show warning due to - plugged: true status unknown: false
03-04 22:15:09.921   670   670 I /vendor/bin/hw/android.hardware.health@2.0-service.marlin: SRAM data: 2198000
03-04 22:15:10.014   646 23203 I chatty  : uid=0(root) Binder:646_3 expire 1 line
03-04 22:15:10.021 23085 23085 D ReactNative: ReactInstanceManager.createReactContextInBackground()
03-04 22:15:10.021 23085 23085 D ReactNative: ReactInstanceManager.attachRootViewToInstance()
03-04 22:15:10.091   646 23205 I chatty  : uid=0(root) Binder:646_3 expire 1 line
03-04 22:15:10.277 23085 23197 I ReactNativeJS: initialize: 0c7d3bb37e9e4f9b90fb8b2b7c5db3a1
03-04 22:15:10.541 23085 23197 I ReactNativeJS: Running "iterableRNApp" with {"rootTag":21}
03-04 22:15:10.633 23085 23085 W m.iterablernap: Accessing hidden field Landroid/view/View;->mAccessibilityDelegate:Landroid/view/View$AccessibilityDelegate; (greylist, reflection, allowed)
03-04 22:15:10.773 23085 23174 E unknown:ReactContextBaseJavaModule: Unhandled SoftException
03-04 22:15:10.773 23085 23174 E unknown:ReactContextBaseJavaModule: java.lang.RuntimeException: Catalyst Instance has already disappeared: requested by WebSocketModule
03-04 22:15:10.773 23085 23174 E unknown:ReactContextBaseJavaModule: 	at com.facebook.react.bridge.ReactContextBaseJavaModule.getReactApplicationContextIfActiveOrWarn(ReactContextBaseJavaModule.java:67)
03-04 22:15:10.773 23085 23174 E unknown:ReactContextBaseJavaModule: 	at com.facebook.react.modules.websocket.WebSocketModule.sendEvent(WebSocketModule.java:62)
03-04 22:15:10.773 23085 23174 E unknown:ReactContextBaseJavaModule: 	at com.facebook.react.modules.websocket.WebSocketModule.access$100(WebSocketModule.java:40)
03-04 22:15:10.773 23085 23174 E unknown:ReactContextBaseJavaModule: 	at com.facebook.react.modules.websocket.WebSocketModule$1.onMessage(WebSocketModule.java:187)
03-04 22:15:10.773 23085 23174 E unknown:ReactContextBaseJavaModule: 	at okhttp3.internal.ws.RealWebSocket.onReadMessage(RealWebSocket.java:323)
03-04 22:15:10.773 23085 23174 E unknown:ReactContextBaseJavaModule: 	at okhttp3.internal.ws.WebSocketReader.readMessageFrame(WebSocketReader.java:219)
03-04 22:15:10.773 23085 23174 E unknown:ReactContextBaseJavaModule: 	at okhttp3.internal.ws.WebSocketReader.processNextFrame(WebSocketReader.java:105)
03-04 22:15:10.773 23085 23174 E unknown:ReactContextBaseJavaModule: 	at okhttp3.internal.ws.RealWebSocket.loopReader(RealWebSocket.java:274)
03-04 22:15:10.773 23085 23174 E unknown:ReactContextBaseJavaModule: 	at okhttp3.internal.ws.RealWebSocket$2.onResponse(RealWebSocket.java:214)
03-04 22:15:10.773 23085 23174 E unknown:ReactContextBaseJavaModule: 	at okhttp3.RealCall$AsyncCall.execute(RealCall.java:206)
03-04 22:15:10.773 23085 23174 E unknown:ReactContextBaseJavaModule: 	at okhttp3.internal.NamedRunnable.run(NamedRunnable.java:32)
03-04 22:15:10.773 23085 23174 E unknown:ReactContextBaseJavaModule: 	at java.util.concurrent.ThreadPoolExecutor.runWorker(ThreadPoolExecutor.java:1167)
03-04 22:15:10.773 23085 23174 E unknown:ReactContextBaseJavaModule: 	at java.util.concurrent.ThreadPoolExecutor$Worker.run(ThreadPoolExecutor.java:641)
03-04 22:15:10.773 23085 23174 E unknown:ReactContextBaseJavaModule: 	at java.lang.Thread.run(Thread.java:919)
03-04 22:15:10.774 23085 23174 I chatty  : uid=10127(com.iterablernapp) identical 2 lines
03-04 22:15:11.385   670   670 I /vendor/bin/hw/android.hardware.health@2.0-service.marlin: SRAM data: 2198000
03-04 22:15:11.407   931  1633 W NotificationService: Toast already killed. pkg=com.iterablernapp callback=android.app.ITransientNotification$Stub$Proxy@5d413f6
03-04 22:15:11.419  1472  2198 D PowerUI : can't show warning due to - plugged: true status unknown: false
03-04 22:15:11.883   931  1046 V DisplayPowerController: Brightness [6] reason changing to: 'automatic [ dim ]', previous reason: 'automatic'.
03-04 22:15:11.397   670   670 I /vendor/bin/hw/android.hardware.health@2.0-service.marlin: SRAM data: 2198000
03-04 22:15:12.021   646 23215 I chatty  : uid=0(root) Binder:646_3 expire 1 line
03-04 22:15:12.866   931  1007 W WindowManager: Unable to start animation, surface is null or no children.
03-04 22:15:14.032   646 23216 I chatty  : uid=0(root) Binder:646_3 expire 1 line
03-04 22:15:16.046   646 23226 I chatty  : uid=0(root) Binder:646_3 expire 1 line
03-04 22:15:18.048 14095 14095 I Finsky  : [2] apcs.b(3): Verification requested, id = 56
03-04 22:15:18.062   646 23235 I chatty  : uid=0(root) Binder:646_3 expire 1 line
03-04 22:15:18.062 14095 14095 E Finsky  : [2] VerifyPerSourceInstallationConsentInstallTask.f(2): Package name null is not an installed package
03-04 22:15:18.075 14095 23030 I Finsky  : [18168] apeq.a(8): Single user settings service is not running, bind it now
03-04 22:15:18.084 14095 14095 I Finsky  : [2] apep.onServiceConnected(1): Single user settings service is connected
03-04 22:15:18.094 14095 23030 W Settings: Setting install_non_market_apps has moved from android.provider.Settings.Global to android.provider.Settings.Secure, returning read-only value.
03-04 22:15:18.722 14095 23030 I Finsky  : [18168] pwu.c(3): Task 7 requested foreground
03-04 22:15:18.725 14095 23030 I Finsky  : [18168] pwu.c(8): Not entering foreground
03-04 22:15:18.902 14095 23033 I Finsky  : [18171] aplg.c(3): Verify: Verification package=com.iterablernapp, id=56 response=0
03-04 22:15:19.113 14095 23030 I Finsky  : [18168] VerifyPerSourceInstallationConsentInstallTask.mY(2): PSIC verification started with installer uid: 2000 package name: null, originating uid: -1
03-04 22:15:19.117 14095 14095 I Finsky  : [2] VerifyInstallTask.g(3): Verifying id=56, result=1
03-04 22:15:19.122 14095 14095 I Finsky  : [2] VerifyInstallTask.mW(6): Verification complete: id=56, package_name=com.iterablernapp
03-04 22:15:19.190   931  1022 I ActivityManager: Force stopping com.iterablernapp appid=10127 user=-1: installPackageLI
03-04 22:15:19.190   931  1022 I ActivityManager: Killing 23085:com.iterablernapp/u0a127 (adj 0): stop com.iterablernapp
03-04 22:15:19.191   931  1022 W ActivityTaskManager: Force removing ActivityRecord{6425697 u0 com.iterablernapp/.MainActivity t2456 f}: app died, no saved state
03-04 22:15:19.193   931  1080 I PackageManager: Update package com.iterablernapp code path from /data/app/com.iterablernapp-53eiS9Z2mPxa8iACOgqIgA== to /data/app/com.iterablernapp-_8u6S3n58y6aEifGWiKngw==; Retain data and using new
03-04 22:15:19.193   931  1080 I PackageManager: Update package com.iterablernapp resource path from /data/app/com.iterablernapp-53eiS9Z2mPxa8iACOgqIgA== to /data/app/com.iterablernapp-_8u6S3n58y6aEifGWiKngw==; Retain data and using new
03-04 22:15:19.303   653   653 I chatty  : uid=0(root) main expire 2 lines
03-04 22:15:19.386   931  1080 I PackageManager: Un-granting permission android.permission.MANAGE_DOCUMENTS from package com.google.android.youtube (protectionLevel=262146 flags=0x30dbbec5)
03-04 22:15:19.386   931  1080 I PackageManager: Un-granting permission android.permission.MANAGE_USERS from package com.vzw.apnlib (protectionLevel=18 flags=0x3088be45)
03-04 22:15:19.386   931  1080 I PackageManager: Un-granting permission android.permission.PACKAGE_USAGE_STATS from package com.vzw.apnlib (protectionLevel=114 flags=0x3088be45)
03-04 22:15:19.386   931  1080 I PackageManager: Un-granting permission android.permission.UPDATE_APP_OPS_STATS from package com.vzw.apnlib (protectionLevel=274 flags=0x3088be45)
03-04 22:15:19.386   931  1080 I PackageManager: Un-granting permission com.verizon.vzwavs.mvs.permission.WRITE from package com.vzw.apnlib (protectionLevel=2 flags=0x3088be45)
03-04 22:15:19.389   931  1080 I PackageManager: Un-granting permission android.permission.INTERACT_ACROSS_PROFILES from package com.google.android.googlequicksearchbox (protectionLevel=18 flags=0xa8dbbec5)
03-04 22:15:19.389   931  1080 I PackageManager: Un-granting permission android.permission.MANAGE_SOUND_TRIGGER from package com.google.android.googlequicksearchbox (protectionLevel=18 flags=0xa8dbbec5)
03-04 22:15:19.389   931  1080 I PackageManager: Un-granting permission android.permission.CONTROL_INCALL_EXPERIENCE from package com.google.android.googlequicksearchbox (protectionLevel=18 flags=0xa8dbbec5)
03-04 22:15:19.389   931  1080 I PackageManager: Un-granting permission android.permission.WRITE_APN_SETTINGS from package com.google.android.googlequicksearchbox (protectionLevel=18 flags=0xa8dbbec5)
03-04 22:15:19.389   931  1080 I PackageManager: Un-granting permission android.permission.INSTALL_PACKAGES from package com.verizon.mips.services (protectionLevel=18 flags=0x3058be45)
03-04 22:15:19.390   931  1080 I PackageManager: Un-granting permission android.permission.GET_TOP_ACTIVITY_INFO from package com.verizon.mips.services (protectionLevel=2 flags=0x3058be45)
03-04 22:15:19.390   931  1080 I PackageManager: Un-granting permission android.permission.ACCESS_BLUETOOTH_SHARE from package com.verizon.mips.services (protectionLevel=2 flags=0x3058be45)
03-04 22:15:19.390   931  1080 I PackageManager: Un-granting permission android.permission.UPDATE_APP_OPS_STATS from package com.verizon.mips.services (protectionLevel=274 flags=0x3058be45)
03-04 22:15:19.390   931  1080 I PackageManager: Un-granting permission android.permission.DUMP from package com.verizon.mips.services (protectionLevel=50 flags=0x3058be45)
03-04 22:15:19.390   931  1080 I PackageManager: Un-granting permission android.permission.WRITE_SECURE_SETTINGS from package com.verizon.mips.services (protectionLevel=50 flags=0x3058be45)
03-04 22:15:19.390   931  1080 I PackageManager: Un-granting permission com.google.android.googleapps.permission.GOOGLE_AUTH from package com.android.providers.calendar (protectionLevel=2 flags=0x30883e45)
03-04 22:15:19.390   931  1080 I PackageManager: Un-granting permission com.google.android.googleapps.permission.GOOGLE_AUTH.cl from package com.android.providers.calendar (protectionLevel=2 flags=0x30883e45)
03-04 22:15:19.391   931  1080 I PackageManager: Un-granting permission com.google.android.gm.permission.READ_GMAIL from package com.google.android.apps.docs.editors.docs (protectionLevel=2 flags=0x38dbbe44)
03-04 22:15:19.391   931  1080 I PackageManager: Un-granting permission com.google.android.googleapps.permission.GOOGLE_AUTH from package com.google.android.apps.docs.editors.docs (protectionLevel=2 flags=0x38dbbe44)
03-04 22:15:19.391   931  1080 I PackageManager: Un-granting permission com.google.android.googleapps.permission.GOOGLE_AUTH.OTHER_SERVICES from package com.google.android.apps.docs.editors.docs (protectionLevel=2 flags=0x38dbbe44)
03-04 22:15:19.391   931  1080 I PackageManager: Un-granting permission com.google.android.googleapps.permission.GOOGLE_AUTH.ALL_SERVICES from package com.google.android.apps.docs.editors.docs (protectionLevel=2 flags=0x38dbbe44)
03-04 22:15:19.391   931  1080 I PackageManager: Un-granting permission com.google.android.googleapps.permission.GOOGLE_AUTH.writely from package com.google.android.apps.docs.editors.docs (protectionLevel=2 flags=0x38dbbe44)
