03-04 17:40:42.978  1472  2198 D PowerUI : can't show warning due to - plugged: true status unknown: false
03-04 17:40:44.405  1472  2198 D PowerUI : can't show warning due to - plugged: true status unknown: false
03-04 17:41:43.510  1472  2198 D PowerUI : can't show warning due to - plugged: true status unknown: false
03-04 17:41:44.184  1472  2198 D PowerUI : can't show warning due to - plugged: true status unknown: false
03-04 17:41:59.980  1472  2198 D PowerUI : can't show warning due to - plugged: true status unknown: false
03-04 17:42:32.212  1472  2198 D PowerUI : can't show warning due to - plugged: true status unknown: false
03-04 17:42:34.270  1472  2198 D PowerUI : can't show warning due to - plugged: true status unknown: false
03-04 17:42:44.404  1472  2198 D PowerUI : can't show warning due to - plugged: true status unknown: false
03-04 17:43:27.749  1472  2198 D PowerUI : can't show warning due to - plugged: true status unknown: false
03-04 17:43:29.678  1472  2198 D PowerUI : can't show warning due to - plugged: true status unknown: false
03-04 17:43:44.411  1472  2198 D PowerUI : can't show warning due to - plugged: true status unknown: false
03-04 17:44:27.762  1472  2198 D PowerUI : can't show warning due to - plugged: true status unknown: false
03-04 17:44:29.654  1472  2198 D PowerUI : can't show warning due to - plugged: true status unknown: false
03-04 17:44:29.868   931  1389 I chatty  : uid=1000(system) ConnectivitySer expire 10 lines
03-04 17:44:44.401  1472  2198 D PowerUI : can't show warning due to - plugged: true status unknown: false
03-04 17:45:44.431  1472  2198 D PowerUI : can't show warning due to - plugged: true status unknown: false
03-04 17:46:04.297  1472  2198 D PowerUI : can't show warning due to - plugged: true status unknown: false
03-04 17:46:06.330  1472  2198 D PowerUI : can't show warning due to - plugged: true status unknown: false
03-04 17:46:27.809  1472  2198 D PowerUI : can't show warning due to - plugged: true status unknown: false
03-04 17:46:29.648  1472  2198 D PowerUI : can't show warning due to - plugged: true status unknown: false
03-04 17:46:44.404  1472  2198 D PowerUI : can't show warning due to - plugged: true status unknown: false
03-04 17:47:44.431  1472  2198 D PowerUI : can't show warning due to - plugged: true status unknown: false
03-04 17:47:48.448  1472  2198 D PowerUI : can't show warning due to - plugged: true status unknown: false
03-04 17:47:50.622  1472  2198 D PowerUI : can't show warning due to - plugged: true status unknown: false
03-04 17:48:44.402  1472  2198 D PowerUI : can't show warning due to - plugged: true status unknown: false
03-04 17:48:53.190   931  5753 I chatty  : uid=1000(system) Binder:931_1A expire 14 lines
03-04 17:48:53.396  1472  2198 D PowerUI : can't show warning due to - plugged: true status unknown: false
03-04 17:48:55.149  1472  2198 D PowerUI : can't show warning due to - plugged: true status unknown: false
03-04 17:49:27.815  1472  2198 D PowerUI : can't show warning due to - plugged: true status unknown: false
03-04 17:49:29.651   931  5865 I chatty  : uid=1000(system) Binder:931_1B expire 19 lines
03-04 17:49:29.667  1472  2198 D PowerUI : can't show warning due to - plugged: true status unknown: false
03-04 17:49:29.887   931  1389 I chatty  : uid=1000(system) ConnectivitySer expire 12 lines
03-04 17:49:39.414   931  1257 I chatty  : uid=1000(system) Binder:931_3 expire 14 lines
03-04 17:49:44.405  1472  2198 D PowerUI : can't show warning due to - plugged: true status unknown: false
03-04 17:49:56.117  1472  2198 D PowerUI : can't show warning due to - plugged: true status unknown: false
03-04 17:50:27.832  1472  2198 D PowerUI : can't show warning due to - plugged: true status unknown: false
03-04 17:50:29.816  1472  2198 D PowerUI : can't show warning due to - plugged: true status unknown: false
03-04 17:50:44.403  1472  2198 D PowerUI : can't show warning due to - plugged: true status unknown: false
03-04 17:51:27.757  1472  2198 D PowerUI : can't show warning due to - plugged: true status unknown: false
03-04 17:51:27.781   931   966 I chatty  : uid=1000(system) Binder:931_1 expire 11 lines
03-04 17:51:29.625  1472  2198 D PowerUI : can't show warning due to - plugged: true status unknown: false
03-04 17:51:44.432  1472  2198 D PowerUI : can't show warning due to - plugged: true status unknown: false
03-04 17:52:27.798  1472  2198 D PowerUI : can't show warning due to - plugged: true status unknown: false
03-04 17:52:29.660   931   931 I chatty  : uid=1000 system_server expire 16 lines
03-04 17:52:44.394  1472  2198 D PowerUI : can't show warning due to - plugged: true status unknown: false
03-04 17:52:56.579  1472  2198 D PowerUI : can't show warning due to - plugged: true status unknown: false
03-04 17:52:57.214   931  2999 I chatty  : uid=1000(system) Binder:931_F expire 14 lines
03-04 17:52:57.405   931  2891 I chatty  : uid=1000(system) Binder:931_C expire 11 lines
03-04 17:53:44.436  1472  2198 D PowerUI : can't show warning due to - plugged: true status unknown: false
03-04 17:54:06.266  1472  2198 D PowerUI : can't show warning due to - plugged: true status unknown: false
03-04 17:54:06.750  1472  2198 D PowerUI : can't show warning due to - plugged: true status unknown: false
03-04 17:54:08.240   931  2891 I chatty  : uid=1000(system) Binder:931_C expire 10 lines
03-04 17:54:08.282  1472  2198 D PowerUI : can't show warning due to - plugged: true status unknown: false
03-04 17:54:08.381   931  1389 I chatty  : uid=1000(system) ConnectivitySer expire 17 lines
03-04 17:54:40.074  1472  2198 D PowerUI : can't show warning due to - plugged: true status unknown: false
03-04 17:54:43.105   931  1633 I chatty  : uid=1000(system) Binder:931_7 expire 24 lines
03-04 17:54:43.133  1472  2198 D PowerUI : can't show warning due to - plugged: true status unknown: false
03-04 17:54:44.411  1472  2198 D PowerUI : can't show warning due to - plugged: true status unknown: false
03-04 17:54:53.358  1472  2198 D PowerUI : can't show warning due to - plugged: true status unknown: false
03-04 17:54:53.372   931  1633 I chatty  : uid=1000(system) Binder:931_7 expire 10 lines
03-04 17:54:55.248  1472  2198 D PowerUI : can't show warning due to - plugged: true status unknown: false
03-04 17:55:36.553  1472  2198 D PowerUI : can't show warning due to - plugged: true status unknown: false
03-04 17:55:44.403  1472  2198 D PowerUI : can't show warning due to - plugged: true status unknown: false
03-04 17:55:55.718  1472  2198 D PowerUI : can't show warning due to - plugged: true status unknown: false
03-04 17:55:57.622  1472  2198 D PowerUI : can't show warning due to - plugged: true status unknown: false
03-04 17:56:29.645  1472  2198 D PowerUI : can't show warning due to - plugged: true status unknown: false
03-04 17:56:44.403  1472  2198 D PowerUI : can't show warning due to - plugged: true status unknown: false
03-04 17:57:27.763  1472  2198 D PowerUI : can't show warning due to - plugged: true status unknown: false
03-04 17:57:29.679  1472  2198 D PowerUI : can't show warning due to - plugged: true status unknown: false
03-04 17:57:44.405  1472  2198 D PowerUI : can't show warning due to - plugged: true status unknown: false
03-04 17:58:44.410  1472  2198 D PowerUI : can't show warning due to - plugged: true status unknown: false
03-04 17:58:50.518   931  2891 I chatty  : uid=1000(system) Binder:931_C expire 11 lines
03-04 17:58:50.520   931  2871 I chatty  : uid=1000(system) Binder:931_A expire 18 lines
03-04 17:59:03.805   931  1025 I chatty  : uid=1000(system) ActivityManager expire 12 lines
03-04 17:59:03.943  1472  2198 D PowerUI : can't show warning due to - plugged: true status unknown: false
03-04 17:59:03.963   931  1257 I chatty  : uid=1000(system) Binder:931_3 expire 10 lines
03-04 17:59:06.167 27759 27759 D ActivityThread: Loading provider contacts;com.android.contacts: com.android.providers.contacts.ContactsProvider2
03-04 17:59:09.008  1472  2198 D PowerUI : can't show warning due to - plugged: true status unknown: false
03-04 17:59:27.577   931  1389 I chatty  : uid=1000(system) ConnectivitySer expire 10 lines
03-04 17:59:27.759  1472  2198 D PowerUI : can't show warning due to - plugged: true status unknown: false
03-04 17:59:27.771   931  3329 I chatty  : uid=1000(system) Binder:931_17 expire 10 lines
03-04 17:59:44.430  1472  2198 D PowerUI : can't show warning due to - plugged: true status unknown: false
03-04 18:00:27.779  1472  2198 D PowerUI : can't show warning due to - plugged: true status unknown: false
03-04 18:00:29.689  1472  2198 D PowerUI : can't show warning due to - plugged: true status unknown: false
03-04 18:00:44.403  1472  2198 D PowerUI : can't show warning due to - plugged: true status unknown: false
03-04 18:01:27.659   931  3323 I chatty  : uid=1000(system) Binder:931_14 expire 12 lines
03-04 18:01:27.756  1472  2198 D PowerUI : can't show warning due to - plugged: true status unknown: false
03-04 18:01:29.674  1472  2198 D PowerUI : can't show warning due to - plugged: true status unknown: false
03-04 18:01:44.433  1472  2198 D PowerUI : can't show warning due to - plugged: true status unknown: false
03-04 18:02:27.785  1472  2198 D PowerUI : can't show warning due to - plugged: true status unknown: false
03-04 18:02:29.707  1472  2198 D PowerUI : can't show warning due to - plugged: true status unknown: false
03-04 18:02:44.420  1472  2198 D PowerUI : can't show warning due to - plugged: true status unknown: false
03-04 18:03:05.145  1472  2198 D PowerUI : can't show warning due to - plugged: true status unknown: false
03-04 18:03:07.198   931  1022 I chatty  : uid=1000(system) ActivityManager expire 11 lines
03-04 18:03:07.268  1472  2198 D PowerUI : can't show warning due to - plugged: true status unknown: false
03-04 18:03:19.216  1472  2198 D PowerUI : can't show warning due to - plugged: true status unknown: false
03-04 18:03:24.439  1472  2198 D PowerUI : can't show warning due to - plugged: true status unknown: false
03-04 18:03:27.565   931  1389 I chatty  : uid=1000(system) ConnectivitySer expire 10 lines
03-04 18:03:27.604  1472  2198 D PowerUI : can't show warning due to - plugged: true status unknown: false
03-04 18:03:32.954  1472  2198 D PowerUI : can't show warning due to - plugged: true status unknown: false
03-04 18:03:44.402  1472  2198 D PowerUI : can't show warning due to - plugged: true status unknown: false
03-04 18:04:27.794  1472  2198 D PowerUI : can't show warning due to - plugged: true status unknown: false
03-04 18:04:27.799   931  5682 I chatty  : uid=1000(system) Binder:931_19 expire 10 lines
03-04 18:04:29.765  1472  2198 D PowerUI : can't show warning due to - plugged: true status unknown: false
03-04 18:04:44.409  1472  2198 D PowerUI : can't show warning due to - plugged: true status unknown: false
03-04 18:05:27.769  1472  2198 D PowerUI : can't show warning due to - plugged: true status unknown: false
03-04 18:05:29.628   931   931 I chatty  : uid=1000 system_server expire 17 lines
03-04 18:05:29.687  1472  2198 D PowerUI : can't show warning due to - plugged: true status unknown: false
03-04 18:05:44.431  1472  2198 D PowerUI : can't show warning due to - plugged: true status unknown: false
03-04 18:06:27.724  1472  2198 D PowerUI : can't show warning due to - plugged: true status unknown: false
03-04 18:06:29.666   931  8960 I chatty  : uid=1000(system) Binder:931_20 expire 10 lines
03-04 18:06:29.738  1472  2198 D PowerUI : can't show warning due to - plugged: true status unknown: false
03-04 18:06:44.404  1472  2198 D PowerUI : can't show warning due to - plugged: true status unknown: false
03-04 18:07:23.842  1472  2198 D PowerUI : can't show warning due to - plugged: true status unknown: false
03-04 18:07:25.588  1472  2198 D PowerUI : can't show warning due to - plugged: true status unknown: false
03-04 18:07:25.596   931  5939 I chatty  : uid=1000(system) Binder:931_1D expire 16 lines
03-04 18:07:25.922  1472  2198 D PowerUI : can't show warning due to - plugged: true status unknown: false
03-04 18:07:25.938   931  3329 I chatty  : uid=1000(system) Binder:931_17 expire 10 lines
03-04 18:07:26.077   931  1389 I chatty  : uid=1000(system) ConnectivitySer expire 10 lines
03-04 18:07:31.898  1472  2198 D PowerUI : can't show warning due to - plugged: true status unknown: false
03-04 18:07:44.404  1472  2198 D PowerUI : can't show warning due to - plugged: true status unknown: false
03-04 18:08:29.677   931  1666 I chatty  : uid=1000(system) Binder:931_8 expire 10 lines
03-04 18:08:29.681   931  2891 I chatty  : uid=1000(system) Binder:931_C expire 11 lines
03-04 18:08:29.759  1472  2198 D PowerUI : can't show warning due to - plugged: true status unknown: false
03-04 18:08:44.407  1472  2198 D PowerUI : can't show warning due to - plugged: true status unknown: false
03-04 18:09:44.405  1472  2198 D PowerUI : can't show warning due to - plugged: true status unknown: false
03-04 18:10:00.650   931  1389 I chatty  : uid=1000(system) ConnectivitySer expire 15 lines
03-04 18:10:27.774  1472  2198 D PowerUI : can't show warning due to - plugged: true status unknown: false
03-04 18:10:38.556  1472  2198 D PowerUI : can't show warning due to - plugged: true status unknown: false
03-04 18:10:41.316  1472  2198 D PowerUI : can't show warning due to - plugged: true status unknown: false
03-04 18:10:42.244   931  5939 I chatty  : uid=1000(system) Binder:931_1D expire 12 lines
03-04 18:10:42.288   931  2871 I chatty  : uid=1000(system) Binder:931_A expire 12 lines
03-04 18:10:44.402  1472  2198 D PowerUI : can't show warning due to - plugged: true status unknown: false
03-04 18:11:27.749  1472  2198 D PowerUI : can't show warning due to - plugged: true status unknown: false
03-04 18:11:27.777   931   967 I chatty  : uid=1000(system) Binder:931_2 expire 10 lines
03-04 18:11:29.813  1472  2198 D PowerUI : can't show warning due to - plugged: true status unknown: false
03-04 18:11:44.403  1472  2198 D PowerUI : can't show warning due to - plugged: true status unknown: false
03-04 18:11:46.839   931  6363 I chatty  : uid=1000(system) Binder:931_1F expire 12 lines
03-04 18:12:32.192  1472  2198 D PowerUI : can't show warning due to - plugged: true status unknown: false
03-04 18:12:34.177   931  3315 I chatty  : uid=1000(system) Binder:931_12 expire 11 lines
03-04 18:12:34.205  1472  2198 D PowerUI : can't show warning due to - plugged: true status unknown: false
03-04 18:12:44.401  1472  2198 D PowerUI : can't show warning due to - plugged: true status unknown: false
03-04 18:13:27.768  1472  2198 D PowerUI : can't show warning due to - plugged: true status unknown: false
03-04 18:13:29.724  1472  2198 D PowerUI : can't show warning due to - plugged: true status unknown: false
03-04 18:13:44.405  1472  2198 D PowerUI : can't show warning due to - plugged: true status unknown: false
03-04 18:14:27.763  1472  2198 D PowerUI : can't show warning due to - plugged: true status unknown: false
03-04 18:14:44.407  1472  2198 D PowerUI : can't show warning due to - plugged: true status unknown: false
03-04 18:15:27.750  1472  2198 D PowerUI : can't show warning due to - plugged: true status unknown: false
03-04 18:15:29.633   931  1938 I chatty  : uid=1000(system) Binder:931_9 expire 15 lines
03-04 18:15:29.653  1472  2198 D PowerUI : can't show warning due to - plugged: true status unknown: false
03-04 18:15:29.729   931  1389 I chatty  : uid=1000(system) ConnectivitySer expire 10 lines
03-04 18:15:44.431  1472  2198 D PowerUI : can't show warning due to - plugged: true status unknown: false
03-04 18:16:27.732  1472  2198 D PowerUI : can't show warning due to - plugged: true status unknown: false
03-04 18:16:27.807   931  2884 I chatty  : uid=1000(system) Binder:931_B expire 11 lines
03-04 18:16:29.714  1472  2198 D PowerUI : can't show warning due to - plugged: true status unknown: false
03-04 18:16:44.430  1472  2198 D PowerUI : can't show warning due to - plugged: true status unknown: false
03-04 18:17:44.431  1472  2198 D PowerUI : can't show warning due to - plugged: true status unknown: false
03-04 18:17:54.547  1472  2198 D PowerUI : can't show warning due to - plugged: true status unknown: false
03-04 18:18:27.759  1472  2198 D PowerUI : can't show warning due to - plugged: true status unknown: false
03-04 18:18:29.642   931  5753 I chatty  : uid=1000(system) Binder:931_1A expire 21 lines
03-04 18:18:29.710  1472  2198 D PowerUI : can't show warning due to - plugged: true status unknown: false
03-04 18:18:44.403  1472  2198 D PowerUI : can't show warning due to - plugged: true status unknown: false
03-04 18:19:27.766  1472  2198 D PowerUI : can't show warning due to - plugged: true status unknown: false
03-04 18:19:44.445  1472  2198 D PowerUI : can't show warning due to - plugged: true status unknown: false
03-04 18:20:27.775  1472  2198 D PowerUI : can't show warning due to - plugged: true status unknown: false
03-04 18:20:29.686  1472  2198 D PowerUI : can't show warning due to - plugged: true status unknown: false
03-04 18:20:29.889   931  1389 I chatty  : uid=1000(system) ConnectivitySer expire 10 lines
03-04 18:20:44.402  1472  2198 D PowerUI : can't show warning due to - plugged: true status unknown: false
03-04 18:21:29.691  1472  2198 D PowerUI : can't show warning due to - plugged: true status unknown: false
03-04 18:21:44.404  1472  2198 D PowerUI : can't show warning due to - plugged: true status unknown: false
03-04 18:22:27.745  1472  2198 D PowerUI : can't show warning due to - plugged: true status unknown: false
03-04 18:22:44.431  1472  2198 D PowerUI : can't show warning due to - plugged: true status unknown: false
03-04 18:23:27.777  1472  2198 D PowerUI : can't show warning due to - plugged: true status unknown: false
03-04 18:23:29.795  1472  2198 D PowerUI : can't show warning due to - plugged: true status unknown: false
03-04 18:23:44.440  1472  2198 D PowerUI : can't show warning due to - plugged: true status unknown: false
03-04 18:24:27.805  1472  2198 D PowerUI : can't show warning due to - plugged: true status unknown: false
03-04 18:24:29.740  1472  2198 D PowerUI : can't show warning due to - plugged: true status unknown: false
03-04 18:24:29.940   931  1389 I chatty  : uid=1000(system) ConnectivitySer expire 10 lines
03-04 18:24:44.430  1472  2198 D PowerUI : can't show warning due to - plugged: true status unknown: false
03-04 18:25:27.722  1472  2198 D PowerUI : can't show warning due to - plugged: true status unknown: false
03-04 18:25:29.618   931   967 I chatty  : uid=1000(system) Binder:931_2 expire 11 lines
03-04 18:25:29.647  1472  2198 D PowerUI : can't show warning due to - plugged: true status unknown: false
03-04 18:25:44.403  1472  2198 D PowerUI : can't show warning due to - plugged: true status unknown: false
03-04 18:26:27.734  1472  2198 D PowerUI : can't show warning due to - plugged: true status unknown: false
03-04 18:26:29.680  1472  2198 D PowerUI : can't show warning due to - plugged: true status unknown: false
03-04 18:26:44.407  1472  2198 D PowerUI : can't show warning due to - plugged: true status unknown: false
03-04 18:27:27.771  1472  2198 D PowerUI : can't show warning due to - plugged: true status unknown: false
03-04 18:27:29.657  1472  2198 D PowerUI : can't show warning due to - plugged: true status unknown: false
03-04 18:27:29.686   931   931 I chatty  : uid=1000 system_server expire 19 lines
03-04 18:27:44.426  1472  2198 D PowerUI : can't show warning due to - plugged: true status unknown: false
03-04 18:27:54.543  1472  2198 D PowerUI : can't show warning due to - plugged: true status unknown: false
03-04 18:27:54.755  1472  2198 D PowerUI : can't show warning due to - plugged: true status unknown: false
03-04 18:28:27.753  1472  2198 D PowerUI : can't show warning due to - plugged: true status unknown: false
03-04 18:28:29.680  1472  2198 D PowerUI : can't show warning due to - plugged: true status unknown: false
03-04 18:28:44.433  1472  2198 D PowerUI : can't show warning due to - plugged: true status unknown: false
03-04 18:29:27.789  1472  2198 D PowerUI : can't show warning due to - plugged: true status unknown: false
03-04 18:29:29.648  1472  2198 D PowerUI : can't show warning due to - plugged: true status unknown: false
03-04 18:29:29.881   931  1389 I chatty  : uid=1000(system) ConnectivitySer expire 10 lines
03-04 18:29:44.431  1472  2198 D PowerUI : can't show warning due to - plugged: true status unknown: false
03-04 18:30:27.727  1472  2198 D PowerUI : can't show warning due to - plugged: true status unknown: false
03-04 18:30:27.769   931  3314 I chatty  : uid=1000(system) Binder:931_11 expire 17 lines
03-04 18:30:44.402  1472  2198 D PowerUI : can't show warning due to - plugged: true status unknown: false
03-04 18:31:27.738  1472  2198 D PowerUI : can't show warning due to - plugged: true status unknown: false
03-04 18:31:27.765   931  3326 I chatty  : uid=1000(system) Binder:931_16 expire 11 lines
03-04 18:31:29.694  1472  2198 D PowerUI : can't show warning due to - plugged: true status unknown: false
03-04 18:31:36.612  1472  2198 D PowerUI : can't show warning due to - plugged: true status unknown: false
03-04 18:31:44.402  1472  2198 D PowerUI : can't show warning due to - plugged: true status unknown: false
03-04 18:32:27.764  1472  2198 D PowerUI : can't show warning due to - plugged: true status unknown: false
03-04 18:32:27.778   931  5911 I chatty  : uid=1000(system) Binder:931_1C expire 9 lines
03-04 18:32:29.662   931  1629 I chatty  : uid=1000(system) Binder:931_5 expire 24 lines
03-04 18:32:29.689  1472  2198 D PowerUI : can't show warning due to - plugged: true status unknown: false
03-04 18:32:44.429  1472  2198 D PowerUI : can't show warning due to - plugged: true status unknown: false
03-04 18:33:27.744  1472  2198 D PowerUI : can't show warning due to - plugged: true status unknown: false
03-04 18:33:29.647   931  3329 I chatty  : uid=1000(system) Binder:931_17 expire 16 lines
03-04 18:33:29.897   931  1389 I chatty  : uid=1000(system) ConnectivitySer expire 12 lines
03-04 18:33:44.402  1472  2198 D PowerUI : can't show warning due to - plugged: true status unknown: false
03-04 18:34:27.785   931  2871 I chatty  : uid=1000(system) Binder:931_A expire 30 lines
03-04 18:34:29.693  1472  2198 D PowerUI : can't show warning due to - plugged: true status unknown: false
03-04 18:34:44.403  1472  2198 D PowerUI : can't show warning due to - plugged: true status unknown: false
03-04 18:35:27.822  1472  2198 D PowerUI : can't show warning due to - plugged: true status unknown: false
03-04 18:35:29.650   931  1633 I chatty  : uid=1000(system) Binder:931_7 expire 13 lines
03-04 18:35:29.717  1472  2198 D PowerUI : can't show warning due to - plugged: true status unknown: false
03-04 18:35:44.418  1472  2198 D PowerUI : can't show warning due to - plugged: true status unknown: false
03-04 18:36:27.794  1472  2198 D PowerUI : can't show warning due to - plugged: true status unknown: false
03-04 18:36:29.685   931  3313 I chatty  : uid=1000(system) Binder:931_10 expire 14 lines
03-04 18:36:29.698  1472  2198 D PowerUI : can't show warning due to - plugged: true status unknown: false
03-04 18:36:44.404  1472  2198 D PowerUI : can't show warning due to - plugged: true status unknown: false
03-04 18:37:27.760  1472  2198 D PowerUI : can't show warning due to - plugged: true status unknown: false
03-04 18:37:29.715  1472  2198 D PowerUI : can't show warning due to - plugged: true status unknown: false
03-04 18:37:44.407  1472  2198 D PowerUI : can't show warning due to - plugged: true status unknown: false
03-04 18:38:27.598   931  1389 I chatty  : uid=1000(system) ConnectivitySer expire 10 lines
03-04 18:38:27.783  1472  2198 D PowerUI : can't show warning due to - plugged: true status unknown: false
03-04 18:38:29.841  1472  2198 D PowerUI : can't show warning due to - plugged: true status unknown: false
03-04 18:38:44.416  1472  2198 D PowerUI : can't show warning due to - plugged: true status unknown: false
03-04 18:39:17.955  1472  2198 D PowerUI : can't show warning due to - plugged: true status unknown: false
03-04 18:39:18.096   931  1257 I chatty  : uid=1000(system) Binder:931_3 expire 14 lines
03-04 18:39:18.357  1472  2198 D PowerUI : can't show warning due to - plugged: true status unknown: false
03-04 18:39:27.754  1472  2198 D PowerUI : can't show warning due to - plugged: true status unknown: false
03-04 18:39:29.586   931  3317 I chatty  : uid=1000(system) Binder:931_13 expire 10 lines
03-04 18:39:44.405  1472  2198 D PowerUI : can't show warning due to - plugged: true status unknown: false
03-04 18:40:27.739   931  1257 I chatty  : uid=1000(system) Binder:931_3 expire 10 lines
03-04 18:40:27.801  1472  2198 D PowerUI : can't show warning due to - plugged: true status unknown: false
03-04 18:40:27.999   931  6014 I chatty  : uid=1000(system) Binder:931_1E expire 10 lines
03-04 18:40:29.609   931  3329 I chatty  : uid=1000(system) Binder:931_17 expire 16 lines
03-04 18:40:44.403  1472  2198 D PowerUI : can't show warning due to - plugged: true status unknown: false
03-04 18:41:27.838  1472  2198 D PowerUI : can't show warning due to - plugged: true status unknown: false
03-04 18:41:29.751  1472  2198 D PowerUI : can't show warning due to - plugged: true status unknown: false
03-04 18:41:44.408  1472  2198 D PowerUI : can't show warning due to - plugged: true status unknown: false
03-04 18:42:34.176  1472  2198 D PowerUI : can't show warning due to - plugged: true status unknown: false
03-04 18:42:44.406  1472  2198 D PowerUI : can't show warning due to - plugged: true status unknown: false
03-04 18:43:27.601   931  1389 I chatty  : uid=1000(system) ConnectivitySer expire 10 lines
03-04 18:43:27.777  1472  2198 D PowerUI : can't show warning due to - plugged: true status unknown: false
03-04 18:43:36.751  1472  2198 D PowerUI : can't show warning due to - plugged: true status unknown: false
03-04 18:43:44.404  1472  2198 D PowerUI : can't show warning due to - plugged: true status unknown: false
03-04 18:44:29.833  1472  2198 D PowerUI : can't show warning due to - plugged: true status unknown: false
03-04 18:44:31.835  1472  2198 D PowerUI : can't show warning due to - plugged: true status unknown: false
03-04 18:44:44.401  1472  2198 D PowerUI : can't show warning due to - plugged: true status unknown: false
03-04 18:45:44.431  1472  2198 D PowerUI : can't show warning due to - plugged: true status unknown: false
03-04 18:46:04.678  1472  2198 D PowerUI : can't show warning due to - plugged: true status unknown: false
03-04 18:46:27.718  1472  2198 D PowerUI : can't show warning due to - plugged: true status unknown: false
03-04 18:46:29.487  1472  2198 D PowerUI : can't show warning due to - plugged: true status unknown: false
03-04 18:46:44.456  1472  2198 D PowerUI : can't show warning due to - plugged: true status unknown: false
03-04 18:47:27.799  1472  2198 D PowerUI : can't show warning due to - plugged: true status unknown: false
03-04 18:47:28.328  1472  2198 D PowerUI : can't show warning due to - plugged: true status unknown: false
03-04 18:47:28.505  1472  2198 D PowerUI : can't show warning due to - plugged: true status unknown: false
03-04 18:47:44.487  1472  2198 D PowerUI : can't show warning due to - plugged: true status unknown: false
03-04 18:48:27.618   931  1389 I chatty  : uid=1000(system) ConnectivitySer expire 10 lines
03-04 18:48:27.778  1472  2198 D PowerUI : can't show warning due to - plugged: true status unknown: false
03-04 18:48:29.652  1472  2198 D PowerUI : can't show warning due to - plugged: true status unknown: false
03-04 18:48:29.677  1472  2198 D PowerUI : can't show warning due to - plugged: true status unknown: false
03-04 18:48:44.405  1472  2198 D PowerUI : can't show warning due to - plugged: true status unknown: false
03-04 18:49:20.717  1472  2198 I chatty  : uid=10021(com.android.systemui) pool-6-thread-1 identical 18 lines
03-04 18:49:44.432  1472  2198 D PowerUI : can't show warning due to - plugged: true status unknown: false
03-04 18:49:56.425  1472  2198 D PowerUI : can't show warning due to - plugged: true status unknown: false
03-04 18:49:56.462   931  5865 I chatty  : uid=1000(system) Binder:931_1B expire 12 lines
03-04 18:49:57.630  1472  2198 D PowerUI : can't show warning due to - plugged: true status unknown: false
03-04 18:49:58.754  1472  2198 D PowerUI : can't show warning due to - plugged: true status unknown: false
03-04 18:50:28.110  1472  2198 D PowerUI : can't show warning due to - plugged: true status unknown: false
03-04 18:50:28.813  1472  2198 D PowerUI : can't show warning due to - plugged: true status unknown: false
03-04 18:50:31.622  1472  2198 D PowerUI : can't show warning due to - plugged: true status unknown: false
03-04 18:50:44.414  1472  2198 D PowerUI : can't show warning due to - plugged: true status unknown: false
03-04 18:51:27.717  1472  2198 D PowerUI : can't show warning due to - plugged: true status unknown: false
03-04 18:51:27.756   931  3323 I chatty  : uid=1000(system) Binder:931_14 expire 11 lines
03-04 18:51:29.635  1472  2198 D PowerUI : can't show warning due to - plugged: true status unknown: false
03-04 18:51:44.431  1472  2198 D PowerUI : can't show warning due to - plugged: true status unknown: false
03-04 18:52:27.591   931  1389 I chatty  : uid=1000(system) ConnectivitySer expire 10 lines
03-04 18:52:27.735  1472  2198 D PowerUI : can't show warning due to - plugged: true status unknown: false
03-04 18:52:29.647   931   931 I chatty  : uid=1000 system_server expire 14 lines
03-04 18:52:29.728  1472  2198 D PowerUI : can't show warning due to - plugged: true status unknown: false
03-04 18:52:44.403  1472  2198 D PowerUI : can't show warning due to - plugged: true status unknown: false
03-04 18:53:27.769  1472  2198 D PowerUI : can't show warning due to - plugged: true status unknown: false
03-04 18:53:29.286  1472  2198 D PowerUI : can't show warning due to - plugged: true status unknown: false
03-04 18:53:44.434  1472  2198 D PowerUI : can't show warning due to - plugged: true status unknown: false
03-04 18:54:27.725  1472  2198 D PowerUI : can't show warning due to - plugged: true status unknown: false
03-04 18:54:28.320  1472  2198 D PowerUI : can't show warning due to - plugged: true status unknown: false
03-04 18:54:29.737  1472  2198 D PowerUI : can't show warning due to - plugged: true status unknown: false
03-04 18:54:44.407  1472  2198 D PowerUI : can't show warning due to - plugged: true status unknown: false
03-04 18:55:27.740  1472  2198 D PowerUI : can't show warning due to - plugged: true status unknown: false
03-04 18:55:30.261  1472  2198 D PowerUI : can't show warning due to - plugged: true status unknown: false
03-04 18:55:44.408  1472  2198 D PowerUI : can't show warning due to - plugged: true status unknown: false
03-04 18:55:58.308  1472  2198 D PowerUI : can't show warning due to - plugged: true status unknown: false
03-04 18:56:27.852  1472  2198 D PowerUI : can't show warning due to - plugged: true status unknown: false
03-04 18:56:29.940  1472  2198 D PowerUI : can't show warning due to - plugged: true status unknown: false
03-04 18:56:44.404  1472  2198 D PowerUI : can't show warning due to - plugged: true status unknown: false
03-04 18:57:29.389   931  1389 I chatty  : uid=1000(system) ConnectivitySer expire 10 lines
03-04 18:57:29.595  1472  2198 D PowerUI : can't show warning due to - plugged: true status unknown: false
03-04 18:57:30.975  1472  2198 D PowerUI : can't show warning due to - plugged: true status unknown: false
03-04 18:57:33.964  1472  2198 D PowerUI : can't show warning due to - plugged: true status unknown: false
03-04 18:57:44.432  1472  2198 D PowerUI : can't show warning due to - plugged: true status unknown: false
03-04 18:58:27.785  1472  2198 D PowerUI : can't show warning due to - plugged: true status unknown: false
03-04 18:58:28.555  1472  2198 D PowerUI : can't show warning due to - plugged: true status unknown: false
03-04 18:58:44.403  1472  2198 D PowerUI : can't show warning due to - plugged: true status unknown: false
03-04 18:59:44.406  1472  2198 D PowerUI : can't show warning due to - plugged: true status unknown: false
03-04 19:00:00.237  1472  2198 D PowerUI : can't show warning due to - plugged: true status unknown: false
03-04 19:00:00.260   931  1666 I chatty  : uid=1000(system) Binder:931_8 expire 16 lines
03-04 19:00:02.240  1472  2198 D PowerUI : can't show warning due to - plugged: true status unknown: false
03-04 19:00:27.795  1472  2198 D PowerUI : can't show warning due to - plugged: true status unknown: false
03-04 19:00:29.659  1472  2198 D PowerUI : can't show warning due to - plugged: true status unknown: false
03-04 19:00:44.405  1472  2198 D PowerUI : can't show warning due to - plugged: true status unknown: false
03-04 19:01:27.774  1472  2198 D PowerUI : can't show warning due to - plugged: true status unknown: false
03-04 19:01:29.675  1472  2198 D PowerUI : can't show warning due to - plugged: true status unknown: false
03-04 19:01:29.679   931  2947 I chatty  : uid=1000(system) Binder:931_D expire 12 lines
03-04 19:01:44.403  1472  2198 D PowerUI : can't show warning due to - plugged: true status unknown: false
03-04 19:02:27.595   931  1389 I chatty  : uid=1000(system) ConnectivitySer expire 10 lines
03-04 19:02:27.630   931  1938 I chatty  : uid=1000(system) Binder:931_9 expire 13 lines
03-04 19:02:29.723  1472  2198 D PowerUI : can't show warning due to - plugged: true status unknown: false
03-04 19:02:44.405  1472  2198 D PowerUI : can't show warning due to - plugged: true status unknown: false
03-04 19:03:27.786  1472  2198 D PowerUI : can't show warning due to - plugged: true status unknown: false
03-04 19:03:29.667  1472  2198 D PowerUI : can't show warning due to - plugged: true status unknown: false
03-04 19:03:44.447  1472  2198 D PowerUI : can't show warning due to - plugged: true status unknown: false
03-04 19:04:27.765  1472  2198 D PowerUI : can't show warning due to - plugged: true status unknown: false
03-04 19:04:44.408  1472  2198 D PowerUI : can't show warning due to - plugged: true status unknown: false
03-04 19:05:27.808  1472  2198 D PowerUI : can't show warning due to - plugged: true status unknown: false
03-04 19:05:29.688  1472  2198 D PowerUI : can't show warning due to - plugged: true status unknown: false
03-04 19:05:44.435  1472  2198 D PowerUI : can't show warning due to - plugged: true status unknown: false
03-04 19:06:18.717  1472  2198 D PowerUI : can't show warning due to - plugged: true status unknown: false
03-04 19:06:20.784   931  1025 I chatty  : uid=1000(system) ActivityManager expire 15 lines
03-04 19:06:20.997  2164  2164 D ActivityThread: Loading provider contacts;com.android.contacts: com.android.providers.contacts.ContactsProvider2
03-04 19:06:27.930   931  1018 I chatty  : uid=1000(system) android.bg expire 7 lines
03-04 19:06:29.651   931  2948 I chatty  : uid=1000(system) Binder:931_E expire 11 lines
03-04 19:06:44.414  1472  2198 D PowerUI : can't show warning due to - plugged: true status unknown: false
03-04 19:07:32.116   931  1389 I chatty  : uid=1000(system) ConnectivitySer expire 11 lines
03-04 19:07:32.247  1472  2198 D PowerUI : can't show warning due to - plugged: true status unknown: false
03-04 19:07:34.156   931  5939 I chatty  : uid=1000(system) Binder:931_1D expire 13 lines
03-04 19:07:36.279  1472  2198 D PowerUI : can't show warning due to - plugged: true status unknown: false
03-04 19:07:44.403  1472  2198 D PowerUI : can't show warning due to - plugged: true status unknown: false
03-04 19:08:15.101  1472  2198 D PowerUI : can't show warning due to - plugged: true status unknown: false
03-04 19:08:15.850   931  2999 I chatty  : uid=1000(system) Binder:931_F expire 10 lines
03-04 19:08:27.691  1472  2198 D PowerUI : can't show warning due to - plugged: true status unknown: false
03-04 19:08:29.591   931  5939 I chatty  : uid=1000(system) Binder:931_1D expire 11 lines
03-04 19:08:29.624  1472  2198 D PowerUI : can't show warning due to - plugged: true status unknown: false
03-04 19:08:44.403  1472  2198 D PowerUI : can't show warning due to - plugged: true status unknown: false
03-04 19:09:35.796  1472  2198 D PowerUI : can't show warning due to - plugged: true status unknown: false
03-04 19:09:37.722   931  1366 I chatty  : uid=1000(system) Binder:931_4 expire 10 lines
03-04 19:09:37.728   931   931 I chatty  : uid=1000 system_server expire 11 lines
03-04 19:09:37.786  1472  2198 D PowerUI : can't show warning due to - plugged: true status unknown: false
03-04 19:09:44.454  1472  2198 D PowerUI : can't show warning due to - plugged: true status unknown: false
03-04 19:10:27.801  1472  2198 D PowerUI : can't show warning due to - plugged: true status unknown: false
03-04 19:10:29.654  1472  2198 D PowerUI : can't show warning due to - plugged: true status unknown: false
03-04 19:10:44.431  1472  2198 D PowerUI : can't show warning due to - plugged: true status unknown: false
03-04 19:11:27.814  1472  2198 D PowerUI : can't show warning due to - plugged: true status unknown: false
03-04 19:11:44.433  1472  2198 D PowerUI : can't show warning due to - plugged: true status unknown: false
03-04 19:12:32.119  1472  2198 D PowerUI : can't show warning due to - plugged: true status unknown: false
03-04 19:12:34.257   931   966 I chatty  : uid=1000(system) Binder:931_1 expire 10 lines
03-04 19:12:34.497   931  1389 I chatty  : uid=1000(system) ConnectivitySer expire 11 lines
03-04 19:12:44.435  1472  2198 D PowerUI : can't show warning due to - plugged: true status unknown: false
03-04 19:12:56.519  1472  2198 D PowerUI : can't show warning due to - plugged: true status unknown: false
03-04 19:12:56.545   931   931 I chatty  : uid=1000 system_server expire 141 lines
03-04 19:12:56.956   931  3317 I chatty  : uid=1000(system) Binder:931_13 expire 13 lines
03-04 19:12:57.492   931  3325 I chatty  : uid=1000(system) Binder:931_15 expire 15 lines
03-04 19:12:57.678   931  5865 I chatty  : uid=1000(system) Binder:931_1B expire 10 lines
03-04 19:12:57.899  1472  2198 D PowerUI : can't show warning due to - plugged: true status unknown: false
03-04 19:12:58.032   931  2891 I chatty  : uid=1000(system) Binder:931_C expire 7 lines
03-04 19:12:59.639   931  2871 I chatty  : uid=1000(system) Binder:931_A expire 20 lines
03-04 19:13:00.062   931   966 I chatty  : uid=1000(system) Binder:931_1 expire 10 lines
03-04 19:13:01.951   931  8960 I chatty  : uid=1000(system) Binder:931_20 expire 11 lines
03-04 19:13:02.260   931  3057 I chatty  : uid=1000 system_server expire 10 lines
03-04 19:13:03.834  1472  2198 D PowerUI : can't show warning due to - plugged: true status unknown: false
03-04 19:13:11.711  1472  2198 D PowerUI : can't show warning due to - plugged: true status unknown: false
03-04 19:13:21.907  1472  2198 D PowerUI : can't show warning due to - plugged: true status unknown: false
03-04 19:13:29.068  1472  2198 D PowerUI : can't show warning due to - plugged: true status unknown: false
03-04 19:13:33.579  1472  2198 D PowerUI : can't show warning due to - plugged: true status unknown: false
03-04 19:13:35.659   931   931 I chatty  : uid=1000 system_server expire 12 lines
03-04 19:13:37.969  1472  2198 D PowerUI : can't show warning due to - plugged: true status unknown: false
03-04 19:13:41.432  1472  2198 D PowerUI : can't show warning due to - plugged: true status unknown: false
03-04 19:13:43.153  1472  2198 D PowerUI : can't show warning due to - plugged: true status unknown: false
03-04 19:13:43.459   931  2871 I chatty  : uid=1000(system) Binder:931_A expire 10 lines
03-04 19:13:44.410  1472  2198 D PowerUI : can't show warning due to - plugged: true status unknown: false
03-04 19:13:53.177  1472  2198 D PowerUI : can't show warning due to - plugged: true status unknown: false
03-04 19:13:53.322   931  2947 I chatty  : uid=1000(system) Binder:931_D expire 10 lines
03-04 19:13:53.331   931  1022 I chatty  : uid=1000(system) ActivityManager expire 16 lines
03-04 19:13:58.995   931  2999 I chatty  : uid=1000(system) Binder:931_F expire 17 lines
03-04 19:13:59.121  1472  2198 D PowerUI : can't show warning due to - plugged: true status unknown: false
03-04 19:14:27.754  1472  2198 D PowerUI : can't show warning due to - plugged: true status unknown: false
03-04 19:14:29.776   931  1257 I chatty  : uid=1000(system) Binder:931_3 expire 18 lines
03-04 19:14:29.824  1472  2198 D PowerUI : can't show warning due to - plugged: true status unknown: false
03-04 19:14:44.398  1472  2198 D PowerUI : can't show warning due to - plugged: true status unknown: false
03-04 19:15:44.432  1472  2198 D PowerUI : can't show warning due to - plugged: true status unknown: false
03-04 19:16:01.200  1472  2198 D PowerUI : can't show warning due to - plugged: true status unknown: false
03-04 19:16:01.205   931  5682 I chatty  : uid=1000(system) Binder:931_19 expire 10 lines
03-04 19:16:03.019  1472  2198 D PowerUI : can't show warning due to - plugged: true status unknown: false
03-04 19:16:35.838  1472  2198 D PowerUI : can't show warning due to - plugged: true status unknown: false
03-04 19:16:36.341   931   966 I chatty  : uid=1000(system) Binder:931_1 expire 9 lines
03-04 19:16:37.498   931  5753 I chatty  : uid=1000(system) Binder:931_1A expire 13 lines
03-04 19:16:37.825   931  1389 I chatty  : uid=1000(system) ConnectivitySer expire 11 lines
03-04 19:16:37.853  1472  2198 D PowerUI : can't show warning due to - plugged: true status unknown: false
03-04 19:16:39.316  1472  2198 D PowerUI : can't show warning due to - plugged: true status unknown: false
03-04 19:16:46.714  1472  2198 D PowerUI : can't show warning due to - plugged: true status unknown: false
03-04 19:16:49.526   931  1666 I chatty  : uid=1000(system) Binder:931_8 expire 13 lines
03-04 19:16:50.154  3724  3806 E ActivityThread: Failed to find provider info for com.google.android.instantapps.supervisor.SupervisorArchiveProvider
03-04 19:16:53.193   931   967 I chatty  : uid=1000(system) Binder:931_2 expire 10 lines
03-04 19:16:54.242 29196  3911 W PackageParser: Unknown element under <manifest>: queries at /data/user_de/0/com.google.android.gms/app_chimera/m/000000e6/dl-AdsFdrDynamite.integ_204204100100000.apk Binary XML file line #5
03-04 19:16:54.285 29196  3911 W PackageParser: Unknown element under <manifest>: queries at /data/user_de/0/com.google.android.gms/app_chimera/m/00000109/dl-AdsFdrDynamite.integ_204890103100000.apk Binary XML file line #5
03-04 19:16:54.307 29196  3911 W PackageParser: Unknown element under <manifest>: queries at /data/user_de/0/com.google.android.gms/app_chimera/m/0000010c/dl-Payments.integ_210290708100400.apk Binary XML file line #5
03-04 19:16:54.547 29196  3911 W PackageParser: Unknown element under <manifest>: queries at /data/user_de/0/com.google.android.gms/app_chimera/m/000000e6/dl-AdsFdrDynamite.integ_204204100100000.apk Binary XML file line #5
03-04 19:16:54.600 29196  3911 W PackageParser: Unknown element under <manifest>: queries at /data/user_de/0/com.google.android.gms/app_chimera/m/00000109/dl-AdsFdrDynamite.integ_204890103100000.apk Binary XML file line #5
03-04 19:16:54.627 29196  3911 W PackageParser: Unknown element under <manifest>: queries at /data/user_de/0/com.google.android.gms/app_chimera/m/0000010c/dl-Payments.integ_210290708100400.apk Binary XML file line #5
03-04 19:16:54.886 29196  3911 W PackageParser: Unknown element under <manifest>: queries at /data/user_de/0/com.google.android.gms/app_chimera/m/000000e6/dl-AdsFdrDynamite.integ_204204100100000.apk Binary XML file line #5
03-04 19:16:54.939 29196  3911 W PackageParser: Unknown element under <manifest>: queries at /data/user_de/0/com.google.android.gms/app_chimera/m/00000109/dl-AdsFdrDynamite.integ_204890103100000.apk Binary XML file line #5
03-04 19:16:54.955 29196  3911 W PackageParser: Unknown element under <manifest>: queries at /data/user_de/0/com.google.android.gms/app_chimera/m/0000010c/dl-Payments.integ_210290708100400.apk Binary XML file line #5
03-04 19:16:55.481 29196  6023 W PackageParser: Unknown element under <manifest>: queries at /data/user_de/0/com.google.android.gms/app_chimera/m/000000e6/dl-AdsFdrDynamite.integ_204204100100000.apk Binary XML file line #5
03-04 19:16:55.595 29196  6023 W PackageParser: Unknown element under <manifest>: queries at /data/user_de/0/com.google.android.gms/app_chimera/m/00000109/dl-AdsFdrDynamite.integ_204890103100000.apk Binary XML file line #5
03-04 19:16:55.620 29196  6023 W PackageParser: Unknown element under <manifest>: queries at /data/user_de/0/com.google.android.gms/app_chimera/m/0000010c/dl-Payments.integ_210290708100400.apk Binary XML file line #5
03-04 19:16:55.764 29196  6023 W PackageParser: Unknown element under <manifest>: queries at /data/user_de/0/com.google.android.gms/app_chimera/m/000000e6/dl-AdsFdrDynamite.integ_204204100100000.apk Binary XML file line #5
03-04 19:16:55.802 29196  6023 W PackageParser: Unknown element under <manifest>: queries at /data/user_de/0/com.google.android.gms/app_chimera/m/00000109/dl-AdsFdrDynamite.integ_204890103100000.apk Binary XML file line #5
03-04 19:16:55.821 29196  6023 W PackageParser: Unknown element under <manifest>: queries at /data/user_de/0/com.google.android.gms/app_chimera/m/0000010c/dl-Payments.integ_210290708100400.apk Binary XML file line #5
03-04 19:16:55.965 29196  6023 W PackageParser: Unknown element under <manifest>: queries at /data/user_de/0/com.google.android.gms/app_chimera/m/000000e6/dl-AdsFdrDynamite.integ_204204100100000.apk Binary XML file line #5
03-04 19:16:56.004 29196  6023 W PackageParser: Unknown element under <manifest>: queries at /data/user_de/0/com.google.android.gms/app_chimera/m/00000109/dl-AdsFdrDynamite.integ_204890103100000.apk Binary XML file line #5
03-04 19:16:56.016 29196  6023 W PackageParser: Unknown element under <manifest>: queries at /data/user_de/0/com.google.android.gms/app_chimera/m/0000010c/dl-Payments.integ_210290708100400.apk Binary XML file line #5
03-04 19:16:58.560  1472  2198 D PowerUI : can't show warning due to - plugged: true status unknown: false
03-04 19:17:00.247  1472  2198 D PowerUI : can't show warning due to - plugged: true status unknown: false
03-04 19:17:02.370  1472  2198 D PowerUI : can't show warning due to - plugged: true status unknown: false
03-04 19:17:02.466   931  2884 I chatty  : uid=1000(system) Binder:931_B expire 8 lines
03-04 19:17:03.676  1472  2198 D PowerUI : can't show warning due to - plugged: true status unknown: false
03-04 19:17:11.163  1472  2198 D PowerUI : can't show warning due to - plugged: true status unknown: false
03-04 19:17:13.900  1472  2198 D PowerUI : can't show warning due to - plugged: true status unknown: false
03-04 19:17:14.812  1472  2198 D PowerUI : can't show warning due to - plugged: true status unknown: false
03-04 19:17:16.285  1472  2198 D PowerUI : can't show warning due to - plugged: true status unknown: false
03-04 19:17:17.819  1472  2198 D PowerUI : can't show warning due to - plugged: true status unknown: false
03-04 19:17:36.998  1472  2198 D PowerUI : can't show warning due to - plugged: true status unknown: false
03-04 19:17:37.382   931  3315 I chatty  : uid=1000(system) Binder:931_12 expire 1 line
03-04 19:17:40.981  1472  2198 D PowerUI : can't show warning due to - plugged: true status unknown: false
03-04 19:17:43.014  1472  2198 I chatty  : uid=10021(com.android.systemui) pool-6-thread-1 identical 10 lines
03-04 19:17:44.383  1472  2198 D PowerUI : can't show warning due to - plugged: true status unknown: false
03-04 19:17:46.732   931  1080 I chatty  : uid=1000(system) PackageManager expire 100 lines
03-04 19:17:46.972  1472  2198 D PowerUI : can't show warning due to - plugged: true status unknown: false
03-04 19:17:47.021  1472  2198 D PowerUI : can't show warning due to - plugged: true status unknown: false
03-04 19:17:54.007  1472  2198 D PowerUI : can't show warning due to - plugged: true status unknown: false
03-04 19:17:56.157  1472  2198 D PowerUI : can't show warning due to - plugged: true status unknown: false
03-04 19:17:57.213   931  1633 I chatty  : uid=1000(system) Binder:931_7 expire 10 lines
03-04 19:18:08.173   931  1025 I chatty  : uid=1000(system) ActivityManager expire 16 lines
03-04 19:18:09.077  4406  4435 I SystemConfig: Adding association: com.google.android.as <- com.android.providers.contacts
03-04 19:18:09.077  4406  4435 I SystemConfig: Adding association: com.google.android.as <- com.android.providers.media
03-04 19:18:09.077  4406  4435 I SystemConfig: Adding association: com.google.android.as <- com.android.providers.telephony
03-04 19:18:09.077  4406  4435 I SystemConfig: Adding association: com.google.android.as <- com.android.systemui
03-04 19:18:09.077  4406  4435 I SystemConfig: Adding association: com.google.android.as <- com.google.android.gms
03-04 19:18:09.077  4406  4435 I SystemConfig: Adding association: com.google.android.as <- com.google.android.gsf
03-04 19:18:09.114  4406  4435 W SystemConfig: No directory /product_services/etc/sysconfig, skipping
03-04 19:18:09.114  4406  4435 W SystemConfig: No directory /product_services/etc/permissions, skipping
03-04 19:18:09.200   931  1022 I chatty  : uid=1000(system) ActivityManager expire 15 lines
03-04 19:18:18.662  1472  2198 D PowerUI : can't show warning due to - plugged: true status unknown: false
03-04 19:18:19.861  1472  2198 D PowerUI : can't show warning due to - plugged: true status unknown: false
03-04 19:18:21.946   931  1022 I chatty  : uid=1000(system) ActivityManager expire 25 lines
03-04 19:18:22.500   931  3326 I chatty  : uid=1000(system) Binder:931_16 expire 3 lines
