03-04 16:07:44.442  1472  2198 D PowerUI : can't show warning due to - plugged: true status unknown: false
03-04 16:08:14.864  1472  2198 D PowerUI : can't show warning due to - plugged: true status unknown: false
03-04 16:08:27.599   931  1389 I chatty  : uid=1000(system) ConnectivitySer expire 17 lines
03-04 16:08:27.813  1472  2198 D PowerUI : can't show warning due to - plugged: true status unknown: false
03-04 16:08:28.169  1472  2198 D PowerUI : can't show warning due to - plugged: true status unknown: false
03-04 16:08:29.614  1472  2198 D PowerUI : can't show warning due to - plugged: true status unknown: false
03-04 16:08:44.408  1472  2198 D PowerUI : can't show warning due to - plugged: true status unknown: false
03-04 16:09:25.804  1472  2198 D PowerUI : can't show warning due to - plugged: true status unknown: false
03-04 16:09:27.761  1472  2198 D PowerUI : can't show warning due to - plugged: true status unknown: false
03-04 16:09:29.710   931   931 I chatty  : uid=1000 system_server expire 15 lines
03-04 16:09:29.748  1472  2198 D PowerUI : can't show warning due to - plugged: true status unknown: false
03-04 16:09:44.405  1472  2198 D PowerUI : can't show warning due to - plugged: true status unknown: false
03-04 16:10:44.416  1472  2198 D PowerUI : can't show warning due to - plugged: true status unknown: false
03-04 16:11:00.766  1472  2198 D PowerUI : can't show warning due to - plugged: true status unknown: false
03-04 16:11:00.829   931  6363 I chatty  : uid=1000(system) Binder:931_1F expire 11 lines
03-04 16:11:02.164  1472  2198 D PowerUI : can't show warning due to - plugged: true status unknown: false
03-04 16:11:03.108   931  6014 I chatty  : uid=1000(system) Binder:931_1E expire 27 lines
03-04 16:11:03.304  1472  2198 D PowerUI : can't show warning due to - plugged: true status unknown: false
03-04 16:11:30.627   931  2884 I chatty  : uid=1000(system) Binder:931_B expire 10 lines
03-04 16:11:30.641  1472  2198 D PowerUI : can't show warning due to - plugged: true status unknown: false
03-04 16:11:30.880   931  5911 I chatty  : uid=1000(system) Binder:931_1C expire 10 lines
03-04 16:11:31.349  1472  2198 D PowerUI : can't show warning due to - plugged: true status unknown: false
03-04 16:11:44.406  1472  2198 D PowerUI : can't show warning due to - plugged: true status unknown: false
03-04 16:12:32.219  1472  2198 D PowerUI : can't show warning due to - plugged: true status unknown: false
03-04 16:12:32.412  1472  2198 D PowerUI : can't show warning due to - plugged: true status unknown: false
03-04 16:12:44.404  1472  2198 D PowerUI : can't show warning due to - plugged: true status unknown: false
03-04 16:13:06.504   931  1034 I chatty  : uid=1000(system) batterystats-wo expire 8 lines
03-04 16:13:27.792  1472  2198 D PowerUI : can't show warning due to - plugged: true status unknown: false
03-04 16:13:28.049  1472  2198 D PowerUI : can't show warning due to - plugged: true status unknown: false
03-04 16:13:29.889  1472  2198 D PowerUI : can't show warning due to - plugged: true status unknown: false
03-04 16:13:44.410  1472  2198 D PowerUI : can't show warning due to - plugged: true status unknown: false
03-04 16:13:45.434   931  1633 I chatty  : uid=1000(system) Binder:931_7 expire 17 lines
03-04 16:14:34.289   931  3329 I chatty  : uid=1000(system) Binder:931_17 expire 10 lines
03-04 16:14:34.300  1472  2198 D PowerUI : can't show warning due to - plugged: true status unknown: false
03-04 16:14:34.643  1472  2198 D PowerUI : can't show warning due to - plugged: true status unknown: false
03-04 16:14:44.400  1472  2198 D PowerUI : can't show warning due to - plugged: true status unknown: false
03-04 16:15:27.681   931  3326 I chatty  : uid=1000(system) Binder:931_16 expire 26 lines
03-04 16:15:27.734  1472  2198 D PowerUI : can't show warning due to - plugged: true status unknown: false
03-04 16:15:29.186  1472  2198 D PowerUI : can't show warning due to - plugged: true status unknown: false
03-04 16:15:30.192   931  1257 I chatty  : uid=1000(system) Binder:931_3 expire 19 lines
03-04 16:15:30.669  1472  2198 D PowerUI : can't show warning due to - plugged: true status unknown: false
03-04 16:15:44.405  1472  2198 D PowerUI : can't show warning due to - plugged: true status unknown: false
03-04 16:16:37.980   931  1389 I chatty  : uid=1000(system) ConnectivitySer expire 10 lines
03-04 16:16:38.183  1472  2198 D PowerUI : can't show warning due to - plugged: true status unknown: false
03-04 16:16:38.199   931  1630 I chatty  : uid=1000(system) Binder:931_6 expire 15 lines
03-04 16:16:40.159   931  3323 I chatty  : uid=1000(system) Binder:931_14 expire 10 lines
03-04 16:16:44.427  1472  2198 D PowerUI : can't show warning due to - plugged: true status unknown: false
03-04 16:17:44.404  1472  2198 D PowerUI : can't show warning due to - plugged: true status unknown: false
03-04 16:17:53.689   931  1629 I chatty  : uid=1000(system) Binder:931_5 expire 11 lines
03-04 16:17:53.866  1472  2198 D PowerUI : can't show warning due to - plugged: true status unknown: false
03-04 16:17:53.997  1472  2198 D PowerUI : can't show warning due to - plugged: true status unknown: false
03-04 16:18:27.821  1472  2198 D PowerUI : can't show warning due to - plugged: true status unknown: false
03-04 16:18:30.959  1472  2198 D PowerUI : can't show warning due to - plugged: true status unknown: false
03-04 16:18:36.860  1472  2198 D PowerUI : can't show warning due to - plugged: true status unknown: false
03-04 16:18:44.414  1472  2198 D PowerUI : can't show warning due to - plugged: true status unknown: false
03-04 16:19:15.063  1472  2198 D PowerUI : can't show warning due to - plugged: true status unknown: false
03-04 16:19:27.775  1472  2198 D PowerUI : can't show warning due to - plugged: true status unknown: false
03-04 16:19:29.684   931   931 I chatty  : uid=1000 system_server expire 20 lines
03-04 16:19:29.691  1472  2198 D PowerUI : can't show warning due to - plugged: true status unknown: false
03-04 16:19:44.400  1472  2198 D PowerUI : can't show warning due to - plugged: true status unknown: false
03-04 16:20:27.621   931  1389 I chatty  : uid=1000(system) ConnectivitySer expire 10 lines
03-04 16:20:27.805  1472  2198 D PowerUI : can't show warning due to - plugged: true status unknown: false
03-04 16:20:27.814   931  1366 I chatty  : uid=1000(system) Binder:931_4 expire 22 lines
03-04 16:20:29.686   931  2891 I chatty  : uid=1000(system) Binder:931_C expire 14 lines
03-04 16:20:29.700  1472  2198 D PowerUI : can't show warning due to - plugged: true status unknown: false
03-04 16:20:44.432  1472  2198 D PowerUI : can't show warning due to - plugged: true status unknown: false
03-04 16:21:27.814  1472  2198 D PowerUI : can't show warning due to - plugged: true status unknown: false
03-04 16:21:29.802  1472  2198 D PowerUI : can't show warning due to - plugged: true status unknown: false
03-04 16:21:44.403  1472  2198 D PowerUI : can't show warning due to - plugged: true status unknown: false
03-04 16:22:27.753   931  8960 I chatty  : uid=1000(system) Binder:931_20 expire 13 lines
03-04 16:22:27.816  1472  2198 D PowerUI : can't show warning due to - plugged: true status unknown: false
03-04 16:22:29.743  1472  2198 D PowerUI : can't show warning due to - plugged: true status unknown: false
03-04 16:22:44.430  1472  2198 D PowerUI : can't show warning due to - plugged: true status unknown: false
03-04 16:23:27.765  1472  2198 D PowerUI : can't show warning due to - plugged: true status unknown: false
03-04 16:23:27.927  1472  2198 D PowerUI : can't show warning due to - plugged: true status unknown: false
03-04 16:23:29.714  1472  2198 D PowerUI : can't show warning due to - plugged: true status unknown: false
03-04 16:23:44.429  1472  2198 D PowerUI : can't show warning due to - plugged: true status unknown: false
03-04 16:24:27.750  1472  2198 D PowerUI : can't show warning due to - plugged: true status unknown: false
03-04 16:24:29.643  1472  2198 D PowerUI : can't show warning due to - plugged: true status unknown: false
03-04 16:24:44.406  1472  2198 D PowerUI : can't show warning due to - plugged: true status unknown: false
03-04 16:25:27.618   931  1389 I chatty  : uid=1000(system) ConnectivitySer expire 37 lines
03-04 16:25:27.810  1472  2198 D PowerUI : can't show warning due to - plugged: true status unknown: false
03-04 16:25:29.716   931  2947 I chatty  : uid=1000(system) Binder:931_D expire 13 lines
03-04 16:25:29.741  1472  2198 D PowerUI : can't show warning due to - plugged: true status unknown: false
03-04 16:25:44.406  1472  2198 D PowerUI : can't show warning due to - plugged: true status unknown: false
03-04 16:26:27.782  1472  2198 D PowerUI : can't show warning due to - plugged: true status unknown: false
03-04 16:26:29.750  1472  2198 D PowerUI : can't show warning due to - plugged: true status unknown: false
03-04 16:26:44.431  1472  2198 D PowerUI : can't show warning due to - plugged: true status unknown: false
03-04 16:27:27.787  1472  2198 D PowerUI : can't show warning due to - plugged: true status unknown: false
03-04 16:27:29.630   931   966 I chatty  : uid=1000(system) Binder:931_1 expire 10 lines
03-04 16:27:29.647  1472  2198 D PowerUI : can't show warning due to - plugged: true status unknown: false
03-04 16:27:44.431  1472  2198 D PowerUI : can't show warning due to - plugged: true status unknown: false
03-04 16:28:27.804  1472  2198 D PowerUI : can't show warning due to - plugged: true status unknown: false
03-04 16:28:29.647  1472  2198 D PowerUI : can't show warning due to - plugged: true status unknown: false
03-04 16:28:30.488   821   821 I wificond: Pno scan started for frequencies: 2412, 2417, 2422, 2427, 2432, 2437, 2447, 2452, 2457, 2462, 5180, 5200, 5220, 5240, 5745, 5765, 5785, 5805, 
03-04 16:28:30.613  1472  2198 D PowerUI : can't show warning due to - plugged: true status unknown: false
03-04 16:28:31.086   821   821 I wificond: Pno scan result ready event
03-04 16:28:31.136   821   821 W wificond: Scan is not started. Ignore abort request
03-04 16:28:31.426   821   821 I wificond: Pno scan stopped
03-04 16:28:32.373  1472  2198 D PowerUI : can't show warning due to - plugged: true status unknown: false
03-04 16:28:33.570  1472  2198 D PowerUI : can't show warning due to - plugged: true status unknown: false
03-04 16:28:36.587  1472  2198 D PowerUI : can't show warning due to - plugged: true status unknown: false
03-04 16:28:44.386  1472  2198 D PowerUI : can't show warning due to - plugged: true status unknown: false
03-04 16:29:03.505   931  1389 I chatty  : uid=1000(system) ConnectivitySer expire 10 lines
03-04 16:29:03.687  1472  2198 D PowerUI : can't show warning due to - plugged: true status unknown: false
03-04 16:29:27.910  1472  2198 D PowerUI : can't show warning due to - plugged: true status unknown: false
03-04 16:29:29.945  1472  2198 D PowerUI : can't show warning due to - plugged: true status unknown: false
03-04 16:29:44.408  1472  2198 D PowerUI : can't show warning due to - plugged: true status unknown: false
03-04 16:30:30.976  1472  2198 D PowerUI : can't show warning due to - plugged: true status unknown: false
03-04 16:30:32.840  1472  2198 D PowerUI : can't show warning due to - plugged: true status unknown: false
03-04 16:30:44.405  1472  2198 D PowerUI : can't show warning due to - plugged: true status unknown: false
03-04 16:31:02.056  1472  2198 D PowerUI : can't show warning due to - plugged: true status unknown: false
03-04 16:31:03.291  1472  2198 D PowerUI : can't show warning due to - plugged: true status unknown: false
03-04 16:31:03.299   931  1366 I chatty  : uid=1000(system) Binder:931_4 expire 12 lines
03-04 16:31:27.620   931  1389 I chatty  : uid=1000(system) ConnectivitySer expire 10 lines
03-04 16:31:27.821  1472  2198 D PowerUI : can't show warning due to - plugged: true status unknown: false
03-04 16:31:29.632  1472  2198 D PowerUI : can't show warning due to - plugged: true status unknown: false
03-04 16:31:29.649   931  3314 I chatty  : uid=1000(system) Binder:931_11 expire 10 lines
03-04 16:31:42.259  1472  2198 D PowerUI : can't show warning due to - plugged: true status unknown: false
03-04 16:31:44.402  1472  2198 D PowerUI : can't show warning due to - plugged: true status unknown: false
03-04 16:32:27.645   931  5753 I chatty  : uid=1000(system) Binder:931_1A expire 10 lines
03-04 16:32:27.866  1472  2198 D PowerUI : can't show warning due to - plugged: true status unknown: false
03-04 16:32:29.891  1472  2198 D PowerUI : can't show warning due to - plugged: true status unknown: false
03-04 16:32:44.401  1472  2198 D PowerUI : can't show warning due to - plugged: true status unknown: false
03-04 16:33:27.773  1472  2198 D PowerUI : can't show warning due to - plugged: true status unknown: false
03-04 16:33:29.016  1472  2198 D PowerUI : can't show warning due to - plugged: true status unknown: false
03-04 16:33:29.632   931  3313 I chatty  : uid=1000(system) Binder:931_10 expire 14 lines
03-04 16:33:44.404  1472  2198 D PowerUI : can't show warning due to - plugged: true status unknown: false
03-04 16:34:44.432  1472  2198 D PowerUI : can't show warning due to - plugged: true status unknown: false
03-04 16:34:45.908  1472  2198 D PowerUI : can't show warning due to - plugged: true status unknown: false
03-04 16:34:47.837  1472  2198 D PowerUI : can't show warning due to - plugged: true status unknown: false
03-04 16:35:27.757  1472  2198 D PowerUI : can't show warning due to - plugged: true status unknown: false
03-04 16:35:29.705  1472  2198 D PowerUI : can't show warning due to - plugged: true status unknown: false
03-04 16:35:44.402  1472  2198 D PowerUI : can't show warning due to - plugged: true status unknown: false
03-04 16:36:27.584   931  1389 I chatty  : uid=1000(system) ConnectivitySer expire 10 lines
03-04 16:36:27.768  1472  2198 D PowerUI : can't show warning due to - plugged: true status unknown: false
03-04 16:36:27.833   931  5682 I chatty  : uid=1000(system) Binder:931_19 expire 14 lines
03-04 16:36:44.434  1472  2198 D PowerUI : can't show warning due to - plugged: true status unknown: false
03-04 16:37:27.757  1472  2198 D PowerUI : can't show warning due to - plugged: true status unknown: false
03-04 16:37:29.645   931   931 I chatty  : uid=1000 system_server expire 15 lines
03-04 16:37:29.648  1472  2198 D PowerUI : can't show warning due to - plugged: true status unknown: false
03-04 16:37:44.404  1472  2198 D PowerUI : can't show warning due to - plugged: true status unknown: false
03-04 16:38:27.789  1472  2198 D PowerUI : can't show warning due to - plugged: true status unknown: false
03-04 16:38:27.800   931  1633 I chatty  : uid=1000(system) Binder:931_7 expire 19 lines
03-04 16:38:29.636  1472  2198 D PowerUI : can't show warning due to - plugged: true status unknown: false
03-04 16:38:44.402  1472  2198 D PowerUI : can't show warning due to - plugged: true status unknown: false
03-04 16:39:44.411  1472  2198 D PowerUI : can't show warning due to - plugged: true status unknown: false
03-04 16:40:11.610  1472  2198 D PowerUI : can't show warning due to - plugged: true status unknown: false
03-04 16:40:13.605  1472  2198 D PowerUI : can't show warning due to - plugged: true status unknown: false
03-04 16:40:44.400  1472  2198 D PowerUI : can't show warning due to - plugged: true status unknown: false
03-04 16:41:05.824   931  1025 I chatty  : uid=1000(system) ActivityManager expire 10 lines
03-04 16:41:05.906  1472  2198 D PowerUI : can't show warning due to - plugged: true status unknown: false
03-04 16:41:08.198  1472  2198 D PowerUI : can't show warning due to - plugged: true status unknown: false
03-04 16:41:37.555   931  1389 I chatty  : uid=1000(system) ConnectivitySer expire 10 lines
03-04 16:41:37.737  1472  2198 D PowerUI : can't show warning due to - plugged: true status unknown: false
03-04 16:41:39.693  1472  2198 D PowerUI : can't show warning due to - plugged: true status unknown: false
03-04 16:41:44.404  1472  2198 D PowerUI : can't show warning due to - plugged: true status unknown: false
03-04 16:42:32.188  1472  2198 D PowerUI : can't show warning due to - plugged: true status unknown: false
03-04 16:42:32.336  1472  2198 D PowerUI : can't show warning due to - plugged: true status unknown: false
03-04 16:42:34.194  1472  2198 D PowerUI : can't show warning due to - plugged: true status unknown: false
03-04 16:42:44.408  1472  2198 D PowerUI : can't show warning due to - plugged: true status unknown: false
03-04 16:43:30.898  1472  2198 D PowerUI : can't show warning due to - plugged: true status unknown: false
03-04 16:43:33.008  1472  2198 D PowerUI : can't show warning due to - plugged: true status unknown: false
03-04 16:43:33.011   931  5114 I chatty  : uid=1000(system) Binder:931_18 expire 10 lines
03-04 16:43:36.344  1472  2198 D PowerUI : can't show warning due to - plugged: true status unknown: false
03-04 16:43:38.787  1472  2198 D PowerUI : can't show warning due to - plugged: true status unknown: false
03-04 16:43:44.417  1472  2198 D PowerUI : can't show warning due to - plugged: true status unknown: false
03-04 16:44:33.080 19261 19282 D ActivityThread: Loading provider call_log_shadow: com.android.providers.contacts.ShadowCallLogProvider
03-04 16:44:33.105 19261 19261 D ActivityThread: Loading provider contacts;com.android.contacts: com.android.providers.contacts.ContactsProvider2
03-04 16:44:44.406  1472  2198 D PowerUI : can't show warning due to - plugged: true status unknown: false
03-04 16:45:27.581   931  1389 I chatty  : uid=1000(system) ConnectivitySer expire 10 lines
03-04 16:45:27.751  1472  2198 D PowerUI : can't show warning due to - plugged: true status unknown: false
03-04 16:45:29.653   931   931 I chatty  : uid=1000 system_server expire 12 lines
03-04 16:45:29.663  1472  2198 D PowerUI : can't show warning due to - plugged: true status unknown: false
03-04 16:45:44.403  1472  2198 D PowerUI : can't show warning due to - plugged: true status unknown: false
03-04 16:46:27.774  1472  2198 D PowerUI : can't show warning due to - plugged: true status unknown: false
03-04 16:46:29.703  1472  2198 D PowerUI : can't show warning due to - plugged: true status unknown: false
03-04 16:46:44.406  1472  2198 D PowerUI : can't show warning due to - plugged: true status unknown: false
03-04 16:47:27.750  1472  2198 D PowerUI : can't show warning due to - plugged: true status unknown: false
03-04 16:47:29.645   931  2871 I chatty  : uid=1000(system) Binder:931_A expire 15 lines
03-04 16:47:29.762  1472  2198 D PowerUI : can't show warning due to - plugged: true status unknown: false
03-04 16:47:44.433  1472  2198 D PowerUI : can't show warning due to - plugged: true status unknown: false
03-04 16:48:44.415  1472  2198 D PowerUI : can't show warning due to - plugged: true status unknown: false
03-04 16:48:56.410   931  5865 I chatty  : uid=1000(system) Binder:931_1B expire 12 lines
03-04 16:49:02.032  1472  2198 D PowerUI : can't show warning due to - plugged: true status unknown: false
03-04 16:49:02.154   931  1389 I chatty  : uid=1000(system) ConnectivitySer expire 10 lines
03-04 16:49:03.590  1472  2198 D PowerUI : can't show warning due to - plugged: true status unknown: false
03-04 16:49:03.680 19780 19805 I SystemConfig: Adding association: com.google.android.as <- com.android.providers.contacts
03-04 16:49:03.681 19780 19805 I SystemConfig: Adding association: com.google.android.as <- com.android.providers.media
03-04 16:49:03.681 19780 19805 I SystemConfig: Adding association: com.google.android.as <- com.android.providers.telephony
03-04 16:49:03.681 19780 19805 I SystemConfig: Adding association: com.google.android.as <- com.android.systemui
03-04 16:49:03.681 19780 19805 I SystemConfig: Adding association: com.google.android.as <- com.google.android.gms
03-04 16:49:03.681 19780 19805 I SystemConfig: Adding association: com.google.android.as <- com.google.android.gsf
03-04 16:49:03.701 19780 19805 W SystemConfig: No directory /product_services/etc/sysconfig, skipping
03-04 16:49:03.701 19780 19805 W SystemConfig: No directory /product_services/etc/permissions, skipping
03-04 16:49:04.092   931  5939 I chatty  : uid=1000(system) Binder:931_1D expire 10 lines
03-04 16:49:04.219   931   931 I chatty  : uid=1000 system_server expire 18 lines
03-04 16:49:05.076  1472  2198 D PowerUI : can't show warning due to - plugged: true status unknown: false
03-04 16:49:09.305  1472  2198 D PowerUI : can't show warning due to - plugged: true status unknown: false
03-04 16:49:09.686  1472  2198 D PowerUI : can't show warning due to - plugged: true status unknown: false
03-04 16:49:15.004  1472  2198 D PowerUI : can't show warning due to - plugged: true status unknown: false
03-04 16:49:15.695  1472  2198 D PowerUI : can't show warning due to - plugged: true status unknown: false
03-04 16:49:16.885  1472  2198 D PowerUI : can't show warning due to - plugged: true status unknown: false
03-04 16:49:17.821   931  1389 I chatty  : uid=1000(system) ConnectivitySer expire 10 lines
03-04 16:49:37.279   931  1666 I chatty  : uid=1000(system) Binder:931_8 expire 10 lines
03-04 16:49:44.405  1472  2198 D PowerUI : can't show warning due to - plugged: true status unknown: false
03-04 16:49:54.669  1472  2198 D PowerUI : can't show warning due to - plugged: true status unknown: false
03-04 16:49:55.290  1472  2198 D PowerUI : can't show warning due to - plugged: true status unknown: false
03-04 16:49:56.082 29196  8717 W PackageParser: Unknown element under <manifest>: queries at /data/user_de/0/com.google.android.gms/app_chimera/m/000000e6/dl-AdsFdrDynamite.integ_204204100100000.apk Binary XML file line #5
03-04 16:49:56.296 29196  8717 W PackageParser: Unknown element under <manifest>: queries at /data/user_de/0/com.google.android.gms/app_chimera/m/00000109/dl-AdsFdrDynamite.integ_204890103100000.apk Binary XML file line #5
03-04 16:49:56.435 29196  8717 W PackageParser: Unknown element under <manifest>: queries at /data/user_de/0/com.google.android.gms/app_chimera/m/0000010c/dl-Payments.integ_210290708100400.apk Binary XML file line #5
03-04 16:49:56.777  1472  2198 D PowerUI : can't show warning due to - plugged: true status unknown: false
03-04 16:49:57.119   931  6363 I chatty  : uid=1000(system) Binder:931_1F expire 11 lines
03-04 16:49:57.176 29196  8717 W PackageParser: Unknown element under <manifest>: queries at /data/user_de/0/com.google.android.gms/app_chimera/m/000000e6/dl-AdsFdrDynamite.integ_204204100100000.apk Binary XML file line #5
03-04 16:49:57.219 29196  8717 W PackageParser: Unknown element under <manifest>: queries at /data/user_de/0/com.google.android.gms/app_chimera/m/00000109/dl-AdsFdrDynamite.integ_204890103100000.apk Binary XML file line #5
03-04 16:49:57.250 29196  8717 W PackageParser: Unknown element under <manifest>: queries at /data/user_de/0/com.google.android.gms/app_chimera/m/0000010c/dl-Payments.integ_210290708100400.apk Binary XML file line #5
03-04 16:49:57.755 29196  8717 W PackageParser: Unknown element under <manifest>: queries at /data/user_de/0/com.google.android.gms/app_chimera/m/000000e6/dl-AdsFdrDynamite.integ_204204100100000.apk Binary XML file line #5
03-04 16:49:57.817 29196  8717 W PackageParser: Unknown element under <manifest>: queries at /data/user_de/0/com.google.android.gms/app_chimera/m/00000109/dl-AdsFdrDynamite.integ_204890103100000.apk Binary XML file line #5
03-04 16:49:57.837 29196  8717 W PackageParser: Unknown element under <manifest>: queries at /data/user_de/0/com.google.android.gms/app_chimera/m/0000010c/dl-Payments.integ_210290708100400.apk Binary XML file line #5
03-04 16:50:44.429  1472  2198 D PowerUI : can't show warning due to - plugged: true status unknown: false
03-04 16:51:01.094   931  1389 I chatty  : uid=1000(system) ConnectivitySer expire 11 lines
03-04 16:51:01.307  1472  2198 D PowerUI : can't show warning due to - plugged: true status unknown: false
03-04 16:51:03.243  1472  2198 D PowerUI : can't show warning due to - plugged: true status unknown: false
03-04 16:51:27.757  1472  2198 D PowerUI : can't show warning due to - plugged: true status unknown: false
03-04 16:51:29.657  1472  2198 D PowerUI : can't show warning due to - plugged: true status unknown: false
03-04 16:51:44.428  1472  2198 D PowerUI : can't show warning due to - plugged: true status unknown: false
03-04 16:52:27.780  1472  2198 D PowerUI : can't show warning due to - plugged: true status unknown: false
03-04 16:52:27.804   931  5939 I chatty  : uid=1000(system) Binder:931_1D expire 10 lines
03-04 16:52:29.720  1472  2198 D PowerUI : can't show warning due to - plugged: true status unknown: false
03-04 16:52:44.429  1472  2198 D PowerUI : can't show warning due to - plugged: true status unknown: false
03-04 16:53:27.767  1472  2198 D PowerUI : can't show warning due to - plugged: true status unknown: false
03-04 16:53:29.718  1472  2198 D PowerUI : can't show warning due to - plugged: true status unknown: false
03-04 16:53:44.406  1472  2198 D PowerUI : can't show warning due to - plugged: true status unknown: false
03-04 16:54:27.649   931  3317 I chatty  : uid=1000(system) Binder:931_13 expire 28 lines
03-04 16:54:27.750  1472  2198 D PowerUI : can't show warning due to - plugged: true status unknown: false
03-04 16:54:27.783   931  1938 I chatty  : uid=1000(system) Binder:931_9 expire 18 lines
03-04 16:54:29.644  1472  2198 D PowerUI : can't show warning due to - plugged: true status unknown: false
03-04 16:54:44.430  1472  2198 D PowerUI : can't show warning due to - plugged: true status unknown: false
03-04 16:55:27.780  1472  2198 D PowerUI : can't show warning due to - plugged: true status unknown: false
03-04 16:55:29.663   931  2948 I chatty  : uid=1000(system) Binder:931_E expire 26 lines
03-04 16:55:29.711  1472  2198 D PowerUI : can't show warning due to - plugged: true status unknown: false
03-04 16:55:29.935   931  1389 I chatty  : uid=1000(system) ConnectivitySer expire 10 lines
03-04 16:55:44.405  1472  2198 D PowerUI : can't show warning due to - plugged: true status unknown: false
03-04 16:56:27.767  1472  2198 D PowerUI : can't show warning due to - plugged: true status unknown: false
03-04 16:56:29.802  1472  2198 D PowerUI : can't show warning due to - plugged: true status unknown: false
03-04 16:56:44.435  1472  2198 D PowerUI : can't show warning due to - plugged: true status unknown: false
03-04 16:57:27.768   931  5911 I chatty  : uid=1000(system) Binder:931_1C expire 13 lines
03-04 16:57:27.769  1472  2198 D PowerUI : can't show warning due to - plugged: true status unknown: false
03-04 16:57:29.575   931  1629 I chatty  : uid=1000(system) Binder:931_5 expire 22 lines
03-04 16:57:29.583  1472  2198 D PowerUI : can't show warning due to - plugged: true status unknown: false
03-04 16:57:44.428  1472  2198 D PowerUI : can't show warning due to - plugged: true status unknown: false
03-04 16:58:42.096   931  1025 I chatty  : uid=1000(system) ActivityManager expire 10 lines
03-04 16:58:42.250  1472  2198 D PowerUI : can't show warning due to - plugged: true status unknown: false
03-04 16:58:42.797  1472  2198 D PowerUI : can't show warning due to - plugged: true status unknown: false
03-04 16:58:44.380  1472  2198 D PowerUI : can't show warning due to - plugged: true status unknown: false
03-04 16:58:49.270  1472  2198 I chatty  : uid=10021(com.android.systemui) pool-6-thread-1 identical 11 lines
03-04 16:58:50.000  1472  2198 D PowerUI : can't show warning due to - plugged: true status unknown: false
03-04 16:58:51.948  1472  2198 D PowerUI : can't show warning due to - plugged: true status unknown: false
03-04 16:59:04.040  1472  2198 D PowerUI : can't show warning due to - plugged: true status unknown: false
03-04 16:59:06.013   931  1629 I chatty  : uid=1000(system) Binder:931_5 expire 13 lines
03-04 16:59:06.038  1472  2198 D PowerUI : can't show warning due to - plugged: true status unknown: false
03-04 16:59:27.754  1472  2198 D PowerUI : can't show warning due to - plugged: true status unknown: false
03-04 16:59:29.719  1472  2198 D PowerUI : can't show warning due to - plugged: true status unknown: false
03-04 16:59:44.414  1472  2198 D PowerUI : can't show warning due to - plugged: true status unknown: false
03-04 17:00:42.510  1472  2198 D PowerUI : can't show warning due to - plugged: true status unknown: false
03-04 17:00:42.598   931  1633 I chatty  : uid=1000(system) Binder:931_7 expire 10 lines
03-04 17:00:44.400  1472  2198 D PowerUI : can't show warning due to - plugged: true status unknown: false
03-04 17:00:44.619   931  1389 I chatty  : uid=1000(system) ConnectivitySer expire 10 lines
03-04 17:01:14.370  1472  2198 D PowerUI : can't show warning due to - plugged: true status unknown: false
03-04 17:01:18.573  1472  2198 D PowerUI : can't show warning due to - plugged: true status unknown: false
03-04 17:01:19.138   931  8960 I chatty  : uid=1000(system) Binder:931_20 expire 15 lines
03-04 17:01:44.428  1472  2198 D PowerUI : can't show warning due to - plugged: true status unknown: false
03-04 17:02:02.734  1472  2198 D PowerUI : can't show warning due to - plugged: true status unknown: false
03-04 17:02:04.667  1472  2198 D PowerUI : can't show warning due to - plugged: true status unknown: false
03-04 17:02:27.800  1472  2198 D PowerUI : can't show warning due to - plugged: true status unknown: false
03-04 17:02:29.625   931  3326 I chatty  : uid=1000(system) Binder:931_16 expire 13 lines
03-04 17:02:29.661  1472  2198 D PowerUI : can't show warning due to - plugged: true status unknown: false
03-04 17:02:44.415  1472  2198 D PowerUI : can't show warning due to - plugged: true status unknown: false
03-04 17:03:28.014  1472  2198 D PowerUI : can't show warning due to - plugged: true status unknown: false
03-04 17:03:29.743  1472  2198 D PowerUI : can't show warning due to - plugged: true status unknown: false
03-04 17:03:44.404  1472  2198 D PowerUI : can't show warning due to - plugged: true status unknown: false
03-04 17:04:27.772   931  3325 I chatty  : uid=1000(system) Binder:931_15 expire 19 lines
03-04 17:04:27.789  1472  2198 D PowerUI : can't show warning due to - plugged: true status unknown: false
03-04 17:04:29.634   931  1389 I chatty  : uid=1000(system) ConnectivitySer expire 10 lines
03-04 17:04:29.647   931  5753 I chatty  : uid=1000(system) Binder:931_1A expire 18 lines
03-04 17:04:29.687   931   931 I chatty  : uid=1000 system_server expire 10 lines
03-04 17:04:44.404  1472  2198 D PowerUI : can't show warning due to - plugged: true status unknown: false
03-04 17:05:29.662  1472  2198 D PowerUI : can't show warning due to - plugged: true status unknown: false
03-04 17:05:44.434  1472  2198 D PowerUI : can't show warning due to - plugged: true status unknown: false
03-04 17:06:27.760  1472  2198 D PowerUI : can't show warning due to - plugged: true status unknown: false
03-04 17:06:29.662  1472  2198 D PowerUI : can't show warning due to - plugged: true status unknown: false
03-04 17:06:44.404  1472  2198 D PowerUI : can't show warning due to - plugged: true status unknown: false
03-04 17:07:30.966  1472  2198 D PowerUI : can't show warning due to - plugged: true status unknown: false
03-04 17:07:33.035  1472  2198 D PowerUI : can't show warning due to - plugged: true status unknown: false
03-04 17:07:44.401  1472  2198 D PowerUI : can't show warning due to - plugged: true status unknown: false
03-04 17:08:27.762  1472  2198 D PowerUI : can't show warning due to - plugged: true status unknown: false
03-04 17:08:29.730  1472  2198 D PowerUI : can't show warning due to - plugged: true status unknown: false
03-04 17:08:44.405  1472  2198 D PowerUI : can't show warning due to - plugged: true status unknown: false
03-04 17:09:44.418  1472  2198 D PowerUI : can't show warning due to - plugged: true status unknown: false
03-04 17:09:55.068  1472  2198 D PowerUI : can't show warning due to - plugged: true status unknown: false
03-04 17:09:55.271   931  1257 I chatty  : uid=1000(system) Binder:931_3 expire 18 lines
03-04 17:09:55.280   931  1022 I chatty  : uid=1000(system) ActivityManager expire 13 lines
03-04 17:09:56.998  1472  2198 D PowerUI : can't show warning due to - plugged: true status unknown: false
03-04 17:09:57.198   931  1389 I chatty  : uid=1000(system) ConnectivitySer expire 28 lines
03-04 17:10:00.419   821   821 I wificond: Pno scan started for frequencies: 2412, 2417, 2422, 2427, 2432, 2437, 2447, 2452, 2457, 2462, 5180, 5200, 5220, 5240, 5745, 5765, 5785, 5805, 
03-04 17:10:00.532  1472  2198 D PowerUI : can't show warning due to - plugged: true status unknown: false
03-04 17:10:00.560   931  2947 I chatty  : uid=1000(system) Binder:931_D expire 10 lines
03-04 17:10:01.017   821   821 I wificond: Pno scan result ready event
03-04 17:10:01.058   821   821 W wificond: Scan is not started. Ignore abort request
03-04 17:10:01.340   821   821 I wificond: Pno scan stopped
03-04 17:10:11.106  1472  2198 D PowerUI : can't show warning due to - plugged: true status unknown: false
03-04 17:10:27.834  1472  2198 D PowerUI : can't show warning due to - plugged: true status unknown: false
03-04 17:10:29.853  1472  2198 D PowerUI : can't show warning due to - plugged: true status unknown: false
03-04 17:10:30.047   931  1389 I chatty  : uid=1000(system) ConnectivitySer expire 10 lines
03-04 17:10:44.393  1472  2198 D PowerUI : can't show warning due to - plugged: true status unknown: false
03-04 17:11:44.404  1472  2198 D PowerUI : can't show warning due to - plugged: true status unknown: false
03-04 17:12:00.819  1472  2198 D PowerUI : can't show warning due to - plugged: true status unknown: false
03-04 17:12:00.862   931  3314 I chatty  : uid=1000(system) Binder:931_11 expire 12 lines
03-04 17:12:02.912  1472  2198 D PowerUI : can't show warning due to - plugged: true status unknown: false
03-04 17:12:32.174   931  2862 I chatty  : uid=1000(system) backup-0 expire 3 lines
03-04 17:12:32.203   931 22164 I chatty  : uid=1000 system_server expire 15 lines
03-04 17:12:32.284  1472  2198 D PowerUI : can't show warning due to - plugged: true status unknown: false
03-04 17:12:32.972  1472  2198 D PowerUI : can't show warning due to - plugged: true status unknown: false
03-04 17:12:34.156  1472  2198 D PowerUI : can't show warning due to - plugged: true status unknown: false
03-04 17:12:34.267   931  2999 I chatty  : uid=1000(system) Binder:931_F expire 14 lines
03-04 17:12:34.388  1472  2198 D PowerUI : can't show warning due to - plugged: true status unknown: false
03-04 17:12:44.446  1472  2198 D PowerUI : can't show warning due to - plugged: true status unknown: false
03-04 17:12:59.947   931  1004 I chatty  : uid=1000(system) android.io expire 2 lines
03-04 17:13:02.511  1472  2198 D PowerUI : can't show warning due to - plugged: true status unknown: false
03-04 17:13:27.859  1472  2198 D PowerUI : can't show warning due to - plugged: true status unknown: false
03-04 17:13:29.773  1472  2198 D PowerUI : can't show warning due to - plugged: true status unknown: false
03-04 17:13:29.953   931  1389 I chatty  : uid=1000(system) ConnectivitySer expire 14 lines
03-04 17:13:44.403  1472  2198 D PowerUI : can't show warning due to - plugged: true status unknown: false
03-04 17:14:27.798  1472  2198 D PowerUI : can't show warning due to - plugged: true status unknown: false
03-04 17:14:29.730  1472  2198 D PowerUI : can't show warning due to - plugged: true status unknown: false
03-04 17:14:44.448  1472  2198 D PowerUI : can't show warning due to - plugged: true status unknown: false
03-04 17:14:44.745   931  2871 I chatty  : uid=1000(system) Binder:931_A expire 23 lines
03-04 17:15:44.441  1472  2198 D PowerUI : can't show warning due to - plugged: true status unknown: false
03-04 17:15:57.662  1472  2198 D PowerUI : can't show warning due to - plugged: true status unknown: false
03-04 17:15:59.837  1472  2198 D PowerUI : can't show warning due to - plugged: true status unknown: false
03-04 17:16:02.076   931  3315 I chatty  : uid=1000(system) Binder:931_12 expire 13 lines
03-04 17:16:02.077   931  1389 I chatty  : uid=1000(system) ConnectivitySer expire 13 lines
03-04 17:16:03.075  1472  2198 D PowerUI : can't show warning due to - plugged: true status unknown: false
03-04 17:16:04.417  1472  2198 D PowerUI : can't show warning due to - plugged: true status unknown: false
03-04 17:16:05.997   931   967 I chatty  : uid=1000(system) Binder:931_2 expire 24 lines
03-04 17:16:10.157  1472  2198 D PowerUI : can't show warning due to - plugged: true status unknown: false
03-04 17:16:10.165  1472  2198 D PowerUI : can't show warning due to - plugged: true status unknown: false
03-04 17:16:13.767   931  3326 I chatty  : uid=1000(system) Binder:931_16 expire 17 lines
03-04 17:16:13.852  1472  2198 D PowerUI : can't show warning due to - plugged: true status unknown: false
03-04 17:16:15.134  1472  2198 D PowerUI : can't show warning due to - plugged: true status unknown: false
03-04 17:16:20.595  1472  2198 D PowerUI : can't show warning due to - plugged: true status unknown: false
03-04 17:16:25.832   931  1389 I chatty  : uid=1000(system) ConnectivitySer expire 20 lines
03-04 17:16:29.388  1472  2198 D PowerUI : can't show warning due to - plugged: true status unknown: false
03-04 17:16:29.398   931  1025 I chatty  : uid=1000(system) ActivityManager expire 10 lines
03-04 17:16:29.935   931  3329 I chatty  : uid=1000(system) Binder:931_17 expire 12 lines
03-04 17:16:31.580  1472  2198 D PowerUI : can't show warning due to - plugged: true status unknown: false
03-04 17:16:32.520  1472  2198 D PowerUI : can't show warning due to - plugged: true status unknown: false
03-04 17:16:42.726   931  5865 I chatty  : uid=1000(system) Binder:931_1B expire 20 lines
03-04 17:16:44.421  1472  2198 D PowerUI : can't show warning due to - plugged: true status unknown: false
03-04 17:16:53.419   931  1366 I chatty  : uid=1000(system) Binder:931_4 expire 17 lines
03-04 17:16:53.502  1472  2198 D PowerUI : can't show warning due to - plugged: true status unknown: false
03-04 17:16:55.491   931   931 I chatty  : uid=1000 system_server expire 10 lines
03-04 17:17:44.404  1472  2198 D PowerUI : can't show warning due to - plugged: true status unknown: false
03-04 17:17:52.808   931  5682 I chatty  : uid=1000(system) Binder:931_19 expire 25 lines
03-04 17:17:54.120   931  3317 I chatty  : uid=1000(system) Binder:931_13 expire 15 lines
03-04 17:17:54.257  1472  2198 D PowerUI : can't show warning due to - plugged: true status unknown: false
03-04 17:17:56.589  1472  2198 D PowerUI : can't show warning due to - plugged: true status unknown: false
03-04 17:18:27.609   931  1389 I chatty  : uid=1000(system) ConnectivitySer expire 10 lines
03-04 17:18:27.672   931  1630 I chatty  : uid=1000(system) Binder:931_6 expire 11 lines
03-04 17:18:27.801  1472  2198 D PowerUI : can't show warning due to - plugged: true status unknown: false
03-04 17:18:29.718  1472  2198 D PowerUI : can't show warning due to - plugged: true status unknown: false
03-04 17:18:44.425  1472  2198 D PowerUI : can't show warning due to - plugged: true status unknown: false
03-04 17:19:27.794  1472  2198 D PowerUI : can't show warning due to - plugged: true status unknown: false
03-04 17:19:28.871  1472  2198 D PowerUI : can't show warning due to - plugged: true status unknown: false
03-04 17:19:29.696  1472  2198 D PowerUI : can't show warning due to - plugged: true status unknown: false
03-04 17:19:36.451  1472  2198 D PowerUI : can't show warning due to - plugged: true status unknown: false
03-04 17:19:44.434  1472  2198 D PowerUI : can't show warning due to - plugged: true status unknown: false
03-04 17:20:27.763  1472  2198 D PowerUI : can't show warning due to - plugged: true status unknown: false
03-04 17:20:29.789  1472  2198 D PowerUI : can't show warning due to - plugged: true status unknown: false
03-04 17:20:44.408  1472  2198 D PowerUI : can't show warning due to - plugged: true status unknown: false
03-04 17:21:27.661   931  1389 I chatty  : uid=1000(system) ConnectivitySer expire 10 lines
03-04 17:21:27.811  1472  2198 D PowerUI : can't show warning due to - plugged: true status unknown: false
03-04 17:21:29.749   931   931 I chatty  : uid=1000 system_server expire 16 lines
03-04 17:21:44.407  1472  2198 D PowerUI : can't show warning due to - plugged: true status unknown: false
03-04 17:22:04.542  1472  2198 D PowerUI : can't show warning due to - plugged: true status unknown: false
03-04 17:22:27.617   931  3329 I chatty  : uid=1000(system) Binder:931_17 expire 11 lines
03-04 17:22:27.766  1472  2198 D PowerUI : can't show warning due to - plugged: true status unknown: false
03-04 17:22:44.431  1472  2198 D PowerUI : can't show warning due to - plugged: true status unknown: false
03-04 17:23:27.793  1472  2198 D PowerUI : can't show warning due to - plugged: true status unknown: false
03-04 17:23:29.761  1472  2198 D PowerUI : can't show warning due to - plugged: true status unknown: false
03-04 17:23:44.405  1472  2198 D PowerUI : can't show warning due to - plugged: true status unknown: false
03-04 17:24:22.849  1472  2198 D PowerUI : can't show warning due to - plugged: true status unknown: false
03-04 17:24:30.297  1472  2198 D PowerUI : can't show warning due to - plugged: true status unknown: false
03-04 17:24:31.255  1472  2198 D PowerUI : can't show warning due to - plugged: true status unknown: false
03-04 17:24:31.392   931  1366 I chatty  : uid=1000(system) Binder:931_4 expire 13 lines
03-04 17:24:31.466   931  5114 I chatty  : uid=1000(system) Binder:931_18 expire 9 lines
03-04 17:24:31.523   931  3329 I chatty  : uid=1000(system) Binder:931_17 expire 11 lines
03-04 17:24:32.290   931  1025 I chatty  : uid=1000(system) ActivityManager expire 11 lines
03-04 17:24:32.510 24153 24153 D ActivityThread: Loading provider contacts;com.android.contacts: com.android.providers.contacts.ContactsProvider2
03-04 17:24:44.488  1472  2198 D PowerUI : can't show warning due to - plugged: true status unknown: false
03-04 17:24:52.084   931  1366 I chatty  : uid=1000(system) Binder:931_4 expire 18 lines
03-04 17:25:00.793  1472  2198 D PowerUI : can't show warning due to - plugged: true status unknown: false
03-04 17:25:00.825   931  5911 I chatty  : uid=1000(system) Binder:931_1C expire 14 lines
03-04 17:25:02.689  1472  2198 D PowerUI : can't show warning due to - plugged: true status unknown: false
03-04 17:25:27.700   931  1018 I chatty  : uid=1000(system) android.bg expire 11 lines
03-04 17:25:44.410  1472  2198 D PowerUI : can't show warning due to - plugged: true status unknown: false
03-04 17:25:44.668   931  1389 I chatty  : uid=1000(system) ConnectivitySer expire 15 lines
03-04 17:26:04.414  1472  2198 D PowerUI : can't show warning due to - plugged: true status unknown: false
03-04 17:26:04.431   931  3323 I chatty  : uid=1000(system) Binder:931_14 expire 23 lines
03-04 17:26:06.302  1472  2198 D PowerUI : can't show warning due to - plugged: true status unknown: false
03-04 17:26:27.779  1472  2198 D PowerUI : can't show warning due to - plugged: true status unknown: false
03-04 17:26:29.721   931  2884 I chatty  : uid=1000(system) Binder:931_B expire 10 lines
03-04 17:26:29.748  1472  2198 D PowerUI : can't show warning due to - plugged: true status unknown: false
03-04 17:26:44.403  1472  2198 D PowerUI : can't show warning due to - plugged: true status unknown: false
03-04 17:27:27.794  1472  2198 D PowerUI : can't show warning due to - plugged: true status unknown: false
03-04 17:27:29.642  1472  2198 D PowerUI : can't show warning due to - plugged: true status unknown: false
03-04 17:27:29.718  1472  2198 D PowerUI : can't show warning due to - plugged: true status unknown: false
03-04 17:27:44.401  1472  2198 D PowerUI : can't show warning due to - plugged: true status unknown: false
03-04 17:28:44.400  1472  2198 D PowerUI : can't show warning due to - plugged: true status unknown: false
03-04 17:28:46.313  1472  2198 D PowerUI : can't show warning due to - plugged: true status unknown: false
03-04 17:28:48.197  1472  2198 D PowerUI : can't show warning due to - plugged: true status unknown: false
03-04 17:28:50.348  1472  2198 D PowerUI : can't show warning due to - plugged: true status unknown: false
03-04 17:28:58.216  1472  2198 D PowerUI : can't show warning due to - plugged: true status unknown: false
03-04 17:28:58.383  1472  2198 D PowerUI : can't show warning due to - plugged: true status unknown: false
03-04 17:29:30.671  1472  2198 D PowerUI : can't show warning due to - plugged: true status unknown: false
03-04 17:29:32.652  1472  2198 D PowerUI : can't show warning due to - plugged: true status unknown: false
03-04 17:29:44.402  1472  2198 D PowerUI : can't show warning due to - plugged: true status unknown: false
03-04 17:30:44.432  1472  2198 D PowerUI : can't show warning due to - plugged: true status unknown: false
03-04 17:31:03.602  1472  2198 D PowerUI : can't show warning due to - plugged: true status unknown: false
03-04 17:31:05.544   931   931 I chatty  : uid=1000 system_server expire 12 lines
03-04 17:31:05.553  1472  2198 D PowerUI : can't show warning due to - plugged: true status unknown: false
03-04 17:31:27.605   931  1389 I chatty  : uid=1000(system) ConnectivitySer expire 10 lines
03-04 17:31:27.782  1472  2198 D PowerUI : can't show warning due to - plugged: true status unknown: false
03-04 17:31:29.428  1472  2198 D PowerUI : can't show warning due to - plugged: true status unknown: false
03-04 17:31:44.402  1472  2198 D PowerUI : can't show warning due to - plugged: true status unknown: false
03-04 17:32:27.740  1472  2198 D PowerUI : can't show warning due to - plugged: true status unknown: false
03-04 17:32:29.682  1472  2198 D PowerUI : can't show warning due to - plugged: true status unknown: false
03-04 17:32:44.451  1472  2198 D PowerUI : can't show warning due to - plugged: true status unknown: false
03-04 17:32:53.637   931  5911 I chatty  : uid=1000(system) Binder:931_1C expire 19 lines
03-04 17:32:53.978  1472  2198 D PowerUI : can't show warning due to - plugged: true status unknown: false
03-04 17:33:44.404  1472  2198 D PowerUI : can't show warning due to - plugged: true status unknown: false
03-04 17:33:58.830  1472  2198 D PowerUI : can't show warning due to - plugged: true status unknown: false
03-04 17:34:01.628  1472  2198 D PowerUI : can't show warning due to - plugged: true status unknown: false
03-04 17:34:01.683   931  5911 I chatty  : uid=1000(system) Binder:931_1C expire 11 lines
03-04 17:34:03.506  1472  2198 D PowerUI : can't show warning due to - plugged: true status unknown: false
03-04 17:34:04.196  1472  2198 D PowerUI : can't show warning due to - plugged: true status unknown: false
03-04 17:34:32.838   931  3314 I chatty  : uid=1000(system) Binder:931_11 expire 10 lines
03-04 17:34:32.929  1472  2198 D PowerUI : can't show warning due to - plugged: true status unknown: false
03-04 17:34:32.944   931  5682 I chatty  : uid=1000(system) Binder:931_19 expire 13 lines
03-04 17:34:34.855  1472  2198 D PowerUI : can't show warning due to - plugged: true status unknown: false
03-04 17:34:44.484  1472  2198 D PowerUI : can't show warning due to - plugged: true status unknown: false
03-04 17:35:01.377  1472  2198 D PowerUI : can't show warning due to - plugged: true status unknown: false
03-04 17:35:35.440  1472  2198 D PowerUI : can't show warning due to - plugged: true status unknown: false
03-04 17:35:37.322  1472  2198 D PowerUI : can't show warning due to - plugged: true status unknown: false
03-04 17:35:44.427  1472  2198 D PowerUI : can't show warning due to - plugged: true status unknown: false
03-04 17:35:44.713   931  1389 I chatty  : uid=1000(system) ConnectivitySer expire 19 lines
03-04 17:36:26.380  1472  2198 D PowerUI : can't show warning due to - plugged: true status unknown: false
03-04 17:36:44.400  1472  2198 D PowerUI : can't show warning due to - plugged: true status unknown: false
03-04 17:36:50.097  1472  2198 D PowerUI : can't show warning due to - plugged: true status unknown: false
03-04 17:36:52.058  1472  2198 D PowerUI : can't show warning due to - plugged: true status unknown: false
03-04 17:37:38.483  1472  2198 D PowerUI : can't show warning due to - plugged: true status unknown: false
03-04 17:37:38.523   931  5939 I chatty  : uid=1000(system) Binder:931_1D expire 15 lines
03-04 17:37:40.403  1472  2198 D PowerUI : can't show warning due to - plugged: true status unknown: false
03-04 17:37:44.404  1472  2198 D PowerUI : can't show warning due to - plugged: true status unknown: false
03-04 17:38:27.757  1472  2198 D PowerUI : can't show warning due to - plugged: true status unknown: false
03-04 17:38:29.707   931   931 I chatty  : uid=1000 system_server expire 12 lines
03-04 17:38:29.725  1472  2198 D PowerUI : can't show warning due to - plugged: true status unknown: false
03-04 17:38:44.405  1472  2198 D PowerUI : can't show warning due to - plugged: true status unknown: false
03-04 17:39:27.575   931  3313 I chatty  : uid=1000(system) Binder:931_10 expire 13 lines
03-04 17:39:27.605  1472  2198 D PowerUI : can't show warning due to - plugged: true status unknown: false
03-04 17:39:28.810   931  3315 I chatty  : uid=1000(system) Binder:931_12 expire 12 lines
03-04 17:39:28.835   931   966 I chatty  : uid=1000(system) Binder:931_1 expire 12 lines
03-04 17:39:44.411  1472  2198 D PowerUI : can't show warning due to - plugged: true status unknown: false
03-04 17:40:40.859   931  3325 I chatty  : uid=1000(system) Binder:931_15 expire 12 lines
03-04 17:40:40.940  1472  2198 D PowerUI : can't show warning due to - plugged: true status unknown: false
